Java HotSpot(TM) 64-Bit Server VM (25.151-b12) for linux-amd64 JRE (1.8.0_151-b12), built on Sep  5 2017 19:20:58 by "java_re" with gcc 4.3.0 20080428 (Red Hat 4.3.0-8)
Memory: 4k page, physical 8124324k(6301516k free), swap 7812092k(7812092k free)
CommandLine flags: -XX:CMSInitiatingOccupancyFraction=50 -XX:CMSMaxAbortablePrecleanTime=6000 -XX:+CMSParallelRemarkEnabled -XX:+CMSScavengeBeforeRemark -XX:ConcGCThreads=4 -XX:InitialHeapSize=536870912 -XX:MaxHeapSize=536870912 -XX:MaxTenuringThreshold=8 -XX:NewRatio=3 -XX:OldPLABSize=16 -XX:OnOutOfMemoryError=/home/gonzalo/Documentos/MUEI/RIWS/entrega/solr-5.5.5/bin/oom_solr.sh 8983 /home/gonzalo/Documentos/MUEI/RIWS/entrega/solr-5.5.5/server/logs -XX:ParallelGCThreads=4 -XX:+ParallelRefProcEnabled -XX:PretenureSizeThreshold=67108864 -XX:+PrintGC -XX:+PrintGCApplicationStoppedTime -XX:+PrintGCDateStamps -XX:+PrintGCDetails -XX:+PrintGCTimeStamps -XX:+PrintHeapAtGC -XX:+PrintTenuringDistribution -XX:SurvivorRatio=4 -XX:TargetSurvivorRatio=90 -XX:ThreadStackSize=256 -XX:+UseCMSInitiatingOccupancyOnly -XX:+UseCompressedClassPointers -XX:+UseCompressedOops -XX:+UseConcMarkSweepGC -XX:+UseParNewGC 
2017-12-13T23:17:23.226+0100: 1,028: Total time for which application threads were stopped: 0,0000776 seconds, Stopping threads took: 0,0000211 seconds
2017-12-13T23:17:24.226+0100: 2,028: Total time for which application threads were stopped: 0,0001538 seconds, Stopping threads took: 0,0000315 seconds
2017-12-13T23:17:24.521+0100: 2,323: Total time for which application threads were stopped: 0,0001945 seconds, Stopping threads took: 0,0000426 seconds
2017-12-13T23:17:25.177+0100: 2,979: Total time for which application threads were stopped: 0,0002245 seconds, Stopping threads took: 0,0000282 seconds
2017-12-13T23:17:25.629+0100: 3,431: Total time for which application threads were stopped: 0,0003002 seconds, Stopping threads took: 0,0000358 seconds
2017-12-13T23:17:25.755+0100: 3,557: Total time for which application threads were stopped: 0,0003382 seconds, Stopping threads took: 0,0000299 seconds
2017-12-13T23:17:25.783+0100: 3,585: Total time for which application threads were stopped: 0,0001398 seconds, Stopping threads took: 0,0000228 seconds
2017-12-13T23:17:25.831+0100: 3,633: Total time for which application threads were stopped: 0,0001397 seconds, Stopping threads took: 0,0000172 seconds
2017-12-13T23:17:26.267+0100: 4,069: Total time for which application threads were stopped: 0,0001900 seconds, Stopping threads took: 0,0000277 seconds
{Heap before GC invocations=0 (full 0):
 par new generation   total 109248K, used 87424K [0x00000000e0000000, 0x00000000e8000000, 0x00000000e8000000)
  eden space 87424K, 100% used [0x00000000e0000000, 0x00000000e5560000, 0x00000000e5560000)
  from space 21824K,   0% used [0x00000000e5560000, 0x00000000e5560000, 0x00000000e6ab0000)
  to   space 21824K,   0% used [0x00000000e6ab0000, 0x00000000e6ab0000, 0x00000000e8000000)
 concurrent mark-sweep generation total 393216K, used 0K [0x00000000e8000000, 0x0000000100000000, 0x0000000100000000)
 Metaspace       used 10139K, capacity 10346K, committed 10496K, reserved 1058816K
  class space    used 1159K, capacity 1214K, committed 1280K, reserved 1048576K
2017-12-13T23:17:26.846+0100: 4,648: [GC (Allocation Failure) 2017-12-13T23:17:26.881+0100: 4,683: [ParNew
Desired survivor size 20112992 bytes, new threshold 8 (max 8)
- age   1:    5501864 bytes,    5501864 total
: 87424K->5440K(109248K), 0,0120992 secs] 87424K->5440K(502464K), 0,0472046 secs] [Times: user=0,04 sys=0,02, real=0,05 secs] 
Heap after GC invocations=1 (full 0):
 par new generation   total 109248K, used 5440K [0x00000000e0000000, 0x00000000e8000000, 0x00000000e8000000)
  eden space 87424K,   0% used [0x00000000e0000000, 0x00000000e0000000, 0x00000000e5560000)
  from space 21824K,  24% used [0x00000000e6ab0000, 0x00000000e7000290, 0x00000000e8000000)
  to   space 21824K,   0% used [0x00000000e5560000, 0x00000000e5560000, 0x00000000e6ab0000)
 concurrent mark-sweep generation total 393216K, used 0K [0x00000000e8000000, 0x0000000100000000, 0x0000000100000000)
 Metaspace       used 10139K, capacity 10346K, committed 10496K, reserved 1058816K
  class space    used 1159K, capacity 1214K, committed 1280K, reserved 1048576K
}
2017-12-13T23:17:26.894+0100: 4,696: Total time for which application threads were stopped: 0,0475881 seconds, Stopping threads took: 0,0000709 seconds
2017-12-13T23:17:26.895+0100: 4,697: Total time for which application threads were stopped: 0,0001001 seconds, Stopping threads took: 0,0000214 seconds
2017-12-13T23:17:26.899+0100: 4,701: Total time for which application threads were stopped: 0,0000951 seconds, Stopping threads took: 0,0000212 seconds
2017-12-13T23:17:26.899+0100: 4,701: Total time for which application threads were stopped: 0,0000525 seconds, Stopping threads took: 0,0000094 seconds
2017-12-13T23:17:26.899+0100: 4,701: Total time for which application threads were stopped: 0,0000548 seconds, Stopping threads took: 0,0000087 seconds
2017-12-13T23:17:26.899+0100: 4,701: Total time for which application threads were stopped: 0,0000503 seconds, Stopping threads took: 0,0000084 seconds
2017-12-13T23:17:26.899+0100: 4,701: Total time for which application threads were stopped: 0,0000511 seconds, Stopping threads took: 0,0000084 seconds
2017-12-13T23:17:26.900+0100: 4,701: Total time for which application threads were stopped: 0,0000486 seconds, Stopping threads took: 0,0000083 seconds
2017-12-13T23:17:26.900+0100: 4,702: Total time for which application threads were stopped: 0,0000492 seconds, Stopping threads took: 0,0000083 seconds
2017-12-13T23:17:26.900+0100: 4,702: Total time for which application threads were stopped: 0,0000503 seconds, Stopping threads took: 0,0000082 seconds
2017-12-13T23:17:26.900+0100: 4,702: Total time for which application threads were stopped: 0,0000634 seconds, Stopping threads took: 0,0000208 seconds
2017-12-13T23:17:26.900+0100: 4,702: Total time for which application threads were stopped: 0,0000614 seconds, Stopping threads took: 0,0000195 seconds
2017-12-13T23:17:26.900+0100: 4,702: Total time for which application threads were stopped: 0,0000486 seconds, Stopping threads took: 0,0000084 seconds
2017-12-13T23:17:26.900+0100: 4,702: Total time for which application threads were stopped: 0,0000483 seconds, Stopping threads took: 0,0000082 seconds
2017-12-13T23:17:26.900+0100: 4,702: Total time for which application threads were stopped: 0,0000484 seconds, Stopping threads took: 0,0000079 seconds
2017-12-13T23:17:26.900+0100: 4,702: Total time for which application threads were stopped: 0,0000487 seconds, Stopping threads took: 0,0000078 seconds
2017-12-13T23:17:26.900+0100: 4,702: Total time for which application threads were stopped: 0,0000479 seconds, Stopping threads took: 0,0000080 seconds
2017-12-13T23:17:26.900+0100: 4,702: Total time for which application threads were stopped: 0,0000467 seconds, Stopping threads took: 0,0000076 seconds
2017-12-13T23:17:26.900+0100: 4,702: Total time for which application threads were stopped: 0,0000475 seconds, Stopping threads took: 0,0000079 seconds
2017-12-13T23:17:26.900+0100: 4,702: Total time for which application threads were stopped: 0,0000476 seconds, Stopping threads took: 0,0000080 seconds
2017-12-13T23:17:26.901+0100: 4,703: Total time for which application threads were stopped: 0,0000963 seconds, Stopping threads took: 0,0000085 seconds
2017-12-13T23:17:27.551+0100: 5,353: Total time for which application threads were stopped: 0,0001697 seconds, Stopping threads took: 0,0000222 seconds
2017-12-13T23:17:28.551+0100: 6,353: Total time for which application threads were stopped: 0,0001760 seconds, Stopping threads took: 0,0000547 seconds
2017-12-13T23:17:28.639+0100: 6,441: Total time for which application threads were stopped: 0,0003618 seconds, Stopping threads took: 0,0000478 seconds
2017-12-13T23:17:29.640+0100: 7,442: Total time for which application threads were stopped: 0,0002034 seconds, Stopping threads took: 0,0000496 seconds
2017-12-13T23:17:30.640+0100: 8,442: Total time for which application threads were stopped: 0,0001677 seconds, Stopping threads took: 0,0000475 seconds
2017-12-13T23:17:31.640+0100: 9,442: Total time for which application threads were stopped: 0,0002126 seconds, Stopping threads took: 0,0000489 seconds
2017-12-13T23:17:33.641+0100: 11,443: Total time for which application threads were stopped: 0,0006074 seconds, Stopping threads took: 0,0004762 seconds
2017-12-13T23:17:34.032+0100: 11,834: Total time for which application threads were stopped: 0,0005096 seconds, Stopping threads took: 0,0000462 seconds
2017-12-13T23:17:34.055+0100: 11,857: Total time for which application threads were stopped: 0,0005127 seconds, Stopping threads took: 0,0000358 seconds
2017-12-13T23:17:34.175+0100: 11,977: Total time for which application threads were stopped: 0,0003601 seconds, Stopping threads took: 0,0000363 seconds
2017-12-13T23:17:35.175+0100: 12,977: Total time for which application threads were stopped: 0,0001842 seconds, Stopping threads took: 0,0000444 seconds
2017-12-13T23:17:35.342+0100: 13,144: Total time for which application threads were stopped: 0,0003125 seconds, Stopping threads took: 0,0000489 seconds
2017-12-13T23:17:35.486+0100: 13,288: Total time for which application threads were stopped: 0,0002358 seconds, Stopping threads took: 0,0000253 seconds
2017-12-13T23:17:36.486+0100: 14,288: Total time for which application threads were stopped: 0,0002583 seconds, Stopping threads took: 0,0001331 seconds
2017-12-13T23:17:37.487+0100: 15,289: Total time for which application threads were stopped: 0,0002798 seconds, Stopping threads took: 0,0000551 seconds
2017-12-13T23:17:38.487+0100: 16,289: Total time for which application threads were stopped: 0,0000871 seconds, Stopping threads took: 0,0000274 seconds
2017-12-13T23:17:38.869+0100: 16,671: Total time for which application threads were stopped: 0,0000992 seconds, Stopping threads took: 0,0000225 seconds
2017-12-13T23:17:38.869+0100: 16,671: Total time for which application threads were stopped: 0,0000423 seconds, Stopping threads took: 0,0000091 seconds
2017-12-13T23:17:38.869+0100: 16,671: Total time for which application threads were stopped: 0,0000350 seconds, Stopping threads took: 0,0000052 seconds
2017-12-13T23:17:38.869+0100: 16,671: Total time for which application threads were stopped: 0,0000364 seconds, Stopping threads took: 0,0000079 seconds
2017-12-13T23:17:38.869+0100: 16,671: Total time for which application threads were stopped: 0,0000361 seconds, Stopping threads took: 0,0000076 seconds
2017-12-13T23:17:38.869+0100: 16,671: Total time for which application threads were stopped: 0,0000357 seconds, Stopping threads took: 0,0000075 seconds
2017-12-13T23:17:38.869+0100: 16,671: Total time for which application threads were stopped: 0,0000357 seconds, Stopping threads took: 0,0000075 seconds
2017-12-13T23:17:38.869+0100: 16,671: Total time for which application threads were stopped: 0,0000346 seconds, Stopping threads took: 0,0000064 seconds
2017-12-13T23:17:38.870+0100: 16,672: Total time for which application threads were stopped: 0,0000344 seconds, Stopping threads took: 0,0000063 seconds
2017-12-13T23:17:38.870+0100: 16,672: Total time for which application threads were stopped: 0,0000337 seconds, Stopping threads took: 0,0000055 seconds
2017-12-13T23:17:38.870+0100: 16,672: Total time for which application threads were stopped: 0,0000336 seconds, Stopping threads took: 0,0000054 seconds
2017-12-13T23:17:38.870+0100: 16,672: Total time for which application threads were stopped: 0,0000335 seconds, Stopping threads took: 0,0000053 seconds
2017-12-13T23:17:38.870+0100: 16,672: Total time for which application threads were stopped: 0,0001506 seconds, Stopping threads took: 0,0000055 seconds
2017-12-13T23:17:38.870+0100: 16,672: Total time for which application threads were stopped: 0,0000349 seconds, Stopping threads took: 0,0000062 seconds
2017-12-13T23:17:38.870+0100: 16,672: Total time for which application threads were stopped: 0,0000342 seconds, Stopping threads took: 0,0000056 seconds
2017-12-13T23:17:38.870+0100: 16,672: Total time for which application threads were stopped: 0,0000362 seconds, Stopping threads took: 0,0000073 seconds
2017-12-13T23:17:38.870+0100: 16,672: Total time for which application threads were stopped: 0,0000340 seconds, Stopping threads took: 0,0000057 seconds
2017-12-13T23:17:38.870+0100: 16,672: Total time for which application threads were stopped: 0,0000336 seconds, Stopping threads took: 0,0000056 seconds
2017-12-13T23:17:38.870+0100: 16,672: Total time for which application threads were stopped: 0,0000338 seconds, Stopping threads took: 0,0000056 seconds
2017-12-13T23:17:38.870+0100: 16,672: Total time for which application threads were stopped: 0,0000337 seconds, Stopping threads took: 0,0000055 seconds
2017-12-13T23:17:38.870+0100: 16,672: Total time for which application threads were stopped: 0,0000801 seconds, Stopping threads took: 0,0000055 seconds
2017-12-13T23:17:38.870+0100: 16,672: Total time for which application threads were stopped: 0,0000398 seconds, Stopping threads took: 0,0000060 seconds
2017-12-13T23:17:38.870+0100: 16,672: Total time for which application threads were stopped: 0,0000352 seconds, Stopping threads took: 0,0000055 seconds
2017-12-13T23:17:38.871+0100: 16,672: Total time for which application threads were stopped: 0,0000347 seconds, Stopping threads took: 0,0000055 seconds
2017-12-13T23:17:38.871+0100: 16,673: Total time for which application threads were stopped: 0,0000355 seconds, Stopping threads took: 0,0000057 seconds
2017-12-13T23:17:38.872+0100: 16,674: Total time for which application threads were stopped: 0,0001899 seconds, Stopping threads took: 0,0000242 seconds
2017-12-13T23:17:38.906+0100: 16,708: Total time for which application threads were stopped: 0,0001462 seconds, Stopping threads took: 0,0000719 seconds
2017-12-13T23:17:38.906+0100: 16,708: Total time for which application threads were stopped: 0,0000937 seconds, Stopping threads took: 0,0000352 seconds
2017-12-13T23:17:38.906+0100: 16,708: Total time for which application threads were stopped: 0,0000747 seconds, Stopping threads took: 0,0000390 seconds
2017-12-13T23:17:38.907+0100: 16,709: Total time for which application threads were stopped: 0,0000703 seconds, Stopping threads took: 0,0000396 seconds
2017-12-13T23:17:38.907+0100: 16,709: Total time for which application threads were stopped: 0,0000451 seconds, Stopping threads took: 0,0000177 seconds
2017-12-13T23:17:38.907+0100: 16,709: Total time for which application threads were stopped: 0,0000537 seconds, Stopping threads took: 0,0000085 seconds
2017-12-13T23:17:38.907+0100: 16,709: Total time for which application threads were stopped: 0,0000450 seconds, Stopping threads took: 0,0000149 seconds
2017-12-13T23:17:38.907+0100: 16,709: Total time for which application threads were stopped: 0,0000605 seconds, Stopping threads took: 0,0000124 seconds
2017-12-13T23:17:38.907+0100: 16,709: Total time for which application threads were stopped: 0,0000535 seconds, Stopping threads took: 0,0000232 seconds
2017-12-13T23:17:38.907+0100: 16,709: Total time for which application threads were stopped: 0,0000452 seconds, Stopping threads took: 0,0000079 seconds
2017-12-13T23:17:38.907+0100: 16,709: Total time for which application threads were stopped: 0,0000412 seconds, Stopping threads took: 0,0000072 seconds
2017-12-13T23:17:38.907+0100: 16,709: Total time for which application threads were stopped: 0,0000516 seconds, Stopping threads took: 0,0000087 seconds
2017-12-13T23:17:38.907+0100: 16,709: Total time for which application threads were stopped: 0,0000453 seconds, Stopping threads took: 0,0000132 seconds
2017-12-13T23:17:38.907+0100: 16,709: Total time for which application threads were stopped: 0,0000337 seconds, Stopping threads took: 0,0000086 seconds
2017-12-13T23:17:38.907+0100: 16,709: Total time for which application threads were stopped: 0,0000503 seconds, Stopping threads took: 0,0000226 seconds
2017-12-13T23:17:38.908+0100: 16,710: Total time for which application threads were stopped: 0,0000481 seconds, Stopping threads took: 0,0000183 seconds
2017-12-13T23:17:38.908+0100: 16,710: Total time for which application threads were stopped: 0,0000367 seconds, Stopping threads took: 0,0000086 seconds
2017-12-13T23:17:38.908+0100: 16,710: Total time for which application threads were stopped: 0,0000493 seconds, Stopping threads took: 0,0000074 seconds
2017-12-13T23:17:38.908+0100: 16,710: Total time for which application threads were stopped: 0,0000612 seconds, Stopping threads took: 0,0000156 seconds
2017-12-13T23:17:38.908+0100: 16,710: Total time for which application threads were stopped: 0,0000353 seconds, Stopping threads took: 0,0000088 seconds
2017-12-13T23:17:38.908+0100: 16,710: Total time for which application threads were stopped: 0,0001075 seconds, Stopping threads took: 0,0000080 seconds
2017-12-13T23:17:38.908+0100: 16,710: Total time for which application threads were stopped: 0,0000788 seconds, Stopping threads took: 0,0000277 seconds
2017-12-13T23:17:39.110+0100: 16,912: Total time for which application threads were stopped: 0,0002841 seconds, Stopping threads took: 0,0000510 seconds
2017-12-13T23:17:39.197+0100: 16,999: Total time for which application threads were stopped: 0,0001691 seconds, Stopping threads took: 0,0000252 seconds
2017-12-13T23:17:39.197+0100: 16,999: Total time for which application threads were stopped: 0,0001600 seconds, Stopping threads took: 0,0000765 seconds
2017-12-13T23:17:39.198+0100: 17,000: Total time for which application threads were stopped: 0,0001067 seconds, Stopping threads took: 0,0000403 seconds
2017-12-13T23:17:39.198+0100: 17,000: Total time for which application threads were stopped: 0,0001214 seconds, Stopping threads took: 0,0000639 seconds
2017-12-13T23:17:39.273+0100: 17,075: Total time for which application threads were stopped: 0,0001219 seconds, Stopping threads took: 0,0000433 seconds
2017-12-13T23:17:39.273+0100: 17,075: Total time for which application threads were stopped: 0,0000598 seconds, Stopping threads took: 0,0000284 seconds
2017-12-13T23:17:39.274+0100: 17,076: Total time for which application threads were stopped: 0,0000643 seconds, Stopping threads took: 0,0000181 seconds
2017-12-13T23:17:39.274+0100: 17,076: Total time for which application threads were stopped: 0,0000377 seconds, Stopping threads took: 0,0000100 seconds
2017-12-13T23:17:39.274+0100: 17,076: Total time for which application threads were stopped: 0,0000358 seconds, Stopping threads took: 0,0000089 seconds
2017-12-13T23:17:39.293+0100: 17,095: Total time for which application threads were stopped: 0,0000776 seconds, Stopping threads took: 0,0000201 seconds
2017-12-13T23:17:39.297+0100: 17,099: Total time for which application threads were stopped: 0,0000732 seconds, Stopping threads took: 0,0000257 seconds
2017-12-13T23:17:39.297+0100: 17,099: Total time for which application threads were stopped: 0,0000339 seconds, Stopping threads took: 0,0000078 seconds
2017-12-13T23:17:39.297+0100: 17,099: Total time for which application threads were stopped: 0,0000402 seconds, Stopping threads took: 0,0000137 seconds
2017-12-13T23:17:39.297+0100: 17,099: Total time for which application threads were stopped: 0,0000401 seconds, Stopping threads took: 0,0000099 seconds
2017-12-13T23:17:39.297+0100: 17,099: Total time for which application threads were stopped: 0,0000390 seconds, Stopping threads took: 0,0000108 seconds
2017-12-13T23:17:39.298+0100: 17,099: Total time for which application threads were stopped: 0,0000321 seconds, Stopping threads took: 0,0000084 seconds
2017-12-13T23:17:39.298+0100: 17,100: Total time for which application threads were stopped: 0,0000449 seconds, Stopping threads took: 0,0000176 seconds
2017-12-13T23:17:39.321+0100: 17,123: Total time for which application threads were stopped: 0,0001139 seconds, Stopping threads took: 0,0000333 seconds
2017-12-13T23:17:39.793+0100: 17,595: Total time for which application threads were stopped: 0,0001468 seconds, Stopping threads took: 0,0000394 seconds
2017-12-13T23:17:39.793+0100: 17,595: Total time for which application threads were stopped: 0,0000668 seconds, Stopping threads took: 0,0000213 seconds
2017-12-13T23:17:39.793+0100: 17,595: Total time for which application threads were stopped: 0,0000546 seconds, Stopping threads took: 0,0000214 seconds
2017-12-13T23:17:39.879+0100: 17,681: Total time for which application threads were stopped: 0,0002815 seconds, Stopping threads took: 0,0001684 seconds
2017-12-13T23:17:39.882+0100: 17,684: Total time for which application threads were stopped: 0,0001849 seconds, Stopping threads took: 0,0000836 seconds
2017-12-13T23:17:39.882+0100: 17,684: Total time for which application threads were stopped: 0,0001361 seconds, Stopping threads took: 0,0000399 seconds
2017-12-13T23:17:40.422+0100: 18,224: Total time for which application threads were stopped: 0,0001719 seconds, Stopping threads took: 0,0000398 seconds
2017-12-13T23:17:40.422+0100: 18,224: Total time for which application threads were stopped: 0,0000953 seconds, Stopping threads took: 0,0000208 seconds
2017-12-13T23:17:40.422+0100: 18,224: Total time for which application threads were stopped: 0,0000921 seconds, Stopping threads took: 0,0000200 seconds
2017-12-13T23:17:40.434+0100: 18,236: Total time for which application threads were stopped: 0,0001369 seconds, Stopping threads took: 0,0000336 seconds
2017-12-13T23:17:40.440+0100: 18,242: Total time for which application threads were stopped: 0,0001455 seconds, Stopping threads took: 0,0000616 seconds
2017-12-13T23:17:40.440+0100: 18,242: Total time for which application threads were stopped: 0,0000710 seconds, Stopping threads took: 0,0000220 seconds
2017-12-13T23:17:40.440+0100: 18,242: Total time for which application threads were stopped: 0,0000862 seconds, Stopping threads took: 0,0000214 seconds
2017-12-13T23:17:40.488+0100: 18,290: Total time for which application threads were stopped: 0,0001098 seconds, Stopping threads took: 0,0000306 seconds
2017-12-13T23:17:40.664+0100: 18,466: Total time for which application threads were stopped: 0,0001660 seconds, Stopping threads took: 0,0000552 seconds
2017-12-13T23:17:40.664+0100: 18,466: Total time for which application threads were stopped: 0,0001015 seconds, Stopping threads took: 0,0000354 seconds
2017-12-13T23:17:40.664+0100: 18,466: Total time for which application threads were stopped: 0,0001048 seconds, Stopping threads took: 0,0000366 seconds
2017-12-13T23:17:40.765+0100: 18,567: Total time for which application threads were stopped: 0,0001104 seconds, Stopping threads took: 0,0000297 seconds
2017-12-13T23:17:40.802+0100: 18,604: Total time for which application threads were stopped: 0,0001221 seconds, Stopping threads took: 0,0000389 seconds
2017-12-13T23:17:40.802+0100: 18,604: Total time for which application threads were stopped: 0,0000721 seconds, Stopping threads took: 0,0000237 seconds
2017-12-13T23:17:40.802+0100: 18,604: Total time for which application threads were stopped: 0,0000646 seconds, Stopping threads took: 0,0000199 seconds
2017-12-13T23:17:40.845+0100: 18,647: Total time for which application threads were stopped: 0,0001593 seconds, Stopping threads took: 0,0000464 seconds
2017-12-13T23:17:40.908+0100: 18,710: Total time for which application threads were stopped: 0,0000950 seconds, Stopping threads took: 0,0000301 seconds
2017-12-13T23:17:40.908+0100: 18,710: Total time for which application threads were stopped: 0,0000600 seconds, Stopping threads took: 0,0000189 seconds
2017-12-13T23:17:40.908+0100: 18,710: Total time for which application threads were stopped: 0,0000496 seconds, Stopping threads took: 0,0000144 seconds
2017-12-13T23:17:40.908+0100: 18,710: Total time for which application threads were stopped: 0,0000476 seconds, Stopping threads took: 0,0000134 seconds
2017-12-13T23:17:40.909+0100: 18,711: Total time for which application threads were stopped: 0,0000537 seconds, Stopping threads took: 0,0000165 seconds
2017-12-13T23:17:40.909+0100: 18,711: Total time for which application threads were stopped: 0,0000467 seconds, Stopping threads took: 0,0000134 seconds
2017-12-13T23:17:40.909+0100: 18,711: Total time for which application threads were stopped: 0,0000457 seconds, Stopping threads took: 0,0000130 seconds
2017-12-13T23:17:40.909+0100: 18,711: Total time for which application threads were stopped: 0,0000460 seconds, Stopping threads took: 0,0000130 seconds
2017-12-13T23:17:41.909+0100: 19,711: Total time for which application threads were stopped: 0,0001739 seconds, Stopping threads took: 0,0000422 seconds
2017-12-13T23:17:42.152+0100: 19,954: Total time for which application threads were stopped: 0,0001051 seconds, Stopping threads took: 0,0000328 seconds
2017-12-13T23:17:42.152+0100: 19,954: Total time for which application threads were stopped: 0,0000741 seconds, Stopping threads took: 0,0000181 seconds
2017-12-13T23:17:42.153+0100: 19,955: Total time for which application threads were stopped: 0,0000779 seconds, Stopping threads took: 0,0000340 seconds
2017-12-13T23:17:42.153+0100: 19,955: Total time for which application threads were stopped: 0,0000669 seconds, Stopping threads took: 0,0000131 seconds
2017-12-13T23:17:46.027+0100: 23,829: Total time for which application threads were stopped: 0,0032957 seconds, Stopping threads took: 0,0032073 seconds
2017-12-13T23:17:46.027+0100: 23,829: Total time for which application threads were stopped: 0,0000561 seconds, Stopping threads took: 0,0000203 seconds
2017-12-13T23:17:46.027+0100: 23,829: Total time for which application threads were stopped: 0,0000491 seconds, Stopping threads took: 0,0000160 seconds
2017-12-13T23:17:46.027+0100: 23,829: Total time for which application threads were stopped: 0,0000517 seconds, Stopping threads took: 0,0000169 seconds
2017-12-13T23:17:46.155+0100: 23,957: Total time for which application threads were stopped: 0,0000969 seconds, Stopping threads took: 0,0000304 seconds
2017-12-13T23:17:46.155+0100: 23,957: Total time for which application threads were stopped: 0,0000449 seconds, Stopping threads took: 0,0000100 seconds
2017-12-13T23:17:46.156+0100: 23,958: Total time for which application threads were stopped: 0,0000724 seconds, Stopping threads took: 0,0000252 seconds
2017-12-13T23:17:46.156+0100: 23,958: Total time for which application threads were stopped: 0,0000565 seconds, Stopping threads took: 0,0000110 seconds
2017-12-13T23:17:46.223+0100: 24,025: Total time for which application threads were stopped: 0,0001045 seconds, Stopping threads took: 0,0000349 seconds
2017-12-13T23:17:46.223+0100: 24,025: Total time for which application threads were stopped: 0,0000583 seconds, Stopping threads took: 0,0000198 seconds
2017-12-13T23:17:46.223+0100: 24,025: Total time for which application threads were stopped: 0,0000541 seconds, Stopping threads took: 0,0000179 seconds
2017-12-13T23:17:46.223+0100: 24,025: Total time for which application threads were stopped: 0,0000435 seconds, Stopping threads took: 0,0000135 seconds
{Heap before GC invocations=1 (full 0):
 par new generation   total 109248K, used 92864K [0x00000000e0000000, 0x00000000e8000000, 0x00000000e8000000)
  eden space 87424K, 100% used [0x00000000e0000000, 0x00000000e5560000, 0x00000000e5560000)
  from space 21824K,  24% used [0x00000000e6ab0000, 0x00000000e7000290, 0x00000000e8000000)
  to   space 21824K,   0% used [0x00000000e5560000, 0x00000000e5560000, 0x00000000e6ab0000)
 concurrent mark-sweep generation total 393216K, used 0K [0x00000000e8000000, 0x0000000100000000, 0x0000000100000000)
 Metaspace       used 19898K, capacity 20280K, committed 20480K, reserved 1067008K
  class space    used 2337K, capacity 2454K, committed 2560K, reserved 1048576K
2017-12-13T23:17:46.488+0100: 24,290: [GC (Allocation Failure) 2017-12-13T23:17:46.489+0100: 24,291: [ParNew
Desired survivor size 20112992 bytes, new threshold 8 (max 8)
- age   1:    8795784 bytes,    8795784 total
- age   2:    2508864 bytes,   11304648 total
: 92864K->13213K(109248K), 0,0172900 secs] 92864K->13213K(502464K), 0,0177514 secs] [Times: user=0,05 sys=0,00, real=0,01 secs] 
Heap after GC invocations=2 (full 0):
 par new generation   total 109248K, used 13213K [0x00000000e0000000, 0x00000000e8000000, 0x00000000e8000000)
  eden space 87424K,   0% used [0x00000000e0000000, 0x00000000e0000000, 0x00000000e5560000)
  from space 21824K,  60% used [0x00000000e5560000, 0x00000000e6247408, 0x00000000e6ab0000)
  to   space 21824K,   0% used [0x00000000e6ab0000, 0x00000000e6ab0000, 0x00000000e8000000)
 concurrent mark-sweep generation total 393216K, used 0K [0x00000000e8000000, 0x0000000100000000, 0x0000000100000000)
 Metaspace       used 19898K, capacity 20280K, committed 20480K, reserved 1067008K
  class space    used 2337K, capacity 2454K, committed 2560K, reserved 1048576K
}
2017-12-13T23:17:46.506+0100: 24,308: Total time for which application threads were stopped: 0,0180890 seconds, Stopping threads took: 0,0000686 seconds
2017-12-13T23:17:46.511+0100: 24,313: Total time for which application threads were stopped: 0,0000883 seconds, Stopping threads took: 0,0000274 seconds
2017-12-13T23:17:46.511+0100: 24,313: Total time for which application threads were stopped: 0,0000411 seconds, Stopping threads took: 0,0000109 seconds
2017-12-13T23:17:46.511+0100: 24,313: Total time for which application threads were stopped: 0,0000366 seconds, Stopping threads took: 0,0000091 seconds
2017-12-13T23:17:46.511+0100: 24,313: Total time for which application threads were stopped: 0,0000365 seconds, Stopping threads took: 0,0000094 seconds
2017-12-13T23:17:46.511+0100: 24,313: Total time for which application threads were stopped: 0,0000441 seconds, Stopping threads took: 0,0000192 seconds
2017-12-13T23:17:46.511+0100: 24,313: Total time for which application threads were stopped: 0,0000508 seconds, Stopping threads took: 0,0000275 seconds
2017-12-13T23:17:46.511+0100: 24,313: Total time for which application threads were stopped: 0,0000433 seconds, Stopping threads took: 0,0000202 seconds
2017-12-13T23:17:46.511+0100: 24,313: Total time for which application threads were stopped: 0,0000374 seconds, Stopping threads took: 0,0000105 seconds
2017-12-13T23:17:46.516+0100: 24,318: Total time for which application threads were stopped: 0,0044563 seconds, Stopping threads took: 0,0044056 seconds
2017-12-13T23:17:46.516+0100: 24,318: Total time for which application threads were stopped: 0,0000567 seconds, Stopping threads took: 0,0000347 seconds
2017-12-13T23:17:46.516+0100: 24,318: Total time for which application threads were stopped: 0,0000396 seconds, Stopping threads took: 0,0000180 seconds
2017-12-13T23:17:46.516+0100: 24,318: Total time for which application threads were stopped: 0,0000489 seconds, Stopping threads took: 0,0000256 seconds
2017-12-13T23:17:46.523+0100: 24,325: Total time for which application threads were stopped: 0,0000950 seconds, Stopping threads took: 0,0000286 seconds
2017-12-13T23:17:46.523+0100: 24,325: Total time for which application threads were stopped: 0,0000435 seconds, Stopping threads took: 0,0000149 seconds
2017-12-13T23:17:46.523+0100: 24,325: Total time for which application threads were stopped: 0,0000508 seconds, Stopping threads took: 0,0000224 seconds
2017-12-13T23:17:46.523+0100: 24,325: Total time for which application threads were stopped: 0,0000382 seconds, Stopping threads took: 0,0000107 seconds
2017-12-13T23:17:46.523+0100: 24,325: Total time for which application threads were stopped: 0,0000368 seconds, Stopping threads took: 0,0000098 seconds
2017-12-13T23:17:46.523+0100: 24,325: Total time for which application threads were stopped: 0,0000383 seconds, Stopping threads took: 0,0000102 seconds
2017-12-13T23:17:46.523+0100: 24,325: Total time for which application threads were stopped: 0,0000366 seconds, Stopping threads took: 0,0000097 seconds
2017-12-13T23:17:46.523+0100: 24,325: Total time for which application threads were stopped: 0,0000499 seconds, Stopping threads took: 0,0000209 seconds
2017-12-13T23:17:46.523+0100: 24,325: Total time for which application threads were stopped: 0,0001369 seconds, Stopping threads took: 0,0000104 seconds
2017-12-13T23:17:46.526+0100: 24,338: Total time for which application threads were stopped: 0,0096622 seconds, Stopping threads took: 0,0000285 seconds
2017-12-13T23:17:46.536+0100: 24,338: Total time for which application threads were stopped: 0,0002452 seconds, Stopping threads took: 0,0001970 seconds
2017-12-13T23:17:46.536+0100: 24,338: Total time for which application threads were stopped: 0,0000596 seconds, Stopping threads took: 0,0000362 seconds
2017-12-13T23:17:46.537+0100: 24,339: Total time for which application threads were stopped: 0,0000579 seconds, Stopping threads took: 0,0000306 seconds
2017-12-13T23:17:46.537+0100: 24,339: Total time for which application threads were stopped: 0,0000443 seconds, Stopping threads took: 0,0000220 seconds
2017-12-13T23:17:46.537+0100: 24,339: Total time for which application threads were stopped: 0,0000273 seconds, Stopping threads took: 0,0000086 seconds
2017-12-13T23:17:46.537+0100: 24,339: Total time for which application threads were stopped: 0,0000370 seconds, Stopping threads took: 0,0000157 seconds
2017-12-13T23:17:46.537+0100: 24,339: Total time for which application threads were stopped: 0,0000332 seconds, Stopping threads took: 0,0000134 seconds
2017-12-13T23:17:46.537+0100: 24,339: Total time for which application threads were stopped: 0,0000281 seconds, Stopping threads took: 0,0000094 seconds
2017-12-13T23:17:46.537+0100: 24,339: Total time for which application threads were stopped: 0,0000277 seconds, Stopping threads took: 0,0000093 seconds
2017-12-13T23:17:46.537+0100: 24,339: Total time for which application threads were stopped: 0,0000371 seconds, Stopping threads took: 0,0000171 seconds
2017-12-13T23:17:46.537+0100: 24,339: Total time for which application threads were stopped: 0,0000371 seconds, Stopping threads took: 0,0000167 seconds
2017-12-13T23:17:46.537+0100: 24,339: Total time for which application threads were stopped: 0,0000400 seconds, Stopping threads took: 0,0000162 seconds
2017-12-13T23:17:46.537+0100: 24,339: Total time for which application threads were stopped: 0,0000374 seconds, Stopping threads took: 0,0000174 seconds
2017-12-13T23:17:46.537+0100: 24,339: Total time for which application threads were stopped: 0,0000995 seconds, Stopping threads took: 0,0000166 seconds
2017-12-13T23:17:46.539+0100: 24,341: Total time for which application threads were stopped: 0,0001082 seconds, Stopping threads took: 0,0000250 seconds
2017-12-13T23:17:46.888+0100: 24,690: Total time for which application threads were stopped: 0,0003600 seconds, Stopping threads took: 0,0000363 seconds
2017-12-13T23:17:46.924+0100: 24,726: Total time for which application threads were stopped: 0,0002441 seconds, Stopping threads took: 0,0000233 seconds
2017-12-13T23:17:46.948+0100: 24,750: Total time for which application threads were stopped: 0,0003154 seconds, Stopping threads took: 0,0000371 seconds
2017-12-13T23:17:47.008+0100: 24,810: Total time for which application threads were stopped: 0,0001157 seconds, Stopping threads took: 0,0000217 seconds
2017-12-13T23:17:47.008+0100: 24,810: Total time for which application threads were stopped: 0,0000771 seconds, Stopping threads took: 0,0000450 seconds
2017-12-13T23:17:47.008+0100: 24,810: Total time for which application threads were stopped: 0,0000301 seconds, Stopping threads took: 0,0000087 seconds
2017-12-13T23:17:47.008+0100: 24,810: Total time for which application threads were stopped: 0,0000281 seconds, Stopping threads took: 0,0000061 seconds
2017-12-13T23:17:47.009+0100: 24,811: Total time for which application threads were stopped: 0,0000498 seconds, Stopping threads took: 0,0000128 seconds
2017-12-13T23:17:47.009+0100: 24,811: Total time for which application threads were stopped: 0,0000303 seconds, Stopping threads took: 0,0000090 seconds
2017-12-13T23:17:47.009+0100: 24,811: Total time for which application threads were stopped: 0,0000259 seconds, Stopping threads took: 0,0000068 seconds
2017-12-13T23:17:47.009+0100: 24,811: Total time for which application threads were stopped: 0,0000256 seconds, Stopping threads took: 0,0000067 seconds
2017-12-13T23:17:47.104+0100: 24,906: Total time for which application threads were stopped: 0,0000862 seconds, Stopping threads took: 0,0000226 seconds
2017-12-13T23:17:47.104+0100: 24,906: Total time for which application threads were stopped: 0,0000379 seconds, Stopping threads took: 0,0000113 seconds
2017-12-13T23:17:47.104+0100: 24,906: Total time for which application threads were stopped: 0,0000339 seconds, Stopping threads took: 0,0000093 seconds
2017-12-13T23:17:47.175+0100: 24,977: Total time for which application threads were stopped: 0,0001158 seconds, Stopping threads took: 0,0000399 seconds
2017-12-13T23:17:47.550+0100: 25,352: Total time for which application threads were stopped: 0,0001644 seconds, Stopping threads took: 0,0000657 seconds
2017-12-13T23:17:47.550+0100: 25,352: Total time for which application threads were stopped: 0,0000573 seconds, Stopping threads took: 0,0000293 seconds
2017-12-13T23:17:47.605+0100: 25,407: Total time for which application threads were stopped: 0,0000958 seconds, Stopping threads took: 0,0000410 seconds
2017-12-13T23:17:47.608+0100: 25,410: Total time for which application threads were stopped: 0,0001150 seconds, Stopping threads took: 0,0000619 seconds
2017-12-13T23:17:47.608+0100: 25,410: Total time for which application threads were stopped: 0,0000630 seconds, Stopping threads took: 0,0000361 seconds
2017-12-13T23:17:47.611+0100: 25,413: Total time for which application threads were stopped: 0,0001164 seconds, Stopping threads took: 0,0000560 seconds
2017-12-13T23:17:47.611+0100: 25,413: Total time for which application threads were stopped: 0,0000562 seconds, Stopping threads took: 0,0000247 seconds
2017-12-13T23:17:47.614+0100: 25,416: Total time for which application threads were stopped: 0,0000840 seconds, Stopping threads took: 0,0000364 seconds
2017-12-13T23:17:47.616+0100: 25,418: Total time for which application threads were stopped: 0,0001088 seconds, Stopping threads took: 0,0000586 seconds
2017-12-13T23:17:47.616+0100: 25,418: Total time for which application threads were stopped: 0,0000564 seconds, Stopping threads took: 0,0000135 seconds
2017-12-13T23:17:47.617+0100: 25,419: Total time for which application threads were stopped: 0,0000591 seconds, Stopping threads took: 0,0000185 seconds
2017-12-13T23:17:47.617+0100: 25,419: Total time for which application threads were stopped: 0,0000286 seconds, Stopping threads took: 0,0000076 seconds
2017-12-13T23:17:47.777+0100: 25,579: Total time for which application threads were stopped: 0,0002485 seconds, Stopping threads took: 0,0000324 seconds
2017-12-13T23:17:47.779+0100: 25,581: Total time for which application threads were stopped: 0,0001297 seconds, Stopping threads took: 0,0000327 seconds
2017-12-13T23:17:47.864+0100: 25,666: Total time for which application threads were stopped: 0,0001200 seconds, Stopping threads took: 0,0000374 seconds
2017-12-13T23:17:47.865+0100: 25,667: Total time for which application threads were stopped: 0,0000593 seconds, Stopping threads took: 0,0000236 seconds
2017-12-13T23:17:47.865+0100: 25,667: Total time for which application threads were stopped: 0,0000512 seconds, Stopping threads took: 0,0000184 seconds
2017-12-13T23:17:48.271+0100: 26,073: Total time for which application threads were stopped: 0,0001645 seconds, Stopping threads took: 0,0000406 seconds
2017-12-13T23:17:48.506+0100: 26,308: [GC (CMS Initial Mark) [1 CMS-initial-mark: 0K(393216K)] 44843K(502464K), 0,0312365 secs] [Times: user=0,05 sys=0,00, real=0,04 secs] 
2017-12-13T23:17:48.538+0100: 26,340: Total time for which application threads were stopped: 0,0315920 seconds, Stopping threads took: 0,0000329 seconds
2017-12-13T23:17:48.538+0100: 26,340: [CMS-concurrent-mark-start]
2017-12-13T23:17:48.538+0100: 26,340: [CMS-concurrent-mark: 0,001/0,001 secs] [Times: user=0,00 sys=0,00, real=0,00 secs] 
2017-12-13T23:17:48.539+0100: 26,341: [CMS-concurrent-preclean-start]
2017-12-13T23:17:48.540+0100: 26,342: [CMS-concurrent-preclean: 0,001/0,001 secs] [Times: user=0,01 sys=0,00, real=0,00 secs] 
2017-12-13T23:17:48.540+0100: 26,342: [CMS-concurrent-abortable-preclean-start]
2017-12-13T23:17:48.549+0100: 26,351: Total time for which application threads were stopped: 0,0001255 seconds, Stopping threads took: 0,0000285 seconds
2017-12-13T23:17:49.549+0100: 27,351: Total time for which application threads were stopped: 0,0000873 seconds, Stopping threads took: 0,0000249 seconds
2017-12-13T23:17:49.734+0100: 27,536: Total time for which application threads were stopped: 0,0000753 seconds, Stopping threads took: 0,0000235 seconds
2017-12-13T23:17:49.813+0100: 27,615: Total time for which application threads were stopped: 0,0000930 seconds, Stopping threads took: 0,0000219 seconds
2017-12-13T23:17:49.813+0100: 27,615: Total time for which application threads were stopped: 0,0001136 seconds, Stopping threads took: 0,0000077 seconds
2017-12-13T23:17:49.813+0100: 27,615: Total time for which application threads were stopped: 0,0000732 seconds, Stopping threads took: 0,0000058 seconds
2017-12-13T23:17:49.813+0100: 27,615: Total time for which application threads were stopped: 0,0000293 seconds, Stopping threads took: 0,0000084 seconds
2017-12-13T23:17:49.813+0100: 27,615: Total time for which application threads were stopped: 0,0000290 seconds, Stopping threads took: 0,0000085 seconds
2017-12-13T23:17:49.879+0100: 27,681: Total time for which application threads were stopped: 0,0000910 seconds, Stopping threads took: 0,0000227 seconds
2017-12-13T23:17:49.964+0100: 27,766: Total time for which application threads were stopped: 0,0000723 seconds, Stopping threads took: 0,0000225 seconds
2017-12-13T23:17:49.964+0100: 27,766: Total time for which application threads were stopped: 0,0000321 seconds, Stopping threads took: 0,0000081 seconds
2017-12-13T23:17:49.965+0100: 27,767: Total time for which application threads were stopped: 0,0000480 seconds, Stopping threads took: 0,0000097 seconds
2017-12-13T23:17:50.140+0100: 27,942: Total time for which application threads were stopped: 0,0001042 seconds, Stopping threads took: 0,0000237 seconds
{Heap before GC invocations=2 (full 1):
 par new generation   total 109248K, used 100637K [0x00000000e0000000, 0x00000000e8000000, 0x00000000e8000000)
  eden space 87424K, 100% used [0x00000000e0000000, 0x00000000e5560000, 0x00000000e5560000)
  from space 21824K,  60% used [0x00000000e5560000, 0x00000000e6247408, 0x00000000e6ab0000)
  to   space 21824K,   0% used [0x00000000e6ab0000, 0x00000000e6ab0000, 0x00000000e8000000)
 concurrent mark-sweep generation total 393216K, used 0K [0x00000000e8000000, 0x0000000100000000, 0x0000000100000000)
 Metaspace       used 22325K, capacity 22662K, committed 22880K, reserved 1069056K
  class space    used 2640K, capacity 2779K, committed 2840K, reserved 1048576K
2017-12-13T23:17:50.273+0100: 28,075: [GC (Allocation Failure) 2017-12-13T23:17:50.273+0100: 28,075: [ParNew2017-12-13T23:17:50.280+0100: 28,082: [CMS-concurrent-abortable-preclean: 0,824/1,740 secs] [Times: user=1,22 sys=0,01, real=1,74 secs] 

Desired survivor size 20112992 bytes, new threshold 8 (max 8)
- age   1:    2934920 bytes,    2934920 total
- age   2:    3270856 bytes,    6205776 total
- age   3:    2485104 bytes,    8690880 total
: 100637K->13740K(109248K), 0,0465837 secs] 100637K->13740K(502464K), 0,0468767 secs] [Times: user=0,10 sys=0,00, real=0,05 secs] 
Heap after GC invocations=3 (full 1):
 par new generation   total 109248K, used 13740K [0x00000000e0000000, 0x00000000e8000000, 0x00000000e8000000)
  eden space 87424K,   0% used [0x00000000e0000000, 0x00000000e0000000, 0x00000000e5560000)
  from space 21824K,  62% used [0x00000000e6ab0000, 0x00000000e781b2a0, 0x00000000e8000000)
  to   space 21824K,   0% used [0x00000000e5560000, 0x00000000e5560000, 0x00000000e6ab0000)
 concurrent mark-sweep generation total 393216K, used 0K [0x00000000e8000000, 0x0000000100000000, 0x0000000100000000)
 Metaspace       used 22325K, capacity 22662K, committed 22880K, reserved 1069056K
  class space    used 2640K, capacity 2779K, committed 2840K, reserved 1048576K
}
2017-12-13T23:17:50.320+0100: 28,122: Total time for which application threads were stopped: 0,0471463 seconds, Stopping threads took: 0,0000656 seconds
2017-12-13T23:17:50.321+0100: 28,122: [GC (CMS Final Remark) [YG occupancy: 15033 K (109248 K)]{Heap before GC invocations=3 (full 1):
 par new generation   total 109248K, used 15033K [0x00000000e0000000, 0x00000000e8000000, 0x00000000e8000000)
  eden space 87424K,   1% used [0x00000000e0000000, 0x00000000e0143408, 0x00000000e5560000)
  from space 21824K,  62% used [0x00000000e6ab0000, 0x00000000e781b2a0, 0x00000000e8000000)
  to   space 21824K,   0% used [0x00000000e5560000, 0x00000000e5560000, 0x00000000e6ab0000)
 concurrent mark-sweep generation total 393216K, used 0K [0x00000000e8000000, 0x0000000100000000, 0x0000000100000000)
 Metaspace       used 22330K, capacity 22726K, committed 22880K, reserved 1069056K
  class space    used 2640K, capacity 2779K, committed 2840K, reserved 1048576K
2017-12-13T23:17:50.321+0100: 28,123: [GC (CMS Final Remark) 2017-12-13T23:17:50.321+0100: 28,123: [ParNew
Desired survivor size 20112992 bytes, new threshold 8 (max 8)
- age   1:      46816 bytes,      46816 total
- age   2:    2852896 bytes,    2899712 total
- age   3:    3270936 bytes,    6170648 total
- age   4:    2486176 bytes,    8656824 total
: 15033K->11029K(109248K), 0,0081889 secs] 15033K->11029K(502464K), 0,0083518 secs] [Times: user=0,03 sys=0,00, real=0,01 secs] 
Heap after GC invocations=4 (full 1):
 par new generation   total 109248K, used 11029K [0x00000000e0000000, 0x00000000e8000000, 0x00000000e8000000)
  eden space 87424K,   0% used [0x00000000e0000000, 0x00000000e0000000, 0x00000000e5560000)
  from space 21824K,  50% used [0x00000000e5560000, 0x00000000e6025710, 0x00000000e6ab0000)
  to   space 21824K,   0% used [0x00000000e6ab0000, 0x00000000e6ab0000, 0x00000000e8000000)
 concurrent mark-sweep generation total 393216K, used 0K [0x00000000e8000000, 0x0000000100000000, 0x0000000100000000)
 Metaspace       used 22330K, capacity 22726K, committed 22880K, reserved 1069056K
  class space    used 2640K, capacity 2779K, committed 2840K, reserved 1048576K
}
2017-12-13T23:17:50.329+0100: 28,131: [Rescan (parallel) , 0,0027327 secs]2017-12-13T23:17:50.332+0100: 28,134: [weak refs processing, 0,0020077 secs]2017-12-13T23:17:50.334+0100: 28,136: [class unloading, 0,0029538 secs]2017-12-13T23:17:50.337+0100: 28,139: [scrub symbol table, 0,0019830 secs]2017-12-13T23:17:50.339+0100: 28,141: [scrub string table, 0,0004163 secs][1 CMS-remark: 0K(393216K)] 11029K(502464K), 0,0195034 secs] [Times: user=0,05 sys=0,00, real=0,02 secs] 
2017-12-13T23:17:50.340+0100: 28,142: Total time for which application threads were stopped: 0,0197168 seconds, Stopping threads took: 0,0000707 seconds
2017-12-13T23:17:50.342+0100: 28,144: [CMS-concurrent-sweep-start]
2017-12-13T23:17:50.342+0100: 28,144: [CMS-concurrent-sweep: 0,000/0,000 secs] [Times: user=0,00 sys=0,00, real=0,00 secs] 
2017-12-13T23:17:50.342+0100: 28,144: [CMS-concurrent-reset-start]
2017-12-13T23:17:50.343+0100: 28,145: [CMS-concurrent-reset: 0,001/0,001 secs] [Times: user=0,00 sys=0,00, real=0,00 secs] 
2017-12-13T23:17:50.344+0100: 28,146: Total time for which application threads were stopped: 0,0009147 seconds, Stopping threads took: 0,0008257 seconds
2017-12-13T23:17:50.355+0100: 28,157: Total time for which application threads were stopped: 0,0001292 seconds, Stopping threads took: 0,0000458 seconds
2017-12-13T23:17:50.376+0100: 28,178: Total time for which application threads were stopped: 0,0000802 seconds, Stopping threads took: 0,0000223 seconds
2017-12-13T23:17:50.491+0100: 28,293: Total time for which application threads were stopped: 0,0000927 seconds, Stopping threads took: 0,0000229 seconds
2017-12-13T23:17:50.491+0100: 28,293: Total time for which application threads were stopped: 0,0000292 seconds, Stopping threads took: 0,0000080 seconds
2017-12-13T23:17:50.491+0100: 28,293: Total time for which application threads were stopped: 0,0000314 seconds, Stopping threads took: 0,0000074 seconds
2017-12-13T23:17:50.491+0100: 28,293: Total time for which application threads were stopped: 0,0000277 seconds, Stopping threads took: 0,0000080 seconds
2017-12-13T23:17:50.494+0100: 28,296: Total time for which application threads were stopped: 0,0001489 seconds, Stopping threads took: 0,0000175 seconds
2017-12-13T23:17:50.744+0100: 28,546: Total time for which application threads were stopped: 0,0001129 seconds, Stopping threads took: 0,0000474 seconds
2017-12-13T23:17:50.751+0100: 28,553: Total time for which application threads were stopped: 0,0000741 seconds, Stopping threads took: 0,0000202 seconds
2017-12-13T23:17:50.752+0100: 28,554: Total time for which application threads were stopped: 0,0000500 seconds, Stopping threads took: 0,0000119 seconds
2017-12-13T23:17:50.753+0100: 28,555: Total time for which application threads were stopped: 0,0000371 seconds, Stopping threads took: 0,0000073 seconds
{Heap before GC invocations=4 (full 1):
 par new generation   total 109248K, used 98453K [0x00000000e0000000, 0x00000000e8000000, 0x00000000e8000000)
  eden space 87424K, 100% used [0x00000000e0000000, 0x00000000e5560000, 0x00000000e5560000)
  from space 21824K,  50% used [0x00000000e5560000, 0x00000000e6025710, 0x00000000e6ab0000)
  to   space 21824K,   0% used [0x00000000e6ab0000, 0x00000000e6ab0000, 0x00000000e8000000)
 concurrent mark-sweep generation total 393216K, used 0K [0x00000000e8000000, 0x0000000100000000, 0x0000000100000000)
 Metaspace       used 22915K, capacity 23264K, committed 23704K, reserved 1071104K
  class space    used 2715K, capacity 2848K, committed 2968K, reserved 1048576K
2017-12-13T23:17:50.755+0100: 28,557: [GC (Allocation Failure) 2017-12-13T23:17:50.756+0100: 28,558: [ParNew
Desired survivor size 20112992 bytes, new threshold 8 (max 8)
- age   1:     628272 bytes,     628272 total
- age   2:         96 bytes,     628368 total
- age   3:    1146496 bytes,    1774864 total
- age   4:    3260216 bytes,    5035080 total
- age   5:    2485128 bytes,    7520208 total
: 98453K->9613K(109248K), 0,0111727 secs] 98453K->9613K(502464K), 0,0114296 secs] [Times: user=0,03 sys=0,00, real=0,01 secs] 
Heap after GC invocations=5 (full 1):
 par new generation   total 109248K, used 9613K [0x00000000e0000000, 0x00000000e8000000, 0x00000000e8000000)
  eden space 87424K,   0% used [0x00000000e0000000, 0x00000000e0000000, 0x00000000e5560000)
  from space 21824K,  44% used [0x00000000e6ab0000, 0x00000000e7413708, 0x00000000e8000000)
  to   space 21824K,   0% used [0x00000000e5560000, 0x00000000e5560000, 0x00000000e6ab0000)
 concurrent mark-sweep generation total 393216K, used 0K [0x00000000e8000000, 0x0000000100000000, 0x0000000100000000)
 Metaspace       used 22915K, capacity 23264K, committed 23704K, reserved 1071104K
  class space    used 2715K, capacity 2848K, committed 2968K, reserved 1048576K
}
2017-12-13T23:17:50.767+0100: 28,569: Total time for which application threads were stopped: 0,0116487 seconds, Stopping threads took: 0,0000244 seconds
2017-12-13T23:17:51.086+0100: 28,888: Total time for which application threads were stopped: 0,0000802 seconds, Stopping threads took: 0,0000249 seconds
2017-12-13T23:17:51.232+0100: 29,034: Total time for which application threads were stopped: 0,0005893 seconds, Stopping threads took: 0,0000753 seconds
2017-12-13T23:17:51.997+0100: 29,799: Total time for which application threads were stopped: 0,0001050 seconds, Stopping threads took: 0,0000243 seconds
2017-12-13T23:17:52.083+0100: 29,885: Total time for which application threads were stopped: 0,0000838 seconds, Stopping threads took: 0,0000252 seconds
2017-12-13T23:17:52.179+0100: 29,980: Total time for which application threads were stopped: 0,0002831 seconds, Stopping threads took: 0,0000219 seconds
2017-12-13T23:17:52.225+0100: 30,027: Total time for which application threads were stopped: 0,0003131 seconds, Stopping threads took: 0,0000236 seconds
2017-12-13T23:17:52.285+0100: 30,087: Total time for which application threads were stopped: 0,0002539 seconds, Stopping threads took: 0,0001658 seconds
2017-12-13T23:17:52.286+0100: 30,088: Total time for which application threads were stopped: 0,0002083 seconds, Stopping threads took: 0,0001472 seconds
2017-12-13T23:17:52.288+0100: 30,090: Total time for which application threads were stopped: 0,0001334 seconds, Stopping threads took: 0,0000641 seconds
2017-12-13T23:17:52.288+0100: 30,090: Total time for which application threads were stopped: 0,0001159 seconds, Stopping threads took: 0,0000291 seconds
2017-12-13T23:17:52.306+0100: 30,108: Total time for which application threads were stopped: 0,0001794 seconds, Stopping threads took: 0,0000378 seconds
2017-12-13T23:17:52.371+0100: 30,173: Total time for which application threads were stopped: 0,0000913 seconds, Stopping threads took: 0,0000194 seconds
2017-12-13T23:17:52.373+0100: 30,175: Total time for which application threads were stopped: 0,0000940 seconds, Stopping threads took: 0,0000303 seconds
2017-12-13T23:17:52.551+0100: 30,353: Total time for which application threads were stopped: 0,0005927 seconds, Stopping threads took: 0,0000577 seconds
2017-12-13T23:17:52.552+0100: 30,354: Total time for which application threads were stopped: 0,0001872 seconds, Stopping threads took: 0,0000182 seconds
2017-12-13T23:17:52.619+0100: 30,421: Total time for which application threads were stopped: 0,0001832 seconds, Stopping threads took: 0,0000544 seconds
2017-12-13T23:17:52.619+0100: 30,421: Total time for which application threads were stopped: 0,0001373 seconds, Stopping threads took: 0,0000475 seconds
2017-12-13T23:17:52.634+0100: 30,436: Total time for which application threads were stopped: 0,0002219 seconds, Stopping threads took: 0,0000857 seconds
2017-12-13T23:17:52.690+0100: 30,492: Total time for which application threads were stopped: 0,0001198 seconds, Stopping threads took: 0,0000322 seconds
2017-12-13T23:17:52.690+0100: 30,492: Total time for which application threads were stopped: 0,0000610 seconds, Stopping threads took: 0,0000138 seconds
2017-12-13T23:17:53.205+0100: 31,007: Total time for which application threads were stopped: 0,0001249 seconds, Stopping threads took: 0,0000387 seconds
2017-12-13T23:17:53.205+0100: 31,018: Total time for which application threads were stopped: 0,0113531 seconds, Stopping threads took: 0,0000182 seconds
2017-12-13T23:17:53.246+0100: 31,048: Total time for which application threads were stopped: 0,0001097 seconds, Stopping threads took: 0,0000397 seconds
2017-12-13T23:17:53.246+0100: 31,048: Total time for which application threads were stopped: 0,0000840 seconds, Stopping threads took: 0,0000328 seconds
2017-12-13T23:17:53.273+0100: 31,075: Total time for which application threads were stopped: 0,0001353 seconds, Stopping threads took: 0,0000333 seconds
2017-12-13T23:17:53.399+0100: 31,200: Total time for which application threads were stopped: 0,0001223 seconds, Stopping threads took: 0,0000329 seconds
2017-12-13T23:17:53.399+0100: 31,201: Total time for which application threads were stopped: 0,0000692 seconds, Stopping threads took: 0,0000168 seconds
2017-12-13T23:17:53.731+0100: 31,533: Total time for which application threads were stopped: 0,0003826 seconds, Stopping threads took: 0,0000234 seconds
2017-12-13T23:17:53.813+0100: 31,615: Total time for which application threads were stopped: 0,0004124 seconds, Stopping threads took: 0,0000441 seconds
2017-12-13T23:17:53.938+0100: 31,740: Total time for which application threads were stopped: 0,0000956 seconds, Stopping threads took: 0,0000222 seconds
2017-12-13T23:17:53.939+0100: 31,741: Total time for which application threads were stopped: 0,0000751 seconds, Stopping threads took: 0,0000198 seconds
2017-12-13T23:17:53.939+0100: 31,741: Total time for which application threads were stopped: 0,0000940 seconds, Stopping threads took: 0,0000648 seconds
2017-12-13T23:17:53.939+0100: 31,741: Total time for which application threads were stopped: 0,0000440 seconds, Stopping threads took: 0,0000178 seconds
2017-12-13T23:17:53.979+0100: 31,781: Total time for which application threads were stopped: 0,0000739 seconds, Stopping threads took: 0,0000222 seconds
2017-12-13T23:17:53.979+0100: 31,781: Total time for which application threads were stopped: 0,0000568 seconds, Stopping threads took: 0,0000239 seconds
2017-12-13T23:18:01.282+0100: 39,084: Total time for which application threads were stopped: 0,0001734 seconds, Stopping threads took: 0,0000569 seconds
2017-12-13T23:18:01.282+0100: 39,084: Total time for which application threads were stopped: 0,0001159 seconds, Stopping threads took: 0,0000408 seconds
2017-12-13T23:18:01.282+0100: 39,084: Total time for which application threads were stopped: 0,0001384 seconds, Stopping threads took: 0,0000630 seconds
2017-12-13T23:18:01.283+0100: 39,085: Total time for which application threads were stopped: 0,0000883 seconds, Stopping threads took: 0,0000204 seconds
2017-12-13T23:18:01.283+0100: 39,085: Total time for which application threads were stopped: 0,0000844 seconds, Stopping threads took: 0,0000195 seconds
2017-12-13T23:18:01.284+0100: 39,086: Total time for which application threads were stopped: 0,0001002 seconds, Stopping threads took: 0,0000361 seconds
2017-12-13T23:18:01.292+0100: 39,094: Total time for which application threads were stopped: 0,0001803 seconds, Stopping threads took: 0,0000724 seconds
2017-12-13T23:18:01.298+0100: 39,100: Total time for which application threads were stopped: 0,0001596 seconds, Stopping threads took: 0,0000402 seconds
2017-12-13T23:18:01.298+0100: 39,100: Total time for which application threads were stopped: 0,0001058 seconds, Stopping threads took: 0,0000440 seconds
2017-12-13T23:18:01.318+0100: 39,120: Total time for which application threads were stopped: 0,0000888 seconds, Stopping threads took: 0,0000299 seconds
2017-12-13T23:18:01.320+0100: 39,122: Total time for which application threads were stopped: 0,0001204 seconds, Stopping threads took: 0,0000423 seconds
2017-12-13T23:18:01.327+0100: 39,129: Total time for which application threads were stopped: 0,0000950 seconds, Stopping threads took: 0,0000196 seconds
2017-12-13T23:18:01.327+0100: 39,129: Total time for which application threads were stopped: 0,0000451 seconds, Stopping threads took: 0,0000130 seconds
2017-12-13T23:18:01.456+0100: 39,258: Total time for which application threads were stopped: 0,0000936 seconds, Stopping threads took: 0,0000185 seconds
2017-12-13T23:18:01.456+0100: 39,258: Total time for which application threads were stopped: 0,0000464 seconds, Stopping threads took: 0,0000091 seconds
2017-12-13T23:18:01.479+0100: 39,281: Total time for which application threads were stopped: 0,0001014 seconds, Stopping threads took: 0,0000246 seconds
2017-12-13T23:18:01.481+0100: 39,283: Total time for which application threads were stopped: 0,0000390 seconds, Stopping threads took: 0,0000110 seconds
2017-12-13T23:18:01.481+0100: 39,283: Total time for which application threads were stopped: 0,0000291 seconds, Stopping threads took: 0,0000079 seconds
2017-12-13T23:18:01.510+0100: 39,312: Total time for which application threads were stopped: 0,0000856 seconds, Stopping threads took: 0,0000225 seconds
2017-12-13T23:18:01.510+0100: 39,312: Total time for which application threads were stopped: 0,0000431 seconds, Stopping threads took: 0,0000111 seconds
2017-12-13T23:18:01.510+0100: 39,312: Total time for which application threads were stopped: 0,0000409 seconds, Stopping threads took: 0,0000103 seconds
2017-12-13T23:18:01.510+0100: 39,312: Total time for which application threads were stopped: 0,0000381 seconds, Stopping threads took: 0,0000082 seconds
2017-12-13T23:18:01.511+0100: 39,313: Total time for which application threads were stopped: 0,0001169 seconds, Stopping threads took: 0,0000093 seconds
2017-12-13T23:18:01.546+0100: 39,348: Total time for which application threads were stopped: 0,0000680 seconds, Stopping threads took: 0,0000228 seconds
2017-12-13T23:18:01.549+0100: 39,351: Total time for which application threads were stopped: 0,0000571 seconds, Stopping threads took: 0,0000219 seconds
2017-12-13T23:18:01.549+0100: 39,351: Total time for which application threads were stopped: 0,0000551 seconds, Stopping threads took: 0,0000223 seconds
2017-12-13T23:18:01.585+0100: 39,387: Total time for which application threads were stopped: 0,0000652 seconds, Stopping threads took: 0,0000210 seconds
2017-12-13T23:18:01.585+0100: 39,387: Total time for which application threads were stopped: 0,0000272 seconds, Stopping threads took: 0,0000078 seconds
2017-12-13T23:18:01.596+0100: 39,398: Total time for which application threads were stopped: 0,0003578 seconds, Stopping threads took: 0,0000314 seconds
{Heap before GC invocations=5 (full 1):
 par new generation   total 109248K, used 97037K [0x00000000e0000000, 0x00000000e8000000, 0x00000000e8000000)
  eden space 87424K, 100% used [0x00000000e0000000, 0x00000000e5560000, 0x00000000e5560000)
  from space 21824K,  44% used [0x00000000e6ab0000, 0x00000000e7413708, 0x00000000e8000000)
  to   space 21824K,   0% used [0x00000000e5560000, 0x00000000e5560000, 0x00000000e6ab0000)
 concurrent mark-sweep generation total 393216K, used 0K [0x00000000e8000000, 0x0000000100000000, 0x0000000100000000)
 Metaspace       used 30393K, capacity 30832K, committed 31128K, reserved 1077248K
  class space    used 3592K, capacity 3736K, committed 3736K, reserved 1048576K
2017-12-13T23:18:01.675+0100: 39,477: [GC (Allocation Failure) 2017-12-13T23:18:01.675+0100: 39,477: [ParNew
Desired survivor size 20112992 bytes, new threshold 8 (max 8)
- age   1:   11980760 bytes,   11980760 total
- age   2:     190976 bytes,   12171736 total
- age   3:         96 bytes,   12171832 total
- age   4:     565600 bytes,   12737432 total
- age   5:    3193056 bytes,   15930488 total
- age   6:    2480144 bytes,   18410632 total
: 97037K->20065K(109248K), 0,0179391 secs] 97037K->20065K(502464K), 0,0181778 secs] [Times: user=0,04 sys=0,01, real=0,01 secs] 
Heap after GC invocations=6 (full 1):
 par new generation   total 109248K, used 20065K [0x00000000e0000000, 0x00000000e8000000, 0x00000000e8000000)
  eden space 87424K,   0% used [0x00000000e0000000, 0x00000000e0000000, 0x00000000e5560000)
  from space 21824K,  91% used [0x00000000e5560000, 0x00000000e68f8750, 0x00000000e6ab0000)
  to   space 21824K,   0% used [0x00000000e6ab0000, 0x00000000e6ab0000, 0x00000000e8000000)
 concurrent mark-sweep generation total 393216K, used 0K [0x00000000e8000000, 0x0000000100000000, 0x0000000100000000)
 Metaspace       used 30393K, capacity 30832K, committed 31128K, reserved 1077248K
  class space    used 3592K, capacity 3736K, committed 3736K, reserved 1048576K
}
2017-12-13T23:18:01.694+0100: 39,496: Total time for which application threads were stopped: 0,0183742 seconds, Stopping threads took: 0,0000241 seconds
2017-12-13T23:18:01.697+0100: 39,499: Total time for which application threads were stopped: 0,0000711 seconds, Stopping threads took: 0,0000258 seconds
2017-12-13T23:18:01.715+0100: 39,517: Total time for which application threads were stopped: 0,0000665 seconds, Stopping threads took: 0,0000232 seconds
2017-12-13T23:18:01.715+0100: 39,517: Total time for which application threads were stopped: 0,0000393 seconds, Stopping threads took: 0,0000167 seconds
2017-12-13T23:18:01.715+0100: 39,517: Total time for which application threads were stopped: 0,0000380 seconds, Stopping threads took: 0,0000157 seconds
2017-12-13T23:18:01.716+0100: 39,517: Total time for which application threads were stopped: 0,0000351 seconds, Stopping threads took: 0,0000141 seconds
2017-12-13T23:18:01.822+0100: 39,624: Total time for which application threads were stopped: 0,0001036 seconds, Stopping threads took: 0,0000404 seconds
2017-12-13T23:18:01.865+0100: 39,666: Total time for which application threads were stopped: 0,0003117 seconds, Stopping threads took: 0,0000320 seconds
2017-12-13T23:18:02.865+0100: 40,667: Total time for which application threads were stopped: 0,0002414 seconds, Stopping threads took: 0,0000550 seconds
2017-12-13T23:18:03.914+0100: 41,716: Total time for which application threads were stopped: 0,0000701 seconds, Stopping threads took: 0,0000229 seconds
2017-12-13T23:18:03.914+0100: 41,716: Total time for which application threads were stopped: 0,0000399 seconds, Stopping threads took: 0,0000176 seconds
2017-12-13T23:18:03.915+0100: 41,717: Total time for which application threads were stopped: 0,0000457 seconds, Stopping threads took: 0,0000086 seconds
2017-12-13T23:18:03.919+0100: 41,721: Total time for which application threads were stopped: 0,0000792 seconds, Stopping threads took: 0,0000187 seconds
2017-12-13T23:18:03.991+0100: 41,793: Total time for which application threads were stopped: 0,0001213 seconds, Stopping threads took: 0,0000602 seconds
2017-12-13T23:18:03.994+0100: 41,795: Total time for which application threads were stopped: 0,0003298 seconds, Stopping threads took: 0,0000244 seconds
2017-12-13T23:18:03.995+0100: 41,797: Total time for which application threads were stopped: 0,0001175 seconds, Stopping threads took: 0,0000390 seconds
2017-12-13T23:18:03.995+0100: 41,797: Total time for which application threads were stopped: 0,0000853 seconds, Stopping threads took: 0,0000412 seconds
2017-12-13T23:18:03.995+0100: 41,797: Total time for which application threads were stopped: 0,0001246 seconds, Stopping threads took: 0,0000296 seconds
2017-12-13T23:18:03.995+0100: 41,797: Total time for which application threads were stopped: 0,0000688 seconds, Stopping threads took: 0,0000286 seconds
2017-12-13T23:18:03.996+0100: 41,797: Total time for which application threads were stopped: 0,0000527 seconds, Stopping threads took: 0,0000206 seconds
2017-12-13T23:18:04.017+0100: 41,819: Total time for which application threads were stopped: 0,0001031 seconds, Stopping threads took: 0,0000313 seconds
2017-12-13T23:18:04.017+0100: 41,819: Total time for which application threads were stopped: 0,0000825 seconds, Stopping threads took: 0,0000231 seconds
2017-12-13T23:18:04.017+0100: 41,819: Total time for which application threads were stopped: 0,0003163 seconds, Stopping threads took: 0,0000232 seconds
2017-12-13T23:18:04.114+0100: 41,916: Total time for which application threads were stopped: 0,0000751 seconds, Stopping threads took: 0,0000225 seconds
2017-12-13T23:18:04.119+0100: 41,921: Total time for which application threads were stopped: 0,0001089 seconds, Stopping threads took: 0,0000406 seconds
2017-12-13T23:18:04.120+0100: 41,922: Total time for which application threads were stopped: 0,0000832 seconds, Stopping threads took: 0,0000251 seconds
2017-12-13T23:18:04.138+0100: 41,940: Total time for which application threads were stopped: 0,0000942 seconds, Stopping threads took: 0,0000236 seconds
2017-12-13T23:18:04.159+0100: 41,961: Total time for which application threads were stopped: 0,0000692 seconds, Stopping threads took: 0,0000220 seconds
2017-12-13T23:18:04.206+0100: 42,008: Total time for which application threads were stopped: 0,0001187 seconds, Stopping threads took: 0,0000467 seconds
2017-12-13T23:18:04.216+0100: 42,018: Total time for which application threads were stopped: 0,0001029 seconds, Stopping threads took: 0,0000376 seconds
2017-12-13T23:18:04.217+0100: 42,019: Total time for which application threads were stopped: 0,0000577 seconds, Stopping threads took: 0,0000130 seconds
2017-12-13T23:18:04.218+0100: 42,020: Total time for which application threads were stopped: 0,0001496 seconds, Stopping threads took: 0,0000948 seconds
2017-12-13T23:18:04.219+0100: 42,021: Total time for which application threads were stopped: 0,0000940 seconds, Stopping threads took: 0,0000592 seconds
2017-12-13T23:18:04.219+0100: 42,021: Total time for which application threads were stopped: 0,0000598 seconds, Stopping threads took: 0,0000220 seconds
2017-12-13T23:18:04.220+0100: 42,022: Total time for which application threads were stopped: 0,0000772 seconds, Stopping threads took: 0,0000242 seconds
2017-12-13T23:18:04.220+0100: 42,022: Total time for which application threads were stopped: 0,0000566 seconds, Stopping threads took: 0,0000201 seconds
2017-12-13T23:18:04.220+0100: 42,022: Total time for which application threads were stopped: 0,0000900 seconds, Stopping threads took: 0,0000482 seconds
2017-12-13T23:18:04.220+0100: 42,022: Total time for which application threads were stopped: 0,0000747 seconds, Stopping threads took: 0,0000304 seconds
2017-12-13T23:18:04.221+0100: 42,023: Total time for which application threads were stopped: 0,0000812 seconds, Stopping threads took: 0,0000262 seconds
2017-12-13T23:18:04.221+0100: 42,023: Total time for which application threads were stopped: 0,0000658 seconds, Stopping threads took: 0,0000264 seconds
2017-12-13T23:18:04.221+0100: 42,023: Total time for which application threads were stopped: 0,0000558 seconds, Stopping threads took: 0,0000170 seconds
2017-12-13T23:18:04.221+0100: 42,023: Total time for which application threads were stopped: 0,0000587 seconds, Stopping threads took: 0,0000214 seconds
2017-12-13T23:18:04.221+0100: 42,023: Total time for which application threads were stopped: 0,0000585 seconds, Stopping threads took: 0,0000246 seconds
2017-12-13T23:18:04.222+0100: 42,024: Total time for which application threads were stopped: 0,0000548 seconds, Stopping threads took: 0,0000214 seconds
2017-12-13T23:18:04.222+0100: 42,024: Total time for which application threads were stopped: 0,0000493 seconds, Stopping threads took: 0,0000164 seconds
2017-12-13T23:18:04.222+0100: 42,024: Total time for which application threads were stopped: 0,0000561 seconds, Stopping threads took: 0,0000175 seconds
2017-12-13T23:18:04.223+0100: 42,025: Total time for which application threads were stopped: 0,0000814 seconds, Stopping threads took: 0,0000327 seconds
2017-12-13T23:18:04.223+0100: 42,025: Total time for which application threads were stopped: 0,0000553 seconds, Stopping threads took: 0,0000196 seconds
2017-12-13T23:18:04.229+0100: 42,031: Total time for which application threads were stopped: 0,0000915 seconds, Stopping threads took: 0,0000226 seconds
2017-12-13T23:18:04.230+0100: 42,032: Total time for which application threads were stopped: 0,0000931 seconds, Stopping threads took: 0,0000283 seconds
2017-12-13T23:18:04.230+0100: 42,032: Total time for which application threads were stopped: 0,0000572 seconds, Stopping threads took: 0,0000228 seconds
2017-12-13T23:18:04.232+0100: 42,034: Total time for which application threads were stopped: 0,0000787 seconds, Stopping threads took: 0,0000362 seconds
2017-12-13T23:18:07.571+0100: 45,373: Total time for which application threads were stopped: 0,0001162 seconds, Stopping threads took: 0,0000212 seconds
2017-12-13T23:18:07.571+0100: 45,373: Total time for which application threads were stopped: 0,0000367 seconds, Stopping threads took: 0,0000080 seconds
2017-12-13T23:18:07.572+0100: 45,374: Total time for which application threads were stopped: 0,0000794 seconds, Stopping threads took: 0,0000151 seconds
2017-12-13T23:18:07.572+0100: 45,374: Total time for which application threads were stopped: 0,0000467 seconds, Stopping threads took: 0,0000122 seconds
2017-12-13T23:18:08.572+0100: 46,374: Total time for which application threads were stopped: 0,0000968 seconds, Stopping threads took: 0,0000290 seconds
2017-12-13T23:18:12.325+0100: 50,127: Total time for which application threads were stopped: 0,0000777 seconds, Stopping threads took: 0,0000259 seconds
2017-12-13T23:18:54.330+0100: 92,132: Total time for which application threads were stopped: 0,0001835 seconds, Stopping threads took: 0,0000572 seconds
2017-12-13T23:19:00.152+0100: 97,954: Total time for which application threads were stopped: 0,0001168 seconds, Stopping threads took: 0,0000674 seconds
2017-12-13T23:19:00.153+0100: 97,955: Total time for which application threads were stopped: 0,0000598 seconds, Stopping threads took: 0,0000175 seconds
2017-12-13T23:19:00.157+0100: 97,959: Total time for which application threads were stopped: 0,0000793 seconds, Stopping threads took: 0,0000257 seconds
2017-12-13T23:19:00.159+0100: 97,961: Total time for which application threads were stopped: 0,0000998 seconds, Stopping threads took: 0,0000339 seconds
2017-12-13T23:19:00.159+0100: 97,961: Total time for which application threads were stopped: 0,0000653 seconds, Stopping threads took: 0,0000131 seconds
2017-12-13T23:19:00.159+0100: 97,961: Total time for which application threads were stopped: 0,0000361 seconds, Stopping threads took: 0,0000107 seconds
2017-12-13T23:19:00.159+0100: 97,961: Total time for which application threads were stopped: 0,0000314 seconds, Stopping threads took: 0,0000090 seconds
2017-12-13T23:19:00.166+0100: 97,968: Total time for which application threads were stopped: 0,0000823 seconds, Stopping threads took: 0,0000332 seconds
2017-12-13T23:19:00.166+0100: 97,968: Total time for which application threads were stopped: 0,0000402 seconds, Stopping threads took: 0,0000152 seconds
2017-12-13T23:19:00.166+0100: 97,968: Total time for which application threads were stopped: 0,0000372 seconds, Stopping threads took: 0,0000138 seconds
2017-12-13T23:19:00.175+0100: 97,977: Total time for which application threads were stopped: 0,0000708 seconds, Stopping threads took: 0,0000222 seconds
2017-12-13T23:19:00.176+0100: 97,978: Total time for which application threads were stopped: 0,0000413 seconds, Stopping threads took: 0,0000094 seconds
2017-12-13T23:19:01.176+0100: 98,978: Total time for which application threads were stopped: 0,0002472 seconds, Stopping threads took: 0,0000666 seconds
2017-12-13T23:19:04.231+0100: 102,033: Total time for which application threads were stopped: 0,0002023 seconds, Stopping threads took: 0,0000426 seconds
2017-12-13T23:19:07.572+0100: 105,374: Total time for which application threads were stopped: 0,0001210 seconds, Stopping threads took: 0,0000425 seconds
2017-12-13T23:20:06.555+0100: 164,357: Total time for which application threads were stopped: 0,0001553 seconds, Stopping threads took: 0,0000812 seconds
2017-12-13T23:20:07.556+0100: 165,358: Total time for which application threads were stopped: 0,0001406 seconds, Stopping threads took: 0,0000302 seconds
2017-12-13T23:20:14.557+0100: 172,359: Total time for which application threads were stopped: 0,0001915 seconds, Stopping threads took: 0,0000528 seconds
2017-12-13T23:20:25.012+0100: 182,814: Total time for which application threads were stopped: 0,0002501 seconds, Stopping threads took: 0,0001211 seconds
2017-12-13T23:20:26.013+0100: 183,815: Total time for which application threads were stopped: 0,0001529 seconds, Stopping threads took: 0,0000493 seconds
2017-12-13T23:21:28.019+0100: 245,821: Total time for which application threads were stopped: 0,0001717 seconds, Stopping threads took: 0,0000761 seconds
2017-12-13T23:23:10.834+0100: 348,635: Total time for which application threads were stopped: 0,0001912 seconds, Stopping threads took: 0,0000756 seconds
2017-12-13T23:23:10.844+0100: 348,646: Total time for which application threads were stopped: 0,0001742 seconds, Stopping threads took: 0,0000759 seconds
2017-12-13T23:23:10.845+0100: 348,646: Total time for which application threads were stopped: 0,0001395 seconds, Stopping threads took: 0,0000740 seconds
2017-12-13T23:23:10.845+0100: 348,647: Total time for which application threads were stopped: 0,0001129 seconds, Stopping threads took: 0,0000568 seconds
2017-12-13T23:23:10.845+0100: 348,647: Total time for which application threads were stopped: 0,0001286 seconds, Stopping threads took: 0,0000646 seconds
2017-12-13T23:23:11.845+0100: 349,647: Total time for which application threads were stopped: 0,0002942 seconds, Stopping threads took: 0,0000522 seconds
2017-12-13T23:23:47.762+0100: 385,564: Total time for which application threads were stopped: 0,0002073 seconds, Stopping threads took: 0,0000657 seconds
2017-12-13T23:23:48.762+0100: 386,564: Total time for which application threads were stopped: 0,0001738 seconds, Stopping threads took: 0,0000371 seconds
2017-12-13T23:23:51.763+0100: 389,565: Total time for which application threads were stopped: 0,0001531 seconds, Stopping threads took: 0,0000540 seconds
2017-12-13T23:23:58.926+0100: 396,728: Total time for which application threads were stopped: 0,0002029 seconds, Stopping threads took: 0,0000606 seconds
2017-12-13T23:23:58.927+0100: 396,729: Total time for which application threads were stopped: 0,0001194 seconds, Stopping threads took: 0,0000371 seconds
2017-12-13T23:23:58.927+0100: 396,729: Total time for which application threads were stopped: 0,0001356 seconds, Stopping threads took: 0,0000291 seconds
2017-12-13T23:23:59.927+0100: 397,729: Total time for which application threads were stopped: 0,0001735 seconds, Stopping threads took: 0,0000430 seconds
2017-12-13T23:24:17.929+0100: 415,731: Total time for which application threads were stopped: 0,0001836 seconds, Stopping threads took: 0,0000591 seconds
{Heap before GC invocations=6 (full 1):
 par new generation   total 109248K, used 107489K [0x00000000e0000000, 0x00000000e8000000, 0x00000000e8000000)
  eden space 87424K, 100% used [0x00000000e0000000, 0x00000000e5560000, 0x00000000e5560000)
  from space 21824K,  91% used [0x00000000e5560000, 0x00000000e68f8750, 0x00000000e6ab0000)
  to   space 21824K,   0% used [0x00000000e6ab0000, 0x00000000e6ab0000, 0x00000000e8000000)
 concurrent mark-sweep generation total 393216K, used 0K [0x00000000e8000000, 0x0000000100000000, 0x0000000100000000)
 Metaspace       used 32627K, capacity 33174K, committed 33432K, reserved 1079296K
  class space    used 3804K, capacity 3969K, committed 3992K, reserved 1048576K
2017-12-13T23:25:05.094+0100: 462,896: [GC (Allocation Failure) 2017-12-13T23:25:05.095+0100: 462,897: [ParNew
Desired survivor size 20112992 bytes, new threshold 8 (max 8)
- age   1:    2849976 bytes,    2849976 total
- age   2:    3755984 bytes,    6605960 total
- age   3:     190784 bytes,    6796744 total
- age   4:         96 bytes,    6796840 total
- age   5:     560928 bytes,    7357768 total
- age   6:    3173104 bytes,   10530872 total
- age   7:    2452400 bytes,   12983272 total
: 107489K->21659K(109248K), 0,0248948 secs] 107489K->21659K(502464K), 0,0253130 secs] [Times: user=0,06 sys=0,00, real=0,03 secs] 
Heap after GC invocations=7 (full 1):
 par new generation   total 109248K, used 21659K [0x00000000e0000000, 0x00000000e8000000, 0x00000000e8000000)
  eden space 87424K,   0% used [0x00000000e0000000, 0x00000000e0000000, 0x00000000e5560000)
  from space 21824K,  99% used [0x00000000e6ab0000, 0x00000000e7fd6f10, 0x00000000e8000000)
  to   space 21824K,   0% used [0x00000000e5560000, 0x00000000e5560000, 0x00000000e6ab0000)
 concurrent mark-sweep generation total 393216K, used 0K [0x00000000e8000000, 0x0000000100000000, 0x0000000100000000)
 Metaspace       used 32627K, capacity 33174K, committed 33432K, reserved 1079296K
  class space    used 3804K, capacity 3969K, committed 3992K, reserved 1048576K
}
2017-12-13T23:25:05.120+0100: 462,922: Total time for which application threads were stopped: 0,0256172 seconds, Stopping threads took: 0,0000405 seconds
2017-12-13T23:25:05.172+0100: 462,974: Total time for which application threads were stopped: 0,0001238 seconds, Stopping threads took: 0,0000403 seconds
2017-12-13T23:25:05.172+0100: 462,974: Total time for which application threads were stopped: 0,0000652 seconds, Stopping threads took: 0,0000199 seconds
2017-12-13T23:25:05.172+0100: 462,974: Total time for which application threads were stopped: 0,0000619 seconds, Stopping threads took: 0,0000189 seconds
2017-12-13T23:25:05.172+0100: 462,974: Total time for which application threads were stopped: 0,0000592 seconds, Stopping threads took: 0,0000188 seconds
2017-12-13T23:25:05.173+0100: 462,975: Total time for which application threads were stopped: 0,0000635 seconds, Stopping threads took: 0,0000204 seconds
2017-12-13T23:25:05.173+0100: 462,975: Total time for which application threads were stopped: 0,0000600 seconds, Stopping threads took: 0,0000185 seconds
2017-12-13T23:25:05.173+0100: 462,975: Total time for which application threads were stopped: 0,0000661 seconds, Stopping threads took: 0,0000229 seconds
2017-12-13T23:25:05.173+0100: 462,975: Total time for which application threads were stopped: 0,0000646 seconds, Stopping threads took: 0,0000220 seconds
2017-12-13T23:25:06.173+0100: 463,975: Total time for which application threads were stopped: 0,0002023 seconds, Stopping threads took: 0,0000493 seconds
2017-12-13T23:25:09.174+0100: 466,976: Total time for which application threads were stopped: 0,0002228 seconds, Stopping threads took: 0,0000545 seconds
2017-12-13T23:27:00.843+0100: 578,645: Total time for which application threads were stopped: 0,0001688 seconds, Stopping threads took: 0,0000575 seconds
2017-12-13T23:27:01.844+0100: 579,646: Total time for which application threads were stopped: 0,0001425 seconds, Stopping threads took: 0,0000276 seconds
2017-12-13T23:27:08.127+0100: 585,929: Total time for which application threads were stopped: 0,0002063 seconds, Stopping threads took: 0,0000708 seconds
2017-12-13T23:27:09.127+0100: 586,929: Total time for which application threads were stopped: 0,0001707 seconds, Stopping threads took: 0,0000417 seconds
2017-12-13T23:27:35.571+0100: 613,373: Total time for which application threads were stopped: 0,0002618 seconds, Stopping threads took: 0,0000883 seconds
2017-12-13T23:27:36.571+0100: 614,373: Total time for which application threads were stopped: 0,0001802 seconds, Stopping threads took: 0,0000437 seconds
2017-12-13T23:27:42.572+0100: 620,374: Total time for which application threads were stopped: 0,0001075 seconds, Stopping threads took: 0,0000306 seconds
2017-12-13T23:35:45.357+0100: 1103,159: Total time for which application threads were stopped: 0,0003449 seconds, Stopping threads took: 0,0001548 seconds
2017-12-13T23:35:46.357+0100: 1104,159: Total time for which application threads were stopped: 0,0001960 seconds, Stopping threads took: 0,0000521 seconds
2017-12-13T23:35:47.399+0100: 1105,201: Total time for which application threads were stopped: 0,0001762 seconds, Stopping threads took: 0,0000457 seconds
2017-12-13T23:35:48.399+0100: 1106,201: Total time for which application threads were stopped: 0,0001074 seconds, Stopping threads took: 0,0000258 seconds
2017-12-13T23:36:20.861+0100: 1138,663: Total time for which application threads were stopped: 0,0001566 seconds, Stopping threads took: 0,0000662 seconds
2017-12-13T23:36:20.861+0100: 1138,663: Total time for which application threads were stopped: 0,0001064 seconds, Stopping threads took: 0,0000374 seconds
2017-12-13T23:36:21.861+0100: 1139,663: Total time for which application threads were stopped: 0,0003453 seconds, Stopping threads took: 0,0000923 seconds
2017-12-13T23:36:28.274+0100: 1146,076: Total time for which application threads were stopped: 0,0007485 seconds, Stopping threads took: 0,0000606 seconds
2017-12-13T23:36:29.274+0100: 1147,076: Total time for which application threads were stopped: 0,0001815 seconds, Stopping threads took: 0,0000449 seconds
2017-12-13T23:36:46.276+0100: 1164,078: Total time for which application threads were stopped: 0,0001967 seconds, Stopping threads took: 0,0000535 seconds
2017-12-13T23:37:00.278+0100: 1178,080: Total time for which application threads were stopped: 0,0001569 seconds, Stopping threads took: 0,0000384 seconds
2017-12-13T23:37:33.282+0100: 1211,084: Total time for which application threads were stopped: 0,0000944 seconds, Stopping threads took: 0,0000243 seconds
{Heap before GC invocations=7 (full 1):
 par new generation   total 109248K, used 109083K [0x00000000e0000000, 0x00000000e8000000, 0x00000000e8000000)
  eden space 87424K, 100% used [0x00000000e0000000, 0x00000000e5560000, 0x00000000e5560000)
  from space 21824K,  99% used [0x00000000e6ab0000, 0x00000000e7fd6f10, 0x00000000e8000000)
  to   space 21824K,   0% used [0x00000000e5560000, 0x00000000e5560000, 0x00000000e6ab0000)
 concurrent mark-sweep generation total 393216K, used 0K [0x00000000e8000000, 0x0000000100000000, 0x0000000100000000)
 Metaspace       used 33091K, capacity 33680K, committed 33816K, reserved 1079296K
  class space    used 3835K, capacity 4016K, committed 4120K, reserved 1048576K
2017-12-13T23:37:40.440+0100: 1218,242: [GC (Allocation Failure) 2017-12-13T23:37:40.440+0100: 1218,242: [ParNew
Desired survivor size 20112992 bytes, new threshold 8 (max 8)
- age   1:    5933648 bytes,    5933648 total
- age   2:     990680 bytes,    6924328 total
- age   3:    3755688 bytes,   10680016 total
- age   4:     190768 bytes,   10870784 total
- age   5:         96 bytes,   10870880 total
- age   6:     560880 bytes,   11431760 total
- age   7:    3173104 bytes,   14604864 total
- age   8:    2452000 bytes,   17056864 total
: 109083K->20819K(109248K), 0,0186859 secs] 109083K->20819K(502464K), 0,0189847 secs] [Times: user=0,07 sys=0,00, real=0,02 secs] 
Heap after GC invocations=8 (full 1):
 par new generation   total 109248K, used 20819K [0x00000000e0000000, 0x00000000e8000000, 0x00000000e8000000)
  eden space 87424K,   0% used [0x00000000e0000000, 0x00000000e0000000, 0x00000000e5560000)
  from space 21824K,  95% used [0x00000000e5560000, 0x00000000e69b4ff0, 0x00000000e6ab0000)
  to   space 21824K,   0% used [0x00000000e6ab0000, 0x00000000e6ab0000, 0x00000000e8000000)
 concurrent mark-sweep generation total 393216K, used 0K [0x00000000e8000000, 0x0000000100000000, 0x0000000100000000)
 Metaspace       used 33091K, capacity 33680K, committed 33816K, reserved 1079296K
  class space    used 3835K, capacity 4016K, committed 4120K, reserved 1048576K
}
2017-12-13T23:37:40.459+0100: 1218,261: Total time for which application threads were stopped: 0,0192866 seconds, Stopping threads took: 0,0000341 seconds
2017-12-13T23:37:41.460+0100: 1219,262: Total time for which application threads were stopped: 0,0001752 seconds, Stopping threads took: 0,0000498 seconds
2017-12-13T23:38:01.462+0100: 1239,264: Total time for which application threads were stopped: 0,0001602 seconds, Stopping threads took: 0,0000585 seconds
2017-12-13T23:38:49.288+0100: 1287,090: Total time for which application threads were stopped: 0,0001825 seconds, Stopping threads took: 0,0000844 seconds
2017-12-13T23:38:50.288+0100: 1288,090: Total time for which application threads were stopped: 0,0002065 seconds, Stopping threads took: 0,0000570 seconds
2017-12-13T23:42:51.311+0100: 1529,113: Total time for which application threads were stopped: 0,0001498 seconds, Stopping threads took: 0,0000284 seconds
2017-12-13T23:43:15.925+0100: 1553,727: Total time for which application threads were stopped: 0,0002033 seconds, Stopping threads took: 0,0000386 seconds
2017-12-13T23:43:15.994+0100: 1553,796: Total time for which application threads were stopped: 0,0001553 seconds, Stopping threads took: 0,0000536 seconds
2017-12-13T23:43:25.915+0100: 1563,717: Total time for which application threads were stopped: 0,0002560 seconds, Stopping threads took: 0,0001047 seconds
2017-12-13T23:43:25.998+0100: 1563,800: Total time for which application threads were stopped: 0,0001493 seconds, Stopping threads took: 0,0000304 seconds
2017-12-13T23:43:31.999+0100: 1569,801: Total time for which application threads were stopped: 0,0003068 seconds, Stopping threads took: 0,0000569 seconds
2017-12-13T23:43:33.999+0100: 1571,801: Total time for which application threads were stopped: 0,0001674 seconds, Stopping threads took: 0,0000494 seconds
2017-12-13T23:43:56.098+0100: 1593,900: Total time for which application threads were stopped: 0,0001872 seconds, Stopping threads took: 0,0000509 seconds
2017-12-13T23:44:02.099+0100: 1599,901: Total time for which application threads were stopped: 0,0000812 seconds, Stopping threads took: 0,0000210 seconds
2017-12-13T23:44:36.640+0100: 1634,442: Total time for which application threads were stopped: 0,0002838 seconds, Stopping threads took: 0,0001302 seconds
2017-12-13T23:44:36.642+0100: 1634,444: Total time for which application threads were stopped: 0,0001722 seconds, Stopping threads took: 0,0000487 seconds
2017-12-13T23:45:01.253+0100: 1659,055: Total time for which application threads were stopped: 0,0002560 seconds, Stopping threads took: 0,0000697 seconds
2017-12-13T23:45:04.635+0100: 1662,437: Total time for which application threads were stopped: 0,0002192 seconds, Stopping threads took: 0,0000611 seconds
2017-12-13T23:45:04.713+0100: 1662,515: Total time for which application threads were stopped: 0,0001865 seconds, Stopping threads took: 0,0000743 seconds
2017-12-13T23:45:05.713+0100: 1663,515: Total time for which application threads were stopped: 0,0001876 seconds, Stopping threads took: 0,0000448 seconds
2017-12-13T23:45:22.950+0100: 1680,752: Total time for which application threads were stopped: 0,0002710 seconds, Stopping threads took: 0,0001219 seconds
2017-12-13T23:45:23.951+0100: 1681,753: Total time for which application threads were stopped: 0,0002010 seconds, Stopping threads took: 0,0000555 seconds
2017-12-13T23:45:25.952+0100: 1683,754: Total time for which application threads were stopped: 0,0001208 seconds, Stopping threads took: 0,0000546 seconds
2017-12-13T23:45:33.953+0100: 1691,755: Total time for which application threads were stopped: 0,0000889 seconds, Stopping threads took: 0,0000228 seconds
2017-12-13T23:45:36.953+0100: 1694,755: Total time for which application threads were stopped: 0,0001937 seconds, Stopping threads took: 0,0000572 seconds
2017-12-13T23:45:41.954+0100: 1699,756: Total time for which application threads were stopped: 0,0001541 seconds, Stopping threads took: 0,0000395 seconds
2017-12-13T23:45:50.955+0100: 1708,757: Total time for which application threads were stopped: 0,0001076 seconds, Stopping threads took: 0,0000310 seconds
2017-12-13T23:45:52.955+0100: 1710,757: Total time for which application threads were stopped: 0,0001521 seconds, Stopping threads took: 0,0000386 seconds
2017-12-13T23:45:57.956+0100: 1715,758: Total time for which application threads were stopped: 0,0001174 seconds, Stopping threads took: 0,0000395 seconds
2017-12-13T23:45:59.956+0100: 1717,758: Total time for which application threads were stopped: 0,0000988 seconds, Stopping threads took: 0,0000229 seconds
{Heap before GC invocations=8 (full 1):
 par new generation   total 109248K, used 108243K [0x00000000e0000000, 0x00000000e8000000, 0x00000000e8000000)
  eden space 87424K, 100% used [0x00000000e0000000, 0x00000000e5560000, 0x00000000e5560000)
  from space 21824K,  95% used [0x00000000e5560000, 0x00000000e69b4ff0, 0x00000000e6ab0000)
  to   space 21824K,   0% used [0x00000000e6ab0000, 0x00000000e6ab0000, 0x00000000e8000000)
 concurrent mark-sweep generation total 393216K, used 0K [0x00000000e8000000, 0x0000000100000000, 0x0000000100000000)
 Metaspace       used 33451K, capacity 34120K, committed 34328K, reserved 1079296K
  class space    used 3852K, capacity 4052K, committed 4120K, reserved 1048576K
2017-12-13T23:46:14.784+0100: 1732,586: [GC (Allocation Failure) 2017-12-13T23:46:14.784+0100: 1732,586: [ParNew
Desired survivor size 20112992 bytes, new threshold 8 (max 8)
- age   1:    1138728 bytes,    1138728 total
- age   2:    2581840 bytes,    3720568 total
- age   3:     957952 bytes,    4678520 total
- age   4:    3654912 bytes,    8333432 total
- age   5:     170784 bytes,    8504216 total
- age   6:         96 bytes,    8504312 total
- age   7:     541016 bytes,    9045328 total
- age   8:    3033408 bytes,   12078736 total
: 108243K->17870K(109248K), 0,0441250 secs] 108243K->20495K(502464K), 0,0446609 secs] [Times: user=0,14 sys=0,00, real=0,05 secs] 
Heap after GC invocations=9 (full 1):
 par new generation   total 109248K, used 17870K [0x00000000e0000000, 0x00000000e8000000, 0x00000000e8000000)
  eden space 87424K,   0% used [0x00000000e0000000, 0x00000000e0000000, 0x00000000e5560000)
  from space 21824K,  81% used [0x00000000e6ab0000, 0x00000000e7c23ad0, 0x00000000e8000000)
  to   space 21824K,   0% used [0x00000000e5560000, 0x00000000e5560000, 0x00000000e6ab0000)
 concurrent mark-sweep generation total 393216K, used 2624K [0x00000000e8000000, 0x0000000100000000, 0x0000000100000000)
 Metaspace       used 33451K, capacity 34120K, committed 34328K, reserved 1079296K
  class space    used 3852K, capacity 4052K, committed 4120K, reserved 1048576K
}
2017-12-13T23:46:14.829+0100: 1732,631: Total time for which application threads were stopped: 0,0451675 seconds, Stopping threads took: 0,0001427 seconds
2017-12-13T23:46:15.829+0100: 1733,631: Total time for which application threads were stopped: 0,0001460 seconds, Stopping threads took: 0,0000376 seconds
2017-12-13T23:46:23.830+0100: 1741,632: Total time for which application threads were stopped: 0,0001125 seconds, Stopping threads took: 0,0000303 seconds
2017-12-13T23:49:18.852+0100: 1916,654: Total time for which application threads were stopped: 0,0002404 seconds, Stopping threads took: 0,0000951 seconds
2017-12-13T23:49:19.853+0100: 1917,655: Total time for which application threads were stopped: 0,0001932 seconds, Stopping threads took: 0,0000609 seconds
2017-12-13T23:49:22.853+0100: 1920,655: Total time for which application threads were stopped: 0,0000914 seconds, Stopping threads took: 0,0000250 seconds
2017-12-13T23:50:07.557+0100: 1965,359: Total time for which application threads were stopped: 0,0002033 seconds, Stopping threads took: 0,0000716 seconds
2017-12-13T23:50:07.619+0100: 1965,421: Total time for which application threads were stopped: 0,0001193 seconds, Stopping threads took: 0,0000261 seconds
2017-12-13T23:50:08.620+0100: 1966,422: Total time for which application threads were stopped: 0,0002040 seconds, Stopping threads took: 0,0000560 seconds
2017-12-13T23:50:57.626+0100: 2015,428: Total time for which application threads were stopped: 0,0001649 seconds, Stopping threads took: 0,0000668 seconds
2017-12-13T23:52:32.763+0100: 2110,565: Total time for which application threads were stopped: 0,0003526 seconds, Stopping threads took: 0,0000676 seconds
2017-12-13T23:52:32.834+0100: 2110,636: Total time for which application threads were stopped: 0,0002400 seconds, Stopping threads took: 0,0000279 seconds
2017-12-13T23:52:32.835+0100: 2110,637: Total time for which application threads were stopped: 0,0000660 seconds, Stopping threads took: 0,0000153 seconds
2017-12-13T23:52:32.842+0100: 2110,644: Total time for which application threads were stopped: 0,0001142 seconds, Stopping threads took: 0,0000312 seconds
2017-12-13T23:52:33.843+0100: 2111,645: Total time for which application threads were stopped: 0,0003045 seconds, Stopping threads took: 0,0000568 seconds
2017-12-13T23:57:45.889+0100: 2423,691: Total time for which application threads were stopped: 0,0001146 seconds, Stopping threads took: 0,0000375 seconds
2017-12-13T23:57:45.936+0100: 2423,738: Total time for which application threads were stopped: 0,0000792 seconds, Stopping threads took: 0,0000227 seconds
2017-12-13T23:57:46.937+0100: 2424,739: Total time for which application threads were stopped: 0,0001825 seconds, Stopping threads took: 0,0000498 seconds
2017-12-13T23:57:56.938+0100: 2434,740: Total time for which application threads were stopped: 0,0001458 seconds, Stopping threads took: 0,0000391 seconds
2017-12-13T23:58:27.254+0100: 2465,056: Total time for which application threads were stopped: 0,0001164 seconds, Stopping threads took: 0,0000427 seconds
2017-12-13T23:58:52.464+0100: 2490,266: Total time for which application threads were stopped: 0,0000749 seconds, Stopping threads took: 0,0000210 seconds
2017-12-13T23:58:53.464+0100: 2491,266: Total time for which application threads were stopped: 0,0002059 seconds, Stopping threads took: 0,0000557 seconds
2017-12-13T23:58:54.466+0100: 2492,268: Total time for which application threads were stopped: 0,0002558 seconds, Stopping threads took: 0,0001002 seconds
2017-12-13T23:59:44.472+0100: 2542,274: Total time for which application threads were stopped: 0,0002547 seconds, Stopping threads took: 0,0001002 seconds
2017-12-13T23:59:45.472+0100: 2543,274: Total time for which application threads were stopped: 0,0002143 seconds, Stopping threads took: 0,0000583 seconds
2017-12-13T23:59:51.060+0100: 2548,862: Total time for which application threads were stopped: 0,0001211 seconds, Stopping threads took: 0,0000358 seconds
2017-12-13T23:59:51.060+0100: 2548,862: Total time for which application threads were stopped: 0,0000783 seconds, Stopping threads took: 0,0000234 seconds
2017-12-13T23:59:51.063+0100: 2548,865: Total time for which application threads were stopped: 0,0000866 seconds, Stopping threads took: 0,0000191 seconds
2017-12-13T23:59:51.063+0100: 2548,865: Total time for which application threads were stopped: 0,0000432 seconds, Stopping threads took: 0,0000111 seconds
2017-12-13T23:59:52.063+0100: 2549,865: Total time for which application threads were stopped: 0,0001080 seconds, Stopping threads took: 0,0000276 seconds
2017-12-13T23:59:59.064+0100: 2556,866: Total time for which application threads were stopped: 0,0002166 seconds, Stopping threads took: 0,0000569 seconds
2017-12-14T00:00:27.067+0100: 2584,869: Total time for which application threads were stopped: 0,0001454 seconds, Stopping threads took: 0,0000545 seconds
2017-12-14T00:00:29.068+0100: 2586,870: Total time for which application threads were stopped: 0,0001796 seconds, Stopping threads took: 0,0000516 seconds
2017-12-14T00:00:32.068+0100: 2589,870: Total time for which application threads were stopped: 0,0001857 seconds, Stopping threads took: 0,0000490 seconds
2017-12-14T00:00:51.060+0100: 2608,862: Total time for which application threads were stopped: 0,0001387 seconds, Stopping threads took: 0,0000477 seconds
2017-12-14T00:00:51.063+0100: 2608,865: Total time for which application threads were stopped: 0,0001023 seconds, Stopping threads took: 0,0000234 seconds
2017-12-14T00:02:15.318+0100: 2693,119: Total time for which application threads were stopped: 0,0001390 seconds, Stopping threads took: 0,0000588 seconds
2017-12-14T00:02:15.401+0100: 2693,203: Total time for which application threads were stopped: 0,0000978 seconds, Stopping threads took: 0,0000211 seconds
2017-12-14T00:02:15.438+0100: 2693,240: Total time for which application threads were stopped: 0,0000918 seconds, Stopping threads took: 0,0000203 seconds
2017-12-14T00:02:36.837+0100: 2714,639: Total time for which application threads were stopped: 0,0001739 seconds, Stopping threads took: 0,0000415 seconds
2017-12-14T00:03:10.841+0100: 2748,643: Total time for which application threads were stopped: 0,0001952 seconds, Stopping threads took: 0,0000519 seconds
2017-12-14T00:05:01.803+0100: 2859,605: Total time for which application threads were stopped: 0,0001077 seconds, Stopping threads took: 0,0000370 seconds
2017-12-14T00:05:01.870+0100: 2859,672: Total time for which application threads were stopped: 0,0001005 seconds, Stopping threads took: 0,0000221 seconds
2017-12-14T00:05:01.875+0100: 2859,677: Total time for which application threads were stopped: 0,0000968 seconds, Stopping threads took: 0,0000238 seconds
2017-12-14T00:05:02.875+0100: 2860,677: Total time for which application threads were stopped: 0,0001109 seconds, Stopping threads took: 0,0000302 seconds
2017-12-14T00:05:33.413+0100: 2891,215: Total time for which application threads were stopped: 0,0000882 seconds, Stopping threads took: 0,0000216 seconds
2017-12-14T00:05:34.413+0100: 2892,215: Total time for which application threads were stopped: 0,0001920 seconds, Stopping threads took: 0,0000471 seconds
2017-12-14T00:05:55.416+0100: 2913,218: Total time for which application threads were stopped: 0,0000797 seconds, Stopping threads took: 0,0000211 seconds
2017-12-14T00:08:05.524+0100: 3043,326: Total time for which application threads were stopped: 0,0002591 seconds, Stopping threads took: 0,0000829 seconds
{Heap before GC invocations=9 (full 1):
 par new generation   total 109248K, used 105294K [0x00000000e0000000, 0x00000000e8000000, 0x00000000e8000000)
  eden space 87424K, 100% used [0x00000000e0000000, 0x00000000e5560000, 0x00000000e5560000)
  from space 21824K,  81% used [0x00000000e6ab0000, 0x00000000e7c23ad0, 0x00000000e8000000)
  to   space 21824K,   0% used [0x00000000e5560000, 0x00000000e5560000, 0x00000000e6ab0000)
 concurrent mark-sweep generation total 393216K, used 2624K [0x00000000e8000000, 0x0000000100000000, 0x0000000100000000)
 Metaspace       used 33725K, capacity 34376K, committed 34584K, reserved 1079296K
  class space    used 3856K, capacity 4052K, committed 4120K, reserved 1048576K
2017-12-14T00:08:05.543+0100: 3043,345: [GC (Allocation Failure) 2017-12-14T00:08:05.544+0100: 3043,345: [ParNew
Desired survivor size 20112992 bytes, new threshold 8 (max 8)
- age   1:    1950392 bytes,    1950392 total
- age   2:     444072 bytes,    2394464 total
- age   3:    2577288 bytes,    4971752 total
- age   4:     956944 bytes,    5928696 total
- age   5:    3654640 bytes,    9583336 total
- age   6:     170784 bytes,    9754120 total
- age   7:         96 bytes,    9754216 total
- age   8:     535376 bytes,   10289592 total
: 105294K->13263K(109248K), 0,0309324 secs] 107919K->18976K(502464K), 0,0313342 secs] [Times: user=0,09 sys=0,00, real=0,04 secs] 
Heap after GC invocations=10 (full 1):
 par new generation   total 109248K, used 13263K [0x00000000e0000000, 0x00000000e8000000, 0x00000000e8000000)
  eden space 87424K,   0% used [0x00000000e0000000, 0x00000000e0000000, 0x00000000e5560000)
  from space 21824K,  60% used [0x00000000e5560000, 0x00000000e6253e50, 0x00000000e6ab0000)
  to   space 21824K,   0% used [0x00000000e6ab0000, 0x00000000e6ab0000, 0x00000000e8000000)
 concurrent mark-sweep generation total 393216K, used 5712K [0x00000000e8000000, 0x0000000100000000, 0x0000000100000000)
 Metaspace       used 33725K, capacity 34376K, committed 34584K, reserved 1079296K
  class space    used 3856K, capacity 4052K, committed 4120K, reserved 1048576K
}
2017-12-14T00:08:05.575+0100: 3043,377: Total time for which application threads were stopped: 0,0317419 seconds, Stopping threads took: 0,0000585 seconds
2017-12-14T00:08:05.575+0100: 3043,377: Total time for which application threads were stopped: 0,0000937 seconds, Stopping threads took: 0,0000238 seconds
2017-12-14T00:08:05.636+0100: 3043,438: Total time for which application threads were stopped: 0,0001382 seconds, Stopping threads took: 0,0000311 seconds
2017-12-14T00:08:06.636+0100: 3044,438: Total time for which application threads were stopped: 0,0001495 seconds, Stopping threads took: 0,0000383 seconds
2017-12-14T00:08:56.643+0100: 3094,445: Total time for which application threads were stopped: 0,0002626 seconds, Stopping threads took: 0,0001303 seconds
2017-12-14T00:10:52.658+0100: 3210,460: Total time for which application threads were stopped: 0,0002277 seconds, Stopping threads took: 0,0000992 seconds
2017-12-14T00:12:43.018+0100: 3320,820: Total time for which application threads were stopped: 0,0002810 seconds, Stopping threads took: 0,0000879 seconds
2017-12-14T00:12:43.089+0100: 3320,891: Total time for which application threads were stopped: 0,0001510 seconds, Stopping threads took: 0,0000377 seconds
2017-12-14T00:13:35.329+0100: 3373,131: Total time for which application threads were stopped: 0,0001974 seconds, Stopping threads took: 0,0000541 seconds
2017-12-14T00:13:35.614+0100: 3373,416: Total time for which application threads were stopped: 0,0000874 seconds, Stopping threads took: 0,0000263 seconds
2017-12-14T00:13:35.614+0100: 3373,416: Total time for which application threads were stopped: 0,0000463 seconds, Stopping threads took: 0,0000188 seconds
2017-12-14T00:13:35.614+0100: 3373,416: Total time for which application threads were stopped: 0,0000339 seconds, Stopping threads took: 0,0000090 seconds
2017-12-14T00:13:35.614+0100: 3373,416: Total time for which application threads were stopped: 0,0000426 seconds, Stopping threads took: 0,0000166 seconds
2017-12-14T00:13:35.614+0100: 3373,416: Total time for which application threads were stopped: 0,0001186 seconds, Stopping threads took: 0,0000111 seconds
2017-12-14T00:13:35.620+0100: 3373,422: Total time for which application threads were stopped: 0,0001116 seconds, Stopping threads took: 0,0000330 seconds
2017-12-14T00:13:35.621+0100: 3373,422: Total time for which application threads were stopped: 0,0000569 seconds, Stopping threads took: 0,0000179 seconds
2017-12-14T00:13:35.622+0100: 3373,424: Total time for which application threads were stopped: 0,0000887 seconds, Stopping threads took: 0,0000303 seconds
2017-12-14T00:13:35.622+0100: 3373,424: Total time for which application threads were stopped: 0,0000637 seconds, Stopping threads took: 0,0000185 seconds
2017-12-14T00:13:35.658+0100: 3373,460: Total time for which application threads were stopped: 0,0001011 seconds, Stopping threads took: 0,0000353 seconds
2017-12-14T00:13:35.694+0100: 3373,496: Total time for which application threads were stopped: 0,0001278 seconds, Stopping threads took: 0,0000264 seconds
2017-12-14T00:13:35.695+0100: 3373,497: Total time for which application threads were stopped: 0,0000877 seconds, Stopping threads took: 0,0000375 seconds
2017-12-14T00:13:35.704+0100: 3373,506: Total time for which application threads were stopped: 0,0000765 seconds, Stopping threads took: 0,0000225 seconds
2017-12-14T00:13:35.705+0100: 3373,507: Total time for which application threads were stopped: 0,0000672 seconds, Stopping threads took: 0,0000244 seconds
2017-12-14T00:13:35.705+0100: 3373,507: Total time for which application threads were stopped: 0,0000456 seconds, Stopping threads took: 0,0000166 seconds
2017-12-14T00:13:35.705+0100: 3373,507: Total time for which application threads were stopped: 0,0000481 seconds, Stopping threads took: 0,0000197 seconds
2017-12-14T00:13:35.705+0100: 3373,507: Total time for which application threads were stopped: 0,0000439 seconds, Stopping threads took: 0,0000153 seconds
2017-12-14T00:13:35.705+0100: 3373,507: Total time for which application threads were stopped: 0,0000345 seconds, Stopping threads took: 0,0000085 seconds
2017-12-14T00:13:35.705+0100: 3373,507: Total time for which application threads were stopped: 0,0000430 seconds, Stopping threads took: 0,0000156 seconds
2017-12-14T00:13:35.705+0100: 3373,507: Total time for which application threads were stopped: 0,0000332 seconds, Stopping threads took: 0,0000085 seconds
2017-12-14T00:13:35.705+0100: 3373,507: Total time for which application threads were stopped: 0,0000455 seconds, Stopping threads took: 0,0000167 seconds
2017-12-14T00:13:35.706+0100: 3373,508: Total time for which application threads were stopped: 0,0000845 seconds, Stopping threads took: 0,0000286 seconds
2017-12-14T00:13:35.706+0100: 3373,508: Total time for which application threads were stopped: 0,0000567 seconds, Stopping threads took: 0,0000189 seconds
2017-12-14T00:13:35.708+0100: 3373,510: Total time for which application threads were stopped: 0,0000748 seconds, Stopping threads took: 0,0000172 seconds
2017-12-14T00:13:35.708+0100: 3373,510: Total time for which application threads were stopped: 0,0000407 seconds, Stopping threads took: 0,0000076 seconds
2017-12-14T00:13:35.710+0100: 3373,512: Total time for which application threads were stopped: 0,0000979 seconds, Stopping threads took: 0,0000252 seconds
2017-12-14T00:13:35.710+0100: 3373,512: Total time for which application threads were stopped: 0,0003104 seconds, Stopping threads took: 0,0002675 seconds
2017-12-14T00:13:36.710+0100: 3374,512: Total time for which application threads were stopped: 0,0000988 seconds, Stopping threads took: 0,0000263 seconds
2017-12-14T00:13:47.712+0100: 3385,514: Total time for which application threads were stopped: 0,0001186 seconds, Stopping threads took: 0,0000202 seconds
2017-12-14T00:13:48.712+0100: 3386,514: Total time for which application threads were stopped: 0,0001080 seconds, Stopping threads took: 0,0000248 seconds
2017-12-14T00:14:35.622+0100: 3433,424: Total time for which application threads were stopped: 0,0001971 seconds, Stopping threads took: 0,0000764 seconds
2017-12-14T00:14:35.711+0100: 3433,513: Total time for which application threads were stopped: 0,0002041 seconds, Stopping threads took: 0,0000490 seconds
2017-12-14T00:14:56.433+0100: 3454,235: Total time for which application threads were stopped: 0,0001120 seconds, Stopping threads took: 0,0000236 seconds
2017-12-14T00:14:56.465+0100: 3454,267: Total time for which application threads were stopped: 0,0001451 seconds, Stopping threads took: 0,0000224 seconds
2017-12-14T00:14:56.559+0100: 3454,361: Total time for which application threads were stopped: 0,0000834 seconds, Stopping threads took: 0,0000218 seconds
2017-12-14T00:15:05.561+0100: 3463,363: Total time for which application threads were stopped: 0,0000788 seconds, Stopping threads took: 0,0000222 seconds
2017-12-14T00:15:46.565+0100: 3504,367: Total time for which application threads were stopped: 0,0002294 seconds, Stopping threads took: 0,0000928 seconds
2017-12-14T00:17:41.390+0100: 3619,192: Total time for which application threads were stopped: 0,0001370 seconds, Stopping threads took: 0,0000419 seconds
2017-12-14T00:17:41.489+0100: 3619,291: Total time for which application threads were stopped: 0,0000825 seconds, Stopping threads took: 0,0000181 seconds
2017-12-14T00:18:25.493+0100: 3663,295: Total time for which application threads were stopped: 0,0002233 seconds, Stopping threads took: 0,0000858 seconds
2017-12-14T00:19:00.498+0100: 3698,300: Total time for which application threads were stopped: 0,0001412 seconds, Stopping threads took: 0,0000854 seconds
2017-12-14T00:20:12.506+0100: 3770,308: Total time for which application threads were stopped: 0,0002267 seconds, Stopping threads took: 0,0000884 seconds
2017-12-14T00:22:37.525+0100: 3915,327: Total time for which application threads were stopped: 0,0002533 seconds, Stopping threads took: 0,0001040 seconds
2017-12-14T00:25:58.555+0100: 4116,357: Total time for which application threads were stopped: 0,0002436 seconds, Stopping threads took: 0,0001090 seconds
2017-12-14T00:36:27.648+0100: 4745,450: Total time for which application threads were stopped: 0,0002484 seconds, Stopping threads took: 0,0000961 seconds
2017-12-14T00:36:32.649+0100: 4750,451: Total time for which application threads were stopped: 0,0002023 seconds, Stopping threads took: 0,0000552 seconds
2017-12-14T00:42:27.702+0100: 5105,504: Total time for which application threads were stopped: 0,0002577 seconds, Stopping threads took: 0,0001045 seconds
2017-12-14T00:46:34.822+0100: 5352,624: Total time for which application threads were stopped: 0,0003466 seconds, Stopping threads took: 0,0000882 seconds
2017-12-14T00:46:34.906+0100: 5352,708: Total time for which application threads were stopped: 0,0001184 seconds, Stopping threads took: 0,0000483 seconds
2017-12-14T00:46:35.906+0100: 5353,708: Total time for which application threads were stopped: 0,0000851 seconds, Stopping threads took: 0,0000227 seconds
2017-12-14T00:50:37.867+0100: 5595,669: Total time for which application threads were stopped: 0,0002913 seconds, Stopping threads took: 0,0000856 seconds
2017-12-14T00:50:37.938+0100: 5595,740: Total time for which application threads were stopped: 0,0001120 seconds, Stopping threads took: 0,0000258 seconds
2017-12-14T00:50:38.938+0100: 5596,740: Total time for which application threads were stopped: 0,0001553 seconds, Stopping threads took: 0,0000417 seconds
2017-12-14T00:50:57.941+0100: 5615,743: Total time for which application threads were stopped: 0,0001645 seconds, Stopping threads took: 0,0000648 seconds
2017-12-14T00:51:16.943+0100: 5634,745: Total time for which application threads were stopped: 0,0000896 seconds, Stopping threads took: 0,0000205 seconds
2017-12-14T00:51:17.943+0100: 5635,745: Total time for which application threads were stopped: 0,0000940 seconds, Stopping threads took: 0,0000213 seconds
2017-12-14T00:51:23.944+0100: 5641,746: Total time for which application threads were stopped: 0,0002180 seconds, Stopping threads took: 0,0000830 seconds
2017-12-14T00:51:27.945+0100: 5645,747: Total time for which application threads were stopped: 0,0001643 seconds, Stopping threads took: 0,0000416 seconds
2017-12-14T00:51:32.945+0100: 5650,747: Total time for which application threads were stopped: 0,0000844 seconds, Stopping threads took: 0,0000296 seconds
2017-12-14T00:52:06.950+0100: 5684,752: Total time for which application threads were stopped: 0,0001071 seconds, Stopping threads took: 0,0000268 seconds
{Heap before GC invocations=10 (full 1):
 par new generation   total 109248K, used 100687K [0x00000000e0000000, 0x00000000e8000000, 0x00000000e8000000)
  eden space 87424K, 100% used [0x00000000e0000000, 0x00000000e5560000, 0x00000000e5560000)
  from space 21824K,  60% used [0x00000000e5560000, 0x00000000e6253e50, 0x00000000e6ab0000)
  to   space 21824K,   0% used [0x00000000e6ab0000, 0x00000000e6ab0000, 0x00000000e8000000)
 concurrent mark-sweep generation total 393216K, used 5712K [0x00000000e8000000, 0x0000000100000000, 0x0000000100000000)
 Metaspace       used 33930K, capacity 34568K, committed 34840K, reserved 1079296K
  class space    used 3865K, capacity 4052K, committed 4120K, reserved 1048576K
2017-12-14T00:52:35.507+0100: 5713,309: [GC (Allocation Failure) 2017-12-14T00:52:35.507+0100: 5713,309: [ParNew
Desired survivor size 20112992 bytes, new threshold 8 (max 8)
- age   1:     393256 bytes,     393256 total
- age   2:      38248 bytes,     431504 total
- age   3:     443192 bytes,     874696 total
- age   4:    2574488 bytes,    3449184 total
- age   5:     955952 bytes,    4405136 total
- age   6:    3654520 bytes,    8059656 total
- age   7:     170784 bytes,    8230440 total
- age   8:         96 bytes,    8230536 total
: 100687K->9767K(109248K), 0,0186169 secs] 106400K->16011K(502464K), 0,0191819 secs] [Times: user=0,06 sys=0,00, real=0,02 secs] 
Heap after GC invocations=11 (full 1):
 par new generation   total 109248K, used 9767K [0x00000000e0000000, 0x00000000e8000000, 0x00000000e8000000)
  eden space 87424K,   0% used [0x00000000e0000000, 0x00000000e0000000, 0x00000000e5560000)
  from space 21824K,  44% used [0x00000000e6ab0000, 0x00000000e7439eb8, 0x00000000e8000000)
  to   space 21824K,   0% used [0x00000000e5560000, 0x00000000e5560000, 0x00000000e6ab0000)
 concurrent mark-sweep generation total 393216K, used 6244K [0x00000000e8000000, 0x0000000100000000, 0x0000000100000000)
 Metaspace       used 33930K, capacity 34568K, committed 34840K, reserved 1079296K
  class space    used 3865K, capacity 4052K, committed 4120K, reserved 1048576K
}
2017-12-14T00:52:35.526+0100: 5713,328: Total time for which application threads were stopped: 0,0195411 seconds, Stopping threads took: 0,0000452 seconds
2017-12-14T00:52:35.526+0100: 5713,328: Total time for which application threads were stopped: 0,0001172 seconds, Stopping threads took: 0,0000233 seconds
2017-12-14T00:52:36.527+0100: 5714,329: Total time for which application threads were stopped: 0,0002249 seconds, Stopping threads took: 0,0000804 seconds
2017-12-14T00:52:50.529+0100: 5728,331: Total time for which application threads were stopped: 0,0001464 seconds, Stopping threads took: 0,0000636 seconds
2017-12-14T00:53:40.534+0100: 5778,336: Total time for which application threads were stopped: 0,0000962 seconds, Stopping threads took: 0,0000381 seconds
2017-12-14T00:57:08.970+0100: 5986,772: Total time for which application threads were stopped: 0,0002054 seconds, Stopping threads took: 0,0000706 seconds
2017-12-14T00:57:09.074+0100: 5986,876: Total time for which application threads were stopped: 0,0000854 seconds, Stopping threads took: 0,0000195 seconds
2017-12-14T00:58:14.340+0100: 6052,142: Total time for which application threads were stopped: 0,0002620 seconds, Stopping threads took: 0,0000812 seconds
2017-12-14T00:58:14.436+0100: 6052,238: Total time for which application threads were stopped: 0,0001399 seconds, Stopping threads took: 0,0000394 seconds
2017-12-14T00:58:29.438+0100: 6067,240: Total time for which application threads were stopped: 0,0000925 seconds, Stopping threads took: 0,0000217 seconds
2017-12-14T00:59:37.064+0100: 6134,866: Total time for which application threads were stopped: 0,0000982 seconds, Stopping threads took: 0,0000309 seconds
2017-12-14T00:59:37.111+0100: 6134,913: Total time for which application threads were stopped: 0,0000825 seconds, Stopping threads took: 0,0000227 seconds
2017-12-14T01:03:44.353+0100: 6382,155: Total time for which application threads were stopped: 0,0001204 seconds, Stopping threads took: 0,0000344 seconds
2017-12-14T01:03:44.434+0100: 6382,236: Total time for which application threads were stopped: 0,0001013 seconds, Stopping threads took: 0,0000264 seconds
2017-12-14T01:03:45.434+0100: 6383,236: Total time for which application threads were stopped: 0,0000874 seconds, Stopping threads took: 0,0000238 seconds
2017-12-14T01:05:02.309+0100: 6460,111: Total time for which application threads were stopped: 0,0000978 seconds, Stopping threads took: 0,0000305 seconds
2017-12-14T01:05:02.388+0100: 6460,190: Total time for which application threads were stopped: 0,0000852 seconds, Stopping threads took: 0,0000191 seconds
2017-12-14T01:05:14.389+0100: 6472,191: Total time for which application threads were stopped: 0,0000833 seconds, Stopping threads took: 0,0000207 seconds
2017-12-14T01:05:21.390+0100: 6479,192: Total time for which application threads were stopped: 0,0000834 seconds, Stopping threads took: 0,0000218 seconds
2017-12-14T01:06:10.396+0100: 6528,198: Total time for which application threads were stopped: 0,0000932 seconds, Stopping threads took: 0,0000220 seconds
{Heap before GC invocations=11 (full 1):
 par new generation   total 109248K, used 97191K [0x00000000e0000000, 0x00000000e8000000, 0x00000000e8000000)
  eden space 87424K, 100% used [0x00000000e0000000, 0x00000000e5560000, 0x00000000e5560000)
  from space 21824K,  44% used [0x00000000e6ab0000, 0x00000000e7439eb8, 0x00000000e8000000)
  to   space 21824K,   0% used [0x00000000e5560000, 0x00000000e5560000, 0x00000000e6ab0000)
 concurrent mark-sweep generation total 393216K, used 6244K [0x00000000e8000000, 0x0000000100000000, 0x0000000100000000)
 Metaspace       used 33995K, capacity 34568K, committed 34840K, reserved 1079296K
  class space    used 3865K, capacity 4052K, committed 4120K, reserved 1048576K
2017-12-14T01:06:37.325+0100: 6555,127: [GC (Allocation Failure) 2017-12-14T01:06:37.325+0100: 6555,127: [ParNew
Desired survivor size 20112992 bytes, new threshold 8 (max 8)
- age   1:    1607544 bytes,    1607544 total
- age   2:      29776 bytes,    1637320 total
- age   3:      33408 bytes,    1670728 total
- age   4:     443192 bytes,    2113920 total
- age   5:    2574448 bytes,    4688368 total
- age   6:     955608 bytes,    5643976 total
- age   7:    3654480 bytes,    9298456 total
- age   8:     170784 bytes,    9469240 total
: 97191K->10382K(109248K), 0,0138906 secs] 103435K->16626K(502464K), 0,0140523 secs] [Times: user=0,03 sys=0,00, real=0,02 secs] 
Heap after GC invocations=12 (full 1):
 par new generation   total 109248K, used 10382K [0x00000000e0000000, 0x00000000e8000000, 0x00000000e8000000)
  eden space 87424K,   0% used [0x00000000e0000000, 0x00000000e0000000, 0x00000000e5560000)
  from space 21824K,  47% used [0x00000000e5560000, 0x00000000e5f83a50, 0x00000000e6ab0000)
  to   space 21824K,   0% used [0x00000000e6ab0000, 0x00000000e6ab0000, 0x00000000e8000000)
 concurrent mark-sweep generation total 393216K, used 6244K [0x00000000e8000000, 0x0000000100000000, 0x0000000100000000)
 Metaspace       used 33995K, capacity 34568K, committed 34840K, reserved 1079296K
  class space    used 3865K, capacity 4052K, committed 4120K, reserved 1048576K
}
2017-12-14T01:06:37.340+0100: 6555,142: Total time for which application threads were stopped: 0,0143851 seconds, Stopping threads took: 0,0000223 seconds
2017-12-14T01:10:13.752+0100: 6771,554: Total time for which application threads were stopped: 0,0004000 seconds, Stopping threads took: 0,0000563 seconds
2017-12-14T01:10:13.862+0100: 6771,664: Total time for which application threads were stopped: 0,0000922 seconds, Stopping threads took: 0,0000266 seconds
2017-12-14T01:10:13.862+0100: 6771,664: Total time for which application threads were stopped: 0,0000374 seconds, Stopping threads took: 0,0000055 seconds
2017-12-14T01:10:24.863+0100: 6782,665: Total time for which application threads were stopped: 0,0001407 seconds, Stopping threads took: 0,0000259 seconds
2017-12-14T01:10:32.864+0100: 6790,666: Total time for which application threads were stopped: 0,0000993 seconds, Stopping threads took: 0,0000293 seconds
2017-12-14T01:11:22.870+0100: 6840,672: Total time for which application threads were stopped: 0,0001088 seconds, Stopping threads took: 0,0000295 seconds
2017-12-14T01:11:30.871+0100: 6848,673: Total time for which application threads were stopped: 0,0001332 seconds, Stopping threads took: 0,0000474 seconds
2017-12-14T01:11:40.873+0100: 6858,674: Total time for which application threads were stopped: 0,0001026 seconds, Stopping threads took: 0,0000219 seconds
2017-12-14T01:12:22.878+0100: 6900,680: Total time for which application threads were stopped: 0,0000944 seconds, Stopping threads took: 0,0000240 seconds
2017-12-14T01:12:41.880+0100: 6919,682: Total time for which application threads were stopped: 0,0001427 seconds, Stopping threads took: 0,0000524 seconds
2017-12-14T01:14:33.531+0100: 7031,333: Total time for which application threads were stopped: 0,0003565 seconds, Stopping threads took: 0,0001523 seconds
2017-12-14T01:14:33.632+0100: 7031,434: Total time for which application threads were stopped: 0,0001090 seconds, Stopping threads took: 0,0000267 seconds
2017-12-14T01:14:34.632+0100: 7032,434: Total time for which application threads were stopped: 0,0001901 seconds, Stopping threads took: 0,0000411 seconds
2017-12-14T01:15:50.641+0100: 7108,443: Total time for which application threads were stopped: 0,0002101 seconds, Stopping threads took: 0,0000785 seconds
2017-12-14T01:16:54.879+0100: 7172,681: Total time for which application threads were stopped: 0,0002206 seconds, Stopping threads took: 0,0000663 seconds
2017-12-14T01:16:54.944+0100: 7172,746: Total time for which application threads were stopped: 0,0002399 seconds, Stopping threads took: 0,0000236 seconds
{Heap before GC invocations=12 (full 1):
 par new generation   total 109248K, used 97806K [0x00000000e0000000, 0x00000000e8000000, 0x00000000e8000000)
  eden space 87424K, 100% used [0x00000000e0000000, 0x00000000e5560000, 0x00000000e5560000)
  from space 21824K,  47% used [0x00000000e5560000, 0x00000000e5f83a50, 0x00000000e6ab0000)
  to   space 21824K,   0% used [0x00000000e6ab0000, 0x00000000e6ab0000, 0x00000000e8000000)
 concurrent mark-sweep generation total 393216K, used 6244K [0x00000000e8000000, 0x0000000100000000, 0x0000000100000000)
 Metaspace       used 34096K, capacity 34766K, committed 34840K, reserved 1079296K
  class space    used 3865K, capacity 4053K, committed 4120K, reserved 1048576K
2017-12-14T01:17:23.389+0100: 7201,191: [GC (Allocation Failure) 2017-12-14T01:17:23.390+0100: 7201,192: [ParNew
Desired survivor size 20112992 bytes, new threshold 8 (max 8)
- age   1:    2770600 bytes,    2770600 total
- age   2:       5048 bytes,    2775648 total
- age   3:      25304 bytes,    2800952 total
- age   4:      31488 bytes,    2832440 total
- age   5:     442104 bytes,    3274544 total
- age   6:    2574208 bytes,    5848752 total
- age   7:     956024 bytes,    6804776 total
- age   8:    3654480 bytes,   10459256 total
: 97806K->12893K(109248K), 0,0180169 secs] 104050K->19308K(502464K), 0,0182941 secs] [Times: user=0,04 sys=0,00, real=0,02 secs] 
Heap after GC invocations=13 (full 1):
 par new generation   total 109248K, used 12893K [0x00000000e0000000, 0x00000000e8000000, 0x00000000e8000000)
  eden space 87424K,   0% used [0x00000000e0000000, 0x00000000e0000000, 0x00000000e5560000)
  from space 21824K,  59% used [0x00000000e6ab0000, 0x00000000e7747528, 0x00000000e8000000)
  to   space 21824K,   0% used [0x00000000e5560000, 0x00000000e5560000, 0x00000000e6ab0000)
 concurrent mark-sweep generation total 393216K, used 6414K [0x00000000e8000000, 0x0000000100000000, 0x0000000100000000)
 Metaspace       used 34096K, capacity 34766K, committed 34840K, reserved 1079296K
  class space    used 3865K, capacity 4053K, committed 4120K, reserved 1048576K
}
2017-12-14T01:17:23.408+0100: 7201,210: Total time for which application threads were stopped: 0,0185543 seconds, Stopping threads took: 0,0000261 seconds
2017-12-14T01:17:24.408+0100: 7202,210: Total time for which application threads were stopped: 0,0001634 seconds, Stopping threads took: 0,0001006 seconds
2017-12-14T01:17:44.410+0100: 7222,212: Total time for which application threads were stopped: 0,0001417 seconds, Stopping threads took: 0,0000494 seconds
2017-12-14T01:17:57.412+0100: 7235,214: Total time for which application threads were stopped: 0,0000924 seconds, Stopping threads took: 0,0000236 seconds
2017-12-14T01:19:05.477+0100: 7303,279: Total time for which application threads were stopped: 0,0003275 seconds, Stopping threads took: 0,0000839 seconds
2017-12-14T01:19:05.573+0100: 7303,375: Total time for which application threads were stopped: 0,0001266 seconds, Stopping threads took: 0,0000287 seconds
2017-12-14T01:19:58.110+0100: 7355,912: Total time for which application threads were stopped: 0,0001824 seconds, Stopping threads took: 0,0000747 seconds
2017-12-14T01:19:58.172+0100: 7355,974: Total time for which application threads were stopped: 0,0001328 seconds, Stopping threads took: 0,0000242 seconds
2017-12-14T01:20:33.176+0100: 7390,978: Total time for which application threads were stopped: 0,0000784 seconds, Stopping threads took: 0,0000198 seconds
2017-12-14T01:21:34.182+0100: 7451,984: Total time for which application threads were stopped: 0,0000817 seconds, Stopping threads took: 0,0000211 seconds
2017-12-14T01:21:41.183+0100: 7458,985: Total time for which application threads were stopped: 0,0001304 seconds, Stopping threads took: 0,0000458 seconds
2017-12-14T01:22:37.369+0100: 7515,171: Total time for which application threads were stopped: 0,0003299 seconds, Stopping threads took: 0,0001158 seconds
2017-12-14T01:22:37.449+0100: 7515,251: Total time for which application threads were stopped: 0,0001417 seconds, Stopping threads took: 0,0000297 seconds
2017-12-14T01:23:28.455+0100: 7566,257: Total time for which application threads were stopped: 0,0001404 seconds, Stopping threads took: 0,0000524 seconds
2017-12-14T01:23:33.319+0100: 7571,121: Total time for which application threads were stopped: 0,0002564 seconds, Stopping threads took: 0,0000734 seconds
2017-12-14T01:23:33.374+0100: 7571,176: Total time for which application threads were stopped: 0,0001229 seconds, Stopping threads took: 0,0000248 seconds
{Heap before GC invocations=13 (full 1):
 par new generation   total 109248K, used 100317K [0x00000000e0000000, 0x00000000e8000000, 0x00000000e8000000)
  eden space 87424K, 100% used [0x00000000e0000000, 0x00000000e5560000, 0x00000000e5560000)
  from space 21824K,  59% used [0x00000000e6ab0000, 0x00000000e7747528, 0x00000000e8000000)
  to   space 21824K,   0% used [0x00000000e5560000, 0x00000000e5560000, 0x00000000e6ab0000)
 concurrent mark-sweep generation total 393216K, used 6414K [0x00000000e8000000, 0x0000000100000000, 0x0000000100000000)
 Metaspace       used 34165K, capacity 34772K, committed 34840K, reserved 1079296K
  class space    used 3866K, capacity 4054K, committed 4120K, reserved 1048576K
2017-12-14T01:23:53.776+0100: 7591,578: [GC (Allocation Failure) 2017-12-14T01:23:53.777+0100: 7591,578: [ParNew
Desired survivor size 20112992 bytes, new threshold 8 (max 8)
- age   1:    1053616 bytes,    1053616 total
- age   2:      54040 bytes,    1107656 total
- age   3:       4384 bytes,    1112040 total
- age   4:      25304 bytes,    1137344 total
- age   5:      31368 bytes,    1168712 total
- age   6:     442104 bytes,    1610816 total
- age   7:    2574096 bytes,    4184912 total
- age   8:     955384 bytes,    5140296 total
: 100317K->6721K(109248K), 0,0309592 secs] 106732K->17140K(502464K), 0,0314508 secs] [Times: user=0,10 sys=0,00, real=0,03 secs] 
Heap after GC invocations=14 (full 1):
 par new generation   total 109248K, used 6721K [0x00000000e0000000, 0x00000000e8000000, 0x00000000e8000000)
  eden space 87424K,   0% used [0x00000000e0000000, 0x00000000e0000000, 0x00000000e5560000)
  from space 21824K,  30% used [0x00000000e5560000, 0x00000000e5bf0490, 0x00000000e6ab0000)
  to   space 21824K,   0% used [0x00000000e6ab0000, 0x00000000e6ab0000, 0x00000000e8000000)
 concurrent mark-sweep generation total 393216K, used 10418K [0x00000000e8000000, 0x0000000100000000, 0x0000000100000000)
 Metaspace       used 34165K, capacity 34772K, committed 34840K, reserved 1079296K
  class space    used 3866K, capacity 4054K, committed 4120K, reserved 1048576K
}
2017-12-14T01:23:53.808+0100: 7591,610: Total time for which application threads were stopped: 0,0318765 seconds, Stopping threads took: 0,0000421 seconds
2017-12-14T01:23:54.808+0100: 7592,610: Total time for which application threads were stopped: 0,0001646 seconds, Stopping threads took: 0,0000436 seconds
2017-12-14T01:24:10.810+0100: 7608,612: Total time for which application threads were stopped: 0,0002073 seconds, Stopping threads took: 0,0000497 seconds
2017-12-14T01:24:29.813+0100: 7627,615: Total time for which application threads were stopped: 0,0001525 seconds, Stopping threads took: 0,0000833 seconds
2017-12-14T01:24:37.814+0100: 7635,616: Total time for which application threads were stopped: 0,0001878 seconds, Stopping threads took: 0,0000496 seconds
2017-12-14T01:25:41.822+0100: 7699,624: Total time for which application threads were stopped: 0,0002063 seconds, Stopping threads took: 0,0000860 seconds
2017-12-14T01:25:42.822+0100: 7700,624: Total time for which application threads were stopped: 0,0001623 seconds, Stopping threads took: 0,0000393 seconds
2017-12-14T01:26:25.828+0100: 7743,630: Total time for which application threads were stopped: 0,0000857 seconds, Stopping threads took: 0,0000222 seconds
2017-12-14T01:26:40.830+0100: 7758,632: Total time for which application threads were stopped: 0,0000970 seconds, Stopping threads took: 0,0000230 seconds
{Heap before GC invocations=14 (full 1):
 par new generation   total 109248K, used 93802K [0x00000000e0000000, 0x00000000e8000000, 0x00000000e8000000)
  eden space 87424K,  99% used [0x00000000e0000000, 0x00000000e550a4e8, 0x00000000e5560000)
  from space 21824K,  30% used [0x00000000e5560000, 0x00000000e5bf0490, 0x00000000e6ab0000)
  to   space 21824K,   0% used [0x00000000e6ab0000, 0x00000000e6ab0000, 0x00000000e8000000)
 concurrent mark-sweep generation total 393216K, used 10418K [0x00000000e8000000, 0x0000000100000000, 0x0000000100000000)
 Metaspace       used 34210K, capacity 34836K, committed 35096K, reserved 1081344K
  class space    used 3866K, capacity 4054K, committed 4120K, reserved 1048576K
2017-12-14T01:26:59.001+0100: 7776,803: [GC (Allocation Failure) 2017-12-14T01:26:59.001+0100: 7776,803: [ParNew
Desired survivor size 20112992 bytes, new threshold 8 (max 8)
- age   1:    3447368 bytes,    3447368 total
- age   2:      24968 bytes,    3472336 total
- age   3:      53376 bytes,    3525712 total
- age   4:       3720 bytes,    3529432 total
- age   5:      25304 bytes,    3554736 total
- age   6:      31328 bytes,    3586064 total
- age   7:     442104 bytes,    4028168 total
- age   8:    2574056 bytes,    6602224 total
: 93802K->7917K(109248K), 0,0070819 secs] 104221K->19283K(502464K), 0,0073124 secs] [Times: user=0,02 sys=0,00, real=0,01 secs] 
Heap after GC invocations=15 (full 1):
 par new generation   total 109248K, used 7917K [0x00000000e0000000, 0x00000000e8000000, 0x00000000e8000000)
  eden space 87424K,   0% used [0x00000000e0000000, 0x00000000e0000000, 0x00000000e5560000)
  from space 21824K,  36% used [0x00000000e6ab0000, 0x00000000e726b568, 0x00000000e8000000)
  to   space 21824K,   0% used [0x00000000e5560000, 0x00000000e5560000, 0x00000000e6ab0000)
 concurrent mark-sweep generation total 393216K, used 11366K [0x00000000e8000000, 0x0000000100000000, 0x0000000100000000)
 Metaspace       used 34210K, capacity 34836K, committed 35096K, reserved 1081344K
  class space    used 3866K, capacity 4054K, committed 4120K, reserved 1048576K
}
2017-12-14T01:26:59.008+0100: 7776,810: Total time for which application threads were stopped: 0,0075278 seconds, Stopping threads took: 0,0000218 seconds
2017-12-14T01:27:00.009+0100: 7777,811: Total time for which application threads were stopped: 0,0002283 seconds, Stopping threads took: 0,0000844 seconds
2017-12-14T01:28:26.018+0100: 7863,820: Total time for which application threads were stopped: 0,0000771 seconds, Stopping threads took: 0,0000206 seconds
2017-12-14T01:29:13.023+0100: 7910,825: Total time for which application threads were stopped: 0,0001421 seconds, Stopping threads took: 0,0000321 seconds
2017-12-14T01:29:20.024+0100: 7917,826: Total time for which application threads were stopped: 0,0001016 seconds, Stopping threads took: 0,0000251 seconds
2017-12-14T01:29:36.026+0100: 7933,828: Total time for which application threads were stopped: 0,0001039 seconds, Stopping threads took: 0,0000239 seconds
2017-12-14T01:30:07.029+0100: 7964,831: Total time for which application threads were stopped: 0,0002238 seconds, Stopping threads took: 0,0000575 seconds
2017-12-14T01:30:50.034+0100: 8007,835: Total time for which application threads were stopped: 0,0000861 seconds, Stopping threads took: 0,0000276 seconds
2017-12-14T01:32:39.000+0100: 8116,802: Total time for which application threads were stopped: 0,0001306 seconds, Stopping threads took: 0,0000406 seconds
2017-12-14T01:32:39.061+0100: 8116,863: Total time for which application threads were stopped: 0,0001041 seconds, Stopping threads took: 0,0000218 seconds
2017-12-14T01:32:40.061+0100: 8117,863: Total time for which application threads were stopped: 0,0001177 seconds, Stopping threads took: 0,0000302 seconds
{Heap before GC invocations=15 (full 1):
 par new generation   total 109248K, used 95341K [0x00000000e0000000, 0x00000000e8000000, 0x00000000e8000000)
  eden space 87424K, 100% used [0x00000000e0000000, 0x00000000e5560000, 0x00000000e5560000)
  from space 21824K,  36% used [0x00000000e6ab0000, 0x00000000e726b568, 0x00000000e8000000)
  to   space 21824K,   0% used [0x00000000e5560000, 0x00000000e5560000, 0x00000000e6ab0000)
 concurrent mark-sweep generation total 393216K, used 11366K [0x00000000e8000000, 0x0000000100000000, 0x0000000100000000)
 Metaspace       used 34263K, capacity 34900K, committed 35096K, reserved 1081344K
  class space    used 3866K, capacity 4054K, committed 4120K, reserved 1048576K
2017-12-14T01:32:46.374+0100: 8124,176: [GC (Allocation Failure) 2017-12-14T01:32:46.374+0100: 8124,176: [ParNew
Desired survivor size 20112992 bytes, new threshold 8 (max 8)
- age   1:    2825160 bytes,    2825160 total
- age   2:       2288 bytes,    2827448 total
- age   3:      21728 bytes,    2849176 total
- age   4:      51432 bytes,    2900608 total
- age   5:       3720 bytes,    2904328 total
- age   6:      25304 bytes,    2929632 total
- age   7:      31328 bytes,    2960960 total
- age   8:     442104 bytes,    3403064 total
: 95341K->4474K(109248K), 0,0124174 secs] 106707K->18357K(502464K), 0,0127553 secs] [Times: user=0,04 sys=0,00, real=0,02 secs] 
Heap after GC invocations=16 (full 1):
 par new generation   total 109248K, used 4474K [0x00000000e0000000, 0x00000000e8000000, 0x00000000e8000000)
  eden space 87424K,   0% used [0x00000000e0000000, 0x00000000e0000000, 0x00000000e5560000)
  from space 21824K,  20% used [0x00000000e5560000, 0x00000000e59bea78, 0x00000000e6ab0000)
  to   space 21824K,   0% used [0x00000000e6ab0000, 0x00000000e6ab0000, 0x00000000e8000000)
 concurrent mark-sweep generation total 393216K, used 13883K [0x00000000e8000000, 0x0000000100000000, 0x0000000100000000)
 Metaspace       used 34263K, capacity 34900K, committed 35096K, reserved 1081344K
  class space    used 3866K, capacity 4054K, committed 4120K, reserved 1048576K
}
2017-12-14T01:32:46.387+0100: 8124,189: Total time for which application threads were stopped: 0,0130651 seconds, Stopping threads took: 0,0000309 seconds
2017-12-14T01:32:47.387+0100: 8125,189: Total time for which application threads were stopped: 0,0002150 seconds, Stopping threads took: 0,0000571 seconds
2017-12-14T01:33:08.390+0100: 8146,192: Total time for which application threads were stopped: 0,0000935 seconds, Stopping threads took: 0,0000229 seconds
2017-12-14T01:33:32.393+0100: 8170,195: Total time for which application threads were stopped: 0,0000856 seconds, Stopping threads took: 0,0000202 seconds
2017-12-14T01:33:34.393+0100: 8172,195: Total time for which application threads were stopped: 0,0001292 seconds, Stopping threads took: 0,0000574 seconds
2017-12-14T01:38:26.642+0100: 8464,444: Total time for which application threads were stopped: 0,0003269 seconds, Stopping threads took: 0,0000874 seconds
2017-12-14T01:38:26.676+0100: 8464,478: Total time for which application threads were stopped: 0,0002165 seconds, Stopping threads took: 0,0000419 seconds
2017-12-14T01:38:26.737+0100: 8464,539: Total time for which application threads were stopped: 0,0000918 seconds, Stopping threads took: 0,0000232 seconds
2017-12-14T01:39:06.742+0100: 8504,544: Total time for which application threads were stopped: 0,0000998 seconds, Stopping threads took: 0,0000260 seconds
2017-12-14T01:39:27.744+0100: 8525,546: Total time for which application threads were stopped: 0,0000744 seconds, Stopping threads took: 0,0000202 seconds
2017-12-14T01:39:33.745+0100: 8531,547: Total time for which application threads were stopped: 0,0000778 seconds, Stopping threads took: 0,0000211 seconds
2017-12-14T01:39:40.746+0100: 8538,548: Total time for which application threads were stopped: 0,0001117 seconds, Stopping threads took: 0,0000261 seconds
{Heap before GC invocations=16 (full 1):
 par new generation   total 109248K, used 91878K [0x00000000e0000000, 0x00000000e8000000, 0x00000000e8000000)
  eden space 87424K,  99% used [0x00000000e0000000, 0x00000000e555b130, 0x00000000e5560000)
  from space 21824K,  20% used [0x00000000e5560000, 0x00000000e59bea78, 0x00000000e6ab0000)
  to   space 21824K,   0% used [0x00000000e6ab0000, 0x00000000e6ab0000, 0x00000000e8000000)
 concurrent mark-sweep generation total 393216K, used 13883K [0x00000000e8000000, 0x0000000100000000, 0x0000000100000000)
 Metaspace       used 34352K, capacity 35034K, committed 35352K, reserved 1081344K
  class space    used 3867K, capacity 4055K, committed 4120K, reserved 1048576K
2017-12-14T01:39:44.051+0100: 8541,853: [GC (Allocation Failure) 2017-12-14T01:39:44.051+0100: 8541,853: [ParNew
Desired survivor size 20112992 bytes, new threshold 8 (max 8)
- age   1:    3066608 bytes,    3066608 total
- age   2:       8872 bytes,    3075480 total
- age   3:       2288 bytes,    3077768 total
- age   4:       9048 bytes,    3086816 total
- age   5:      51312 bytes,    3138128 total
- age   6:       3720 bytes,    3141848 total
- age   7:      25304 bytes,    3167152 total
- age   8:      31328 bytes,    3198480 total
: 91878K->4358K(109248K), 0,0112311 secs] 105761K->18675K(502464K), 0,0116194 secs] [Times: user=0,03 sys=0,00, real=0,01 secs] 
Heap after GC invocations=17 (full 1):
 par new generation   total 109248K, used 4358K [0x00000000e0000000, 0x00000000e8000000, 0x00000000e8000000)
  eden space 87424K,   0% used [0x00000000e0000000, 0x00000000e0000000, 0x00000000e5560000)
  from space 21824K,  19% used [0x00000000e6ab0000, 0x00000000e6ef1a10, 0x00000000e8000000)
  to   space 21824K,   0% used [0x00000000e5560000, 0x00000000e5560000, 0x00000000e6ab0000)
 concurrent mark-sweep generation total 393216K, used 14317K [0x00000000e8000000, 0x0000000100000000, 0x0000000100000000)
 Metaspace       used 34352K, capacity 35034K, committed 35352K, reserved 1081344K
  class space    used 3867K, capacity 4055K, committed 4120K, reserved 1048576K
}
2017-12-14T01:39:44.063+0100: 8541,865: Total time for which application threads were stopped: 0,0119594 seconds, Stopping threads took: 0,0000723 seconds
2017-12-14T01:40:19.067+0100: 8576,869: Total time for which application threads were stopped: 0,0002604 seconds, Stopping threads took: 0,0000574 seconds
2017-12-14T01:40:22.067+0100: 8579,869: Total time for which application threads were stopped: 0,0001653 seconds, Stopping threads took: 0,0000457 seconds
2017-12-14T01:40:50.071+0100: 8607,873: Total time for which application threads were stopped: 0,0001504 seconds, Stopping threads took: 0,0000363 seconds
2017-12-14T01:40:55.072+0100: 8612,874: Total time for which application threads were stopped: 0,0000827 seconds, Stopping threads took: 0,0000227 seconds
2017-12-14T01:40:57.072+0100: 8614,874: Total time for which application threads were stopped: 0,0000859 seconds, Stopping threads took: 0,0000226 seconds
2017-12-14T01:41:01.072+0100: 8618,874: Total time for which application threads were stopped: 0,0000914 seconds, Stopping threads took: 0,0000213 seconds
2017-12-14T01:41:26.076+0100: 8643,878: Total time for which application threads were stopped: 0,0001795 seconds, Stopping threads took: 0,0000429 seconds
{Heap before GC invocations=17 (full 1):
 par new generation   total 109248K, used 91782K [0x00000000e0000000, 0x00000000e8000000, 0x00000000e8000000)
  eden space 87424K, 100% used [0x00000000e0000000, 0x00000000e5560000, 0x00000000e5560000)
  from space 21824K,  19% used [0x00000000e6ab0000, 0x00000000e6ef1a10, 0x00000000e8000000)
  to   space 21824K,   0% used [0x00000000e5560000, 0x00000000e5560000, 0x00000000e6ab0000)
 concurrent mark-sweep generation total 393216K, used 14317K [0x00000000e8000000, 0x0000000100000000, 0x0000000100000000)
 Metaspace       used 34422K, capacity 35162K, committed 35352K, reserved 1081344K
  class space    used 3867K, capacity 4055K, committed 4120K, reserved 1048576K
2017-12-14T01:41:33.562+0100: 8651,364: [GC (Allocation Failure) 2017-12-14T01:41:33.563+0100: 8651,365: [ParNew
Desired survivor size 20112992 bytes, new threshold 8 (max 8)
- age   1:    2591648 bytes,    2591648 total
- age   2:      29664 bytes,    2621312 total
- age   3:       8208 bytes,    2629520 total
- age   4:       2288 bytes,    2631808 total
- age   5:       9048 bytes,    2640856 total
- age   6:      51312 bytes,    2692168 total
- age   7:       3720 bytes,    2695888 total
- age   8:      25304 bytes,    2721192 total
: 91782K->3616K(109248K), 0,0066652 secs] 106099K->17964K(502464K), 0,0068797 secs] [Times: user=0,02 sys=0,00, real=0,01 secs] 
Heap after GC invocations=18 (full 1):
 par new generation   total 109248K, used 3616K [0x00000000e0000000, 0x00000000e8000000, 0x00000000e8000000)
  eden space 87424K,   0% used [0x00000000e0000000, 0x00000000e0000000, 0x00000000e5560000)
  from space 21824K,  16% used [0x00000000e5560000, 0x00000000e58e80b0, 0x00000000e6ab0000)
  to   space 21824K,   0% used [0x00000000e6ab0000, 0x00000000e6ab0000, 0x00000000e8000000)
 concurrent mark-sweep generation total 393216K, used 14348K [0x00000000e8000000, 0x0000000100000000, 0x0000000100000000)
 Metaspace       used 34422K, capacity 35162K, committed 35352K, reserved 1081344K
  class space    used 3867K, capacity 4055K, committed 4120K, reserved 1048576K
}
2017-12-14T01:41:33.569+0100: 8651,371: Total time for which application threads were stopped: 0,0070816 seconds, Stopping threads took: 0,0000224 seconds
2017-12-14T01:42:13.574+0100: 8691,376: Total time for which application threads were stopped: 0,0000808 seconds, Stopping threads took: 0,0000222 seconds
2017-12-14T01:42:18.064+0100: 8695,866: Total time for which application threads were stopped: 0,0001406 seconds, Stopping threads took: 0,0000290 seconds
2017-12-14T01:42:31.066+0100: 8708,868: Total time for which application threads were stopped: 0,0000783 seconds, Stopping threads took: 0,0000212 seconds
2017-12-14T01:42:45.068+0100: 8722,870: Total time for which application threads were stopped: 0,0001001 seconds, Stopping threads took: 0,0000237 seconds
2017-12-14T01:42:53.069+0100: 8730,871: Total time for which application threads were stopped: 0,0000788 seconds, Stopping threads took: 0,0000210 seconds
2017-12-14T01:43:17.072+0100: 8754,874: Total time for which application threads were stopped: 0,0001026 seconds, Stopping threads took: 0,0000262 seconds
2017-12-14T01:44:47.625+0100: 8845,427: Total time for which application threads were stopped: 0,0001032 seconds, Stopping threads took: 0,0000300 seconds
{Heap before GC invocations=18 (full 1):
 par new generation   total 109248K, used 91040K [0x00000000e0000000, 0x00000000e8000000, 0x00000000e8000000)
  eden space 87424K, 100% used [0x00000000e0000000, 0x00000000e5560000, 0x00000000e5560000)
  from space 21824K,  16% used [0x00000000e5560000, 0x00000000e58e80b0, 0x00000000e6ab0000)
  to   space 21824K,   0% used [0x00000000e6ab0000, 0x00000000e6ab0000, 0x00000000e8000000)
 concurrent mark-sweep generation total 393216K, used 14348K [0x00000000e8000000, 0x0000000100000000, 0x0000000100000000)
 Metaspace       used 34454K, capacity 35168K, committed 35352K, reserved 1081344K
  class space    used 3868K, capacity 4056K, committed 4120K, reserved 1048576K
2017-12-14T01:44:47.633+0100: 8845,435: [GC (Allocation Failure) 2017-12-14T01:44:47.633+0100: 8845,435: [ParNew
Desired survivor size 20112992 bytes, new threshold 8 (max 8)
- age   1:    1616408 bytes,    1616408 total
- age   2:       7448 bytes,    1623856 total
- age   3:      16128 bytes,    1639984 total
- age   4:       8208 bytes,    1648192 total
- age   5:       2208 bytes,    1650400 total
- age   6:       9048 bytes,    1659448 total
- age   7:      51312 bytes,    1710760 total
- age   8:       3720 bytes,    1714480 total
: 91040K->2447K(109248K), 0,0095199 secs] 105388K->16820K(502464K), 0,0097531 secs] [Times: user=0,02 sys=0,01, real=0,01 secs] 
Heap after GC invocations=19 (full 1):
 par new generation   total 109248K, used 2447K [0x00000000e0000000, 0x00000000e8000000, 0x00000000e8000000)
  eden space 87424K,   0% used [0x00000000e0000000, 0x00000000e0000000, 0x00000000e5560000)
  from space 21824K,  11% used [0x00000000e6ab0000, 0x00000000e6d13c30, 0x00000000e8000000)
  to   space 21824K,   0% used [0x00000000e5560000, 0x00000000e5560000, 0x00000000e6ab0000)
 concurrent mark-sweep generation total 393216K, used 14373K [0x00000000e8000000, 0x0000000100000000, 0x0000000100000000)
 Metaspace       used 34454K, capacity 35168K, committed 35352K, reserved 1081344K
  class space    used 3868K, capacity 4056K, committed 4120K, reserved 1048576K
}
2017-12-14T01:44:47.643+0100: 8845,445: Total time for which application threads were stopped: 0,0099552 seconds, Stopping threads took: 0,0000235 seconds
2017-12-14T01:44:47.685+0100: 8845,487: Total time for which application threads were stopped: 0,0001030 seconds, Stopping threads took: 0,0000232 seconds
2017-12-14T01:45:05.687+0100: 8863,489: Total time for which application threads were stopped: 0,0000793 seconds, Stopping threads took: 0,0000215 seconds
2017-12-14T01:46:13.696+0100: 8931,498: Total time for which application threads were stopped: 0,0000782 seconds, Stopping threads took: 0,0000207 seconds
2017-12-14T01:46:21.697+0100: 8939,499: Total time for which application threads were stopped: 0,0000804 seconds, Stopping threads took: 0,0000215 seconds
2017-12-14T01:47:31.596+0100: 9009,398: Total time for which application threads were stopped: 0,0001879 seconds, Stopping threads took: 0,0000572 seconds
2017-12-14T01:47:31.697+0100: 9009,499: Total time for which application threads were stopped: 0,0001047 seconds, Stopping threads took: 0,0000212 seconds
2017-12-14T01:47:41.698+0100: 9019,500: Total time for which application threads were stopped: 0,0000812 seconds, Stopping threads took: 0,0000217 seconds
2017-12-14T01:47:53.699+0100: 9031,501: Total time for which application threads were stopped: 0,0000793 seconds, Stopping threads took: 0,0000213 seconds
2017-12-14T01:48:49.564+0100: 9087,366: Total time for which application threads were stopped: 0,0002422 seconds, Stopping threads took: 0,0000609 seconds
2017-12-14T01:48:49.690+0100: 9087,491: Total time for which application threads were stopped: 0,0001953 seconds, Stopping threads took: 0,0000231 seconds
2017-12-14T01:48:50.022+0100: 9087,824: Total time for which application threads were stopped: 0,0001523 seconds, Stopping threads took: 0,0000698 seconds
{Heap before GC invocations=19 (full 1):
 par new generation   total 109248K, used 89673K [0x00000000e0000000, 0x00000000e8000000, 0x00000000e8000000)
  eden space 87424K,  99% used [0x00000000e0000000, 0x00000000e552eac0, 0x00000000e5560000)
  from space 21824K,  11% used [0x00000000e6ab0000, 0x00000000e6d13c30, 0x00000000e8000000)
  to   space 21824K,   0% used [0x00000000e5560000, 0x00000000e5560000, 0x00000000e6ab0000)
 concurrent mark-sweep generation total 393216K, used 14373K [0x00000000e8000000, 0x0000000100000000, 0x0000000100000000)
 Metaspace       used 34495K, capacity 35168K, committed 35352K, reserved 1081344K
  class space    used 3868K, capacity 4056K, committed 4120K, reserved 1048576K
2017-12-14T01:48:53.846+0100: 9091,648: [GC (Allocation Failure) 2017-12-14T01:48:53.846+0100: 9091,648: [ParNew
Desired survivor size 20112992 bytes, new threshold 8 (max 8)
- age   1:    3531608 bytes,    3531608 total
- age   2:       3664 bytes,    3535272 total
- age   3:       4296 bytes,    3539568 total
- age   4:      16128 bytes,    3555696 total
- age   5:       8208 bytes,    3563904 total
- age   6:       2208 bytes,    3566112 total
- age   7:       9048 bytes,    3575160 total
- age   8:      51312 bytes,    3626472 total
: 89673K->4123K(109248K), 0,0102173 secs] 104046K->18499K(502464K), 0,0105678 secs] [Times: user=0,02 sys=0,00, real=0,02 secs] 
Heap after GC invocations=20 (full 1):
 par new generation   total 109248K, used 4123K [0x00000000e0000000, 0x00000000e8000000, 0x00000000e8000000)
  eden space 87424K,   0% used [0x00000000e0000000, 0x00000000e0000000, 0x00000000e5560000)
  from space 21824K,  18% used [0x00000000e5560000, 0x00000000e5966c88, 0x00000000e6ab0000)
  to   space 21824K,   0% used [0x00000000e6ab0000, 0x00000000e6ab0000, 0x00000000e8000000)
 concurrent mark-sweep generation total 393216K, used 14376K [0x00000000e8000000, 0x0000000100000000, 0x0000000100000000)
 Metaspace       used 34495K, capacity 35168K, committed 35352K, reserved 1081344K
  class space    used 3868K, capacity 4056K, committed 4120K, reserved 1048576K
}
2017-12-14T01:48:53.857+0100: 9091,659: Total time for which application threads were stopped: 0,0108914 seconds, Stopping threads took: 0,0000428 seconds
2017-12-14T01:49:15.860+0100: 9113,662: Total time for which application threads were stopped: 0,0000873 seconds, Stopping threads took: 0,0000229 seconds
2017-12-14T01:50:05.866+0100: 9163,668: Total time for which application threads were stopped: 0,0002539 seconds, Stopping threads took: 0,0001023 seconds
2017-12-14T01:50:11.966+0100: 9169,768: Total time for which application threads were stopped: 0,0001311 seconds, Stopping threads took: 0,0000255 seconds
2017-12-14T01:50:12.065+0100: 9169,867: Total time for which application threads were stopped: 0,0001027 seconds, Stopping threads took: 0,0000221 seconds
2017-12-14T01:50:25.067+0100: 9182,869: Total time for which application threads were stopped: 0,0000887 seconds, Stopping threads took: 0,0000196 seconds
2017-12-14T01:50:48.070+0100: 9205,872: Total time for which application threads were stopped: 0,0000881 seconds, Stopping threads took: 0,0000215 seconds
2017-12-14T01:50:55.071+0100: 9212,873: Total time for which application threads were stopped: 0,0000779 seconds, Stopping threads took: 0,0000190 seconds
2017-12-14T01:51:01.071+0100: 9218,873: Total time for which application threads were stopped: 0,0000807 seconds, Stopping threads took: 0,0000220 seconds
2017-12-14T01:51:08.072+0100: 9225,874: Total time for which application threads were stopped: 0,0000984 seconds, Stopping threads took: 0,0000245 seconds
2017-12-14T01:51:44.077+0100: 9261,879: Total time for which application threads were stopped: 0,0000772 seconds, Stopping threads took: 0,0000191 seconds
2017-12-14T01:52:18.080+0100: 9295,882: Total time for which application threads were stopped: 0,0001142 seconds, Stopping threads took: 0,0000398 seconds
{Heap before GC invocations=20 (full 1):
 par new generation   total 109248K, used 91547K [0x00000000e0000000, 0x00000000e8000000, 0x00000000e8000000)
  eden space 87424K, 100% used [0x00000000e0000000, 0x00000000e5560000, 0x00000000e5560000)
  from space 21824K,  18% used [0x00000000e5560000, 0x00000000e5966c88, 0x00000000e6ab0000)
  to   space 21824K,   0% used [0x00000000e6ab0000, 0x00000000e6ab0000, 0x00000000e8000000)
 concurrent mark-sweep generation total 393216K, used 14376K [0x00000000e8000000, 0x0000000100000000, 0x0000000100000000)
 Metaspace       used 34602K, capacity 35264K, committed 35352K, reserved 1081344K
  class space    used 3872K, capacity 4088K, committed 4120K, reserved 1048576K
2017-12-14T01:52:30.337+0100: 9308,139: [GC (Allocation Failure) 2017-12-14T01:52:30.337+0100: 9308,139: [ParNew
Desired survivor size 20112992 bytes, new threshold 8 (max 8)
- age   1:    2740736 bytes,    2740736 total
- age   2:      29064 bytes,    2769800 total
- age   3:       3632 bytes,    2773432 total
- age   4:       3632 bytes,    2777064 total
- age   5:      15464 bytes,    2792528 total
- age   6:       8208 bytes,    2800736 total
- age   7:       2208 bytes,    2802944 total
- age   8:       9048 bytes,    2811992 total
: 91547K->4795K(109248K), 0,0146289 secs] 105923K->19222K(502464K), 0,0149564 secs] [Times: user=0,03 sys=0,00, real=0,01 secs] 
Heap after GC invocations=21 (full 1):
 par new generation   total 109248K, used 4795K [0x00000000e0000000, 0x00000000e8000000, 0x00000000e8000000)
  eden space 87424K,   0% used [0x00000000e0000000, 0x00000000e0000000, 0x00000000e5560000)
  from space 21824K,  21% used [0x00000000e6ab0000, 0x00000000e6f5ef48, 0x00000000e8000000)
  to   space 21824K,   0% used [0x00000000e5560000, 0x00000000e5560000, 0x00000000e6ab0000)
 concurrent mark-sweep generation total 393216K, used 14427K [0x00000000e8000000, 0x0000000100000000, 0x0000000100000000)
 Metaspace       used 34602K, capacity 35264K, committed 35352K, reserved 1081344K
  class space    used 3872K, capacity 4088K, committed 4120K, reserved 1048576K
}
2017-12-14T01:52:30.352+0100: 9308,154: Total time for which application threads were stopped: 0,0152318 seconds, Stopping threads took: 0,0000220 seconds
2017-12-14T01:52:36.353+0100: 9314,155: Total time for which application threads were stopped: 0,0001398 seconds, Stopping threads took: 0,0000364 seconds
2017-12-14T01:53:40.361+0100: 9378,163: Total time for which application threads were stopped: 0,0000809 seconds, Stopping threads took: 0,0000210 seconds
2017-12-14T01:53:57.363+0100: 9395,165: Total time for which application threads were stopped: 0,0001010 seconds, Stopping threads took: 0,0000310 seconds
2017-12-14T01:54:04.364+0100: 9402,166: Total time for which application threads were stopped: 0,0000805 seconds, Stopping threads took: 0,0000215 seconds
2017-12-14T01:54:18.366+0100: 9416,168: Total time for which application threads were stopped: 0,0000796 seconds, Stopping threads took: 0,0000212 seconds
{Heap before GC invocations=21 (full 1):
 par new generation   total 109248K, used 92207K [0x00000000e0000000, 0x00000000e8000000, 0x00000000e8000000)
  eden space 87424K,  99% used [0x00000000e0000000, 0x00000000e555cdd8, 0x00000000e5560000)
  from space 21824K,  21% used [0x00000000e6ab0000, 0x00000000e6f5ef48, 0x00000000e8000000)
  to   space 21824K,   0% used [0x00000000e5560000, 0x00000000e5560000, 0x00000000e6ab0000)
 concurrent mark-sweep generation total 393216K, used 14427K [0x00000000e8000000, 0x0000000100000000, 0x0000000100000000)
 Metaspace       used 34612K, capacity 35264K, committed 35352K, reserved 1081344K
  class space    used 3872K, capacity 4088K, committed 4120K, reserved 1048576K
2017-12-14T01:54:22.472+0100: 9420,273: [GC (Allocation Failure) 2017-12-14T01:54:22.472+0100: 9420,274: [ParNew
Desired survivor size 20112992 bytes, new threshold 8 (max 8)
- age   1:     899512 bytes,     899512 total
- age   2:      95704 bytes,     995216 total
- age   3:      29064 bytes,    1024280 total
- age   4:       3552 bytes,    1027832 total
- age   5:       3632 bytes,    1031464 total
- age   6:      15464 bytes,    1046928 total
- age   7:       8208 bytes,    1055136 total
- age   8:       2208 bytes,    1057344 total
: 92207K->2057K(109248K), 0,0124834 secs] 106634K->16493K(502464K), 0,0126876 secs] [Times: user=0,02 sys=0,00, real=0,01 secs] 
Heap after GC invocations=22 (full 1):
 par new generation   total 109248K, used 2057K [0x00000000e0000000, 0x00000000e8000000, 0x00000000e8000000)
  eden space 87424K,   0% used [0x00000000e0000000, 0x00000000e0000000, 0x00000000e5560000)
  from space 21824K,   9% used [0x00000000e5560000, 0x00000000e57625c0, 0x00000000e6ab0000)
  to   space 21824K,   0% used [0x00000000e6ab0000, 0x00000000e6ab0000, 0x00000000e8000000)
 concurrent mark-sweep generation total 393216K, used 14436K [0x00000000e8000000, 0x0000000100000000, 0x0000000100000000)
 Metaspace       used 34612K, capacity 35264K, committed 35352K, reserved 1081344K
  class space    used 3872K, capacity 4088K, committed 4120K, reserved 1048576K
}
2017-12-14T01:54:22.484+0100: 9420,286: Total time for which application threads were stopped: 0,0129068 seconds, Stopping threads took: 0,0000230 seconds
2017-12-14T01:54:26.485+0100: 9424,287: Total time for which application threads were stopped: 0,0001163 seconds, Stopping threads took: 0,0000250 seconds
2017-12-14T01:54:29.485+0100: 9427,287: Total time for which application threads were stopped: 0,0000817 seconds, Stopping threads took: 0,0000216 seconds
2017-12-14T01:54:30.485+0100: 9428,287: Total time for which application threads were stopped: 0,0000783 seconds, Stopping threads took: 0,0000212 seconds
2017-12-14T01:57:45.282+0100: 9623,084: Total time for which application threads were stopped: 0,0002692 seconds, Stopping threads took: 0,0000822 seconds
2017-12-14T01:57:45.408+0100: 9623,210: Total time for which application threads were stopped: 0,0001360 seconds, Stopping threads took: 0,0000328 seconds
2017-12-14T01:57:56.410+0100: 9634,212: Total time for which application threads were stopped: 0,0000953 seconds, Stopping threads took: 0,0000244 seconds
2017-12-14T01:58:32.415+0100: 9670,216: Total time for which application threads were stopped: 0,0001299 seconds, Stopping threads took: 0,0000447 seconds
2017-12-14T01:58:35.415+0100: 9673,217: Total time for which application threads were stopped: 0,0001783 seconds, Stopping threads took: 0,0000486 seconds
2017-12-14T01:58:48.417+0100: 9686,219: Total time for which application threads were stopped: 0,0000837 seconds, Stopping threads took: 0,0000227 seconds
{Heap before GC invocations=22 (full 1):
 par new generation   total 109248K, used 89481K [0x00000000e0000000, 0x00000000e8000000, 0x00000000e8000000)
  eden space 87424K, 100% used [0x00000000e0000000, 0x00000000e5560000, 0x00000000e5560000)
  from space 21824K,   9% used [0x00000000e5560000, 0x00000000e57625c0, 0x00000000e6ab0000)
  to   space 21824K,   0% used [0x00000000e6ab0000, 0x00000000e6ab0000, 0x00000000e8000000)
 concurrent mark-sweep generation total 393216K, used 14436K [0x00000000e8000000, 0x0000000100000000, 0x0000000100000000)
 Metaspace       used 34678K, capacity 35334K, committed 35608K, reserved 1081344K
  class space    used 3872K, capacity 4089K, committed 4120K, reserved 1048576K
2017-12-14T01:59:18.931+0100: 9716,733: [GC (Allocation Failure) 2017-12-14T01:59:18.931+0100: 9716,733: [ParNew
Desired survivor size 20112992 bytes, new threshold 8 (max 8)
- age   1:    2606808 bytes,    2606808 total
- age   2:      64624 bytes,    2671432 total
- age   3:      81776 bytes,    2753208 total
- age   4:      16168 bytes,    2769376 total
- age   5:       3552 bytes,    2772928 total
- age   6:       3632 bytes,    2776560 total
- age   7:      14800 bytes,    2791360 total
- age   8:       8208 bytes,    2799568 total
: 89481K->3207K(109248K), 0,0164875 secs] 103917K->17645K(502464K), 0,0170051 secs] [Times: user=0,04 sys=0,01, real=0,02 secs] 
Heap after GC invocations=23 (full 1):
 par new generation   total 109248K, used 3207K [0x00000000e0000000, 0x00000000e8000000, 0x00000000e8000000)
  eden space 87424K,   0% used [0x00000000e0000000, 0x00000000e0000000, 0x00000000e5560000)
  from space 21824K,  14% used [0x00000000e6ab0000, 0x00000000e6dd1c00, 0x00000000e8000000)
  to   space 21824K,   0% used [0x00000000e5560000, 0x00000000e5560000, 0x00000000e6ab0000)
 concurrent mark-sweep generation total 393216K, used 14438K [0x00000000e8000000, 0x0000000100000000, 0x0000000100000000)
 Metaspace       used 34678K, capacity 35334K, committed 35608K, reserved 1081344K
  class space    used 3872K, capacity 4089K, committed 4120K, reserved 1048576K
}
2017-12-14T01:59:18.948+0100: 9716,750: Total time for which application threads were stopped: 0,0174635 seconds, Stopping threads took: 0,0000458 seconds
2017-12-14T01:59:19.948+0100: 9717,750: Total time for which application threads were stopped: 0,0001157 seconds, Stopping threads took: 0,0000321 seconds
2017-12-14T01:59:25.949+0100: 9723,751: Total time for which application threads were stopped: 0,0001773 seconds, Stopping threads took: 0,0000483 seconds
2017-12-14T02:00:51.974+0100: 9809,776: Total time for which application threads were stopped: 0,0001090 seconds, Stopping threads took: 0,0000263 seconds
2017-12-14T02:00:52.031+0100: 9809,833: Total time for which application threads were stopped: 0,0000923 seconds, Stopping threads took: 0,0000222 seconds
2017-12-14T02:01:09.033+0100: 9826,835: Total time for which application threads were stopped: 0,0001409 seconds, Stopping threads took: 0,0000528 seconds
2017-12-14T02:01:21.035+0100: 9838,837: Total time for which application threads were stopped: 0,0000808 seconds, Stopping threads took: 0,0000205 seconds
2017-12-14T02:01:53.039+0100: 9870,841: Total time for which application threads were stopped: 0,0001082 seconds, Stopping threads took: 0,0000268 seconds
2017-12-14T02:02:08.041+0100: 9885,843: Total time for which application threads were stopped: 0,0002027 seconds, Stopping threads took: 0,0000372 seconds
2017-12-14T02:02:26.043+0100: 9903,845: Total time for which application threads were stopped: 0,0000838 seconds, Stopping threads took: 0,0000224 seconds
2017-12-14T02:02:55.047+0100: 9932,849: Total time for which application threads were stopped: 0,0000894 seconds, Stopping threads took: 0,0000240 seconds
2017-12-14T02:04:05.056+0100: 10002,858: Total time for which application threads were stopped: 0,0001140 seconds, Stopping threads took: 0,0000451 seconds
2017-12-14T02:04:29.665+0100: 10027,467: Total time for which application threads were stopped: 0,0001220 seconds, Stopping threads took: 0,0000210 seconds
2017-12-14T02:04:29.726+0100: 10027,528: Total time for which application threads were stopped: 0,0001024 seconds, Stopping threads took: 0,0000290 seconds
2017-12-14T02:04:30.053+0100: 10027,855: Total time for which application threads were stopped: 0,0001208 seconds, Stopping threads took: 0,0000192 seconds
2017-12-14T02:04:30.053+0100: 10027,855: Total time for which application threads were stopped: 0,0000447 seconds, Stopping threads took: 0,0000073 seconds
2017-12-14T02:04:30.055+0100: 10027,857: Total time for which application threads were stopped: 0,0001307 seconds, Stopping threads took: 0,0000418 seconds
2017-12-14T02:04:30.055+0100: 10027,857: Total time for which application threads were stopped: 0,0000709 seconds, Stopping threads took: 0,0000241 seconds
2017-12-14T02:04:31.056+0100: 10028,858: Total time for which application threads were stopped: 0,0001755 seconds, Stopping threads took: 0,0000425 seconds
2017-12-14T02:04:32.655+0100: 10030,457: Total time for which application threads were stopped: 0,0001294 seconds, Stopping threads took: 0,0000273 seconds
2017-12-14T02:04:32.720+0100: 10030,522: Total time for which application threads were stopped: 0,0001159 seconds, Stopping threads took: 0,0000219 seconds
2017-12-14T02:04:32.722+0100: 10030,524: Total time for which application threads were stopped: 0,0001147 seconds, Stopping threads took: 0,0000201 seconds
2017-12-14T02:04:32.722+0100: 10030,524: Total time for which application threads were stopped: 0,0000638 seconds, Stopping threads took: 0,0000093 seconds
2017-12-14T02:04:32.733+0100: 10030,535: Total time for which application threads were stopped: 0,0001221 seconds, Stopping threads took: 0,0000250 seconds
2017-12-14T02:04:32.734+0100: 10030,536: Total time for which application threads were stopped: 0,0000557 seconds, Stopping threads took: 0,0000132 seconds
2017-12-14T02:04:32.734+0100: 10030,536: Total time for which application threads were stopped: 0,0000575 seconds, Stopping threads took: 0,0000119 seconds
2017-12-14T02:04:32.736+0100: 10030,538: Total time for which application threads were stopped: 0,0001114 seconds, Stopping threads took: 0,0000377 seconds
2017-12-14T02:04:39.737+0100: 10037,539: Total time for which application threads were stopped: 0,0002420 seconds, Stopping threads took: 0,0000503 seconds
2017-12-14T02:05:32.734+0100: 10090,536: Total time for which application threads were stopped: 0,0003249 seconds, Stopping threads took: 0,0001201 seconds
2017-12-14T02:05:32.736+0100: 10090,538: Total time for which application threads were stopped: 0,0001312 seconds, Stopping threads took: 0,0000436 seconds
2017-12-14T02:06:11.958+0100: 10129,760: Total time for which application threads were stopped: 0,0003850 seconds, Stopping threads took: 0,0001440 seconds
2017-12-14T02:06:12.100+0100: 10129,902: Total time for which application threads were stopped: 0,0001498 seconds, Stopping threads took: 0,0000325 seconds
2017-12-14T02:07:29.108+0100: 10206,910: Total time for which application threads were stopped: 0,0002230 seconds, Stopping threads took: 0,0001010 seconds
2017-12-14T02:08:20.464+0100: 10258,266: Total time for which application threads were stopped: 0,0002189 seconds, Stopping threads took: 0,0000399 seconds
{Heap before GC invocations=23 (full 1):
 par new generation   total 109248K, used 90631K [0x00000000e0000000, 0x00000000e8000000, 0x00000000e8000000)
  eden space 87424K, 100% used [0x00000000e0000000, 0x00000000e5560000, 0x00000000e5560000)
  from space 21824K,  14% used [0x00000000e6ab0000, 0x00000000e6dd1c00, 0x00000000e8000000)
  to   space 21824K,   0% used [0x00000000e5560000, 0x00000000e5560000, 0x00000000e6ab0000)
 concurrent mark-sweep generation total 393216K, used 14438K [0x00000000e8000000, 0x0000000100000000, 0x0000000100000000)
 Metaspace       used 34752K, capacity 35398K, committed 35608K, reserved 1081344K
  class space    used 3872K, capacity 4089K, committed 4120K, reserved 1048576K
2017-12-14T02:08:20.475+0100: 10258,277: [GC (Allocation Failure) 2017-12-14T02:08:20.475+0100: 10258,277: [ParNew
Desired survivor size 20112992 bytes, new threshold 8 (max 8)
- age   1:    1102512 bytes,    1102512 total
- age   2:     154656 bytes,    1257168 total
- age   3:      64624 bytes,    1321792 total
- age   4:      81080 bytes,    1402872 total
- age   5:      16168 bytes,    1419040 total
- age   6:       3552 bytes,    1422592 total
- age   7:       3632 bytes,    1426224 total
- age   8:      14800 bytes,    1441024 total
: 90631K->2490K(109248K), 0,0143161 secs] 105069K->16936K(502464K), 0,0145858 secs] [Times: user=0,02 sys=0,00, real=0,01 secs] 
Heap after GC invocations=24 (full 1):
 par new generation   total 109248K, used 2490K [0x00000000e0000000, 0x00000000e8000000, 0x00000000e8000000)
  eden space 87424K,   0% used [0x00000000e0000000, 0x00000000e0000000, 0x00000000e5560000)
  from space 21824K,  11% used [0x00000000e5560000, 0x00000000e57cea30, 0x00000000e6ab0000)
  to   space 21824K,   0% used [0x00000000e6ab0000, 0x00000000e6ab0000, 0x00000000e8000000)
 concurrent mark-sweep generation total 393216K, used 14446K [0x00000000e8000000, 0x0000000100000000, 0x0000000100000000)
 Metaspace       used 34752K, capacity 35398K, committed 35608K, reserved 1081344K
  class space    used 3872K, capacity 4089K, committed 4120K, reserved 1048576K
}
2017-12-14T02:08:20.490+0100: 10258,292: Total time for which application threads were stopped: 0,0148217 seconds, Stopping threads took: 0,0000336 seconds
2017-12-14T02:08:20.524+0100: 10258,326: Total time for which application threads were stopped: 0,0000958 seconds, Stopping threads took: 0,0000205 seconds
2017-12-14T02:08:20.524+0100: 10258,326: Total time for which application threads were stopped: 0,0000465 seconds, Stopping threads took: 0,0000109 seconds
2017-12-14T02:09:11.530+0100: 10309,332: Total time for which application threads were stopped: 0,0001993 seconds, Stopping threads took: 0,0000741 seconds
2017-12-14T02:09:20.913+0100: 10318,715: Total time for which application threads were stopped: 0,0002524 seconds, Stopping threads took: 0,0000471 seconds
2017-12-14T02:09:20.981+0100: 10318,783: Total time for which application threads were stopped: 0,0001270 seconds, Stopping threads took: 0,0000271 seconds
2017-12-14T02:10:46.576+0100: 10404,378: Total time for which application threads were stopped: 0,0003183 seconds, Stopping threads took: 0,0000823 seconds
2017-12-14T02:10:46.644+0100: 10404,446: Total time for which application threads were stopped: 0,0001049 seconds, Stopping threads took: 0,0000235 seconds
2017-12-14T02:11:42.109+0100: 10459,911: Total time for which application threads were stopped: 0,0003114 seconds, Stopping threads took: 0,0000783 seconds
2017-12-14T02:11:42.205+0100: 10460,007: Total time for which application threads were stopped: 0,0001440 seconds, Stopping threads took: 0,0000321 seconds
2017-12-14T02:12:08.208+0100: 10486,010: Total time for which application threads were stopped: 0,0000889 seconds, Stopping threads took: 0,0000235 seconds
2017-12-14T02:13:17.218+0100: 10555,020: Total time for which application threads were stopped: 0,0001328 seconds, Stopping threads took: 0,0000496 seconds
2017-12-14T02:14:09.224+0100: 10607,026: Total time for which application threads were stopped: 0,0001132 seconds, Stopping threads took: 0,0000336 seconds
2017-12-14T02:15:20.931+0100: 10678,733: Total time for which application threads were stopped: 0,0002268 seconds, Stopping threads took: 0,0000715 seconds
{Heap before GC invocations=24 (full 1):
 par new generation   total 109248K, used 89726K [0x00000000e0000000, 0x00000000e8000000, 0x00000000e8000000)
  eden space 87424K,  99% used [0x00000000e0000000, 0x00000000e5530e08, 0x00000000e5560000)
  from space 21824K,  11% used [0x00000000e5560000, 0x00000000e57cea30, 0x00000000e6ab0000)
  to   space 21824K,   0% used [0x00000000e6ab0000, 0x00000000e6ab0000, 0x00000000e8000000)
 concurrent mark-sweep generation total 393216K, used 14446K [0x00000000e8000000, 0x0000000100000000, 0x0000000100000000)
 Metaspace       used 34785K, capacity 35526K, committed 35608K, reserved 1081344K
  class space    used 3872K, capacity 4089K, committed 4120K, reserved 1048576K
2017-12-14T02:15:20.972+0100: 10678,774: [GC (Allocation Failure) 2017-12-14T02:15:20.972+0100: 10678,774: [ParNew
Desired survivor size 20112992 bytes, new threshold 8 (max 8)
- age   1:    3312872 bytes,    3312872 total
- age   2:      13840 bytes,    3326712 total
- age   3:     150744 bytes,    3477456 total
- age   4:      64624 bytes,    3542080 total
- age   5:      70832 bytes,    3612912 total
- age   6:      15480 bytes,    3628392 total
- age   7:       2520 bytes,    3630912 total
- age   8:       2944 bytes,    3633856 total
: 89726K->4230K(109248K), 0,0083184 secs] 104172K->18691K(502464K), 0,0086174 secs] [Times: user=0,03 sys=0,00, real=0,01 secs] 
Heap after GC invocations=25 (full 1):
 par new generation   total 109248K, used 4230K [0x00000000e0000000, 0x00000000e8000000, 0x00000000e8000000)
  eden space 87424K,   0% used [0x00000000e0000000, 0x00000000e0000000, 0x00000000e5560000)
  from space 21824K,  19% used [0x00000000e6ab0000, 0x00000000e6ed1948, 0x00000000e8000000)
  to   space 21824K,   0% used [0x00000000e5560000, 0x00000000e5560000, 0x00000000e6ab0000)
 concurrent mark-sweep generation total 393216K, used 14460K [0x00000000e8000000, 0x0000000100000000, 0x0000000100000000)
 Metaspace       used 34785K, capacity 35526K, committed 35608K, reserved 1081344K
  class space    used 3872K, capacity 4089K, committed 4120K, reserved 1048576K
}
2017-12-14T02:15:20.981+0100: 10678,783: Total time for which application threads were stopped: 0,0088765 seconds, Stopping threads took: 0,0000280 seconds
2017-12-14T02:15:21.004+0100: 10678,806: Total time for which application threads were stopped: 0,0000931 seconds, Stopping threads took: 0,0000247 seconds
2017-12-14T02:17:37.322+0100: 10815,124: Total time for which application threads were stopped: 0,0002749 seconds, Stopping threads took: 0,0000774 seconds
2017-12-14T02:17:38.322+0100: 10816,124: Total time for which application threads were stopped: 0,0000813 seconds, Stopping threads took: 0,0000215 seconds
2017-12-14T02:18:07.676+0100: 10845,478: Total time for which application threads were stopped: 0,0002653 seconds, Stopping threads took: 0,0000745 seconds
2017-12-14T02:18:08.677+0100: 10846,479: Total time for which application threads were stopped: 0,0002336 seconds, Stopping threads took: 0,0000534 seconds
2017-12-14T02:18:12.545+0100: 10850,347: Total time for which application threads were stopped: 0,0001664 seconds, Stopping threads took: 0,0000391 seconds
2017-12-14T02:18:13.545+0100: 10851,347: Total time for which application threads were stopped: 0,0001218 seconds, Stopping threads took: 0,0000365 seconds
2017-12-14T02:18:16.546+0100: 10854,348: Total time for which application threads were stopped: 0,0000838 seconds, Stopping threads took: 0,0000234 seconds
2017-12-14T02:18:20.546+0100: 10858,348: Total time for which application threads were stopped: 0,0000827 seconds, Stopping threads took: 0,0000219 seconds
2017-12-14T02:22:01.211+0100: 11079,013: Total time for which application threads were stopped: 0,0002650 seconds, Stopping threads took: 0,0000759 seconds
2017-12-14T02:22:02.211+0100: 11080,013: Total time for which application threads were stopped: 0,0002118 seconds, Stopping threads took: 0,0000568 seconds
2017-12-14T02:22:09.345+0100: 11087,147: Total time for which application threads were stopped: 0,0002196 seconds, Stopping threads took: 0,0000437 seconds
2017-12-14T02:22:09.446+0100: 11087,248: Total time for which application threads were stopped: 0,0001290 seconds, Stopping threads took: 0,0000298 seconds
2017-12-14T02:22:24.578+0100: 11102,380: Total time for which application threads were stopped: 0,0002352 seconds, Stopping threads took: 0,0000474 seconds
2017-12-14T02:22:28.578+0100: 11106,380: Total time for which application threads were stopped: 0,0000970 seconds, Stopping threads took: 0,0000242 seconds
{Heap before GC invocations=25 (full 1):
 par new generation   total 109248K, used 91654K [0x00000000e0000000, 0x00000000e8000000, 0x00000000e8000000)
  eden space 87424K, 100% used [0x00000000e0000000, 0x00000000e5560000, 0x00000000e5560000)
  from space 21824K,  19% used [0x00000000e6ab0000, 0x00000000e6ed1948, 0x00000000e8000000)
  to   space 21824K,   0% used [0x00000000e5560000, 0x00000000e5560000, 0x00000000e6ab0000)
 concurrent mark-sweep generation total 393216K, used 14460K [0x00000000e8000000, 0x0000000100000000, 0x0000000100000000)
 Metaspace       used 34815K, capacity 35526K, committed 35608K, reserved 1081344K
  class space    used 3872K, capacity 4089K, committed 4120K, reserved 1048576K
2017-12-14T02:22:36.637+0100: 11114,439: [GC (Allocation Failure) 2017-12-14T02:22:36.637+0100: 11114,439: [ParNew
Desired survivor size 20112992 bytes, new threshold 8 (max 8)
- age   1:    3252952 bytes,    3252952 total
- age   2:      39648 bytes,    3292600 total
- age   3:      13360 bytes,    3305960 total
- age   4:     149784 bytes,    3455744 total
- age   5:      54392 bytes,    3510136 total
- age   6:      20488 bytes,    3530624 total
- age   7:      15480 bytes,    3546104 total
- age   8:       2520 bytes,    3548624 total
: 91654K->4775K(109248K), 0,0067407 secs] 106115K->19239K(502464K), 0,0070948 secs] [Times: user=0,02 sys=0,00, real=0,00 secs] 
Heap after GC invocations=26 (full 1):
 par new generation   total 109248K, used 4775K [0x00000000e0000000, 0x00000000e8000000, 0x00000000e8000000)
  eden space 87424K,   0% used [0x00000000e0000000, 0x00000000e0000000, 0x00000000e5560000)
  from space 21824K,  21% used [0x00000000e5560000, 0x00000000e5a09f70, 0x00000000e6ab0000)
  to   space 21824K,   0% used [0x00000000e6ab0000, 0x00000000e6ab0000, 0x00000000e8000000)
 concurrent mark-sweep generation total 393216K, used 14463K [0x00000000e8000000, 0x0000000100000000, 0x0000000100000000)
 Metaspace       used 34815K, capacity 35526K, committed 35608K, reserved 1081344K
  class space    used 3872K, capacity 4089K, committed 4120K, reserved 1048576K
}
2017-12-14T02:22:36.644+0100: 11114,446: Total time for which application threads were stopped: 0,0074496 seconds, Stopping threads took: 0,0000266 seconds
2017-12-14T02:22:44.645+0100: 11122,447: Total time for which application threads were stopped: 0,0000857 seconds, Stopping threads took: 0,0000199 seconds
2017-12-14T02:24:08.093+0100: 11205,895: Total time for which application threads were stopped: 0,0003210 seconds, Stopping threads took: 0,0000942 seconds
2017-12-14T02:24:09.093+0100: 11206,895: Total time for which application threads were stopped: 0,0001750 seconds, Stopping threads took: 0,0000469 seconds
2017-12-14T02:24:21.860+0100: 11219,662: Total time for which application threads were stopped: 0,0001365 seconds, Stopping threads took: 0,0000217 seconds
2017-12-14T02:24:22.860+0100: 11220,662: Total time for which application threads were stopped: 0,0002684 seconds, Stopping threads took: 0,0000917 seconds
2017-12-14T02:24:36.862+0100: 11234,664: Total time for which application threads were stopped: 0,0001654 seconds, Stopping threads took: 0,0000443 seconds
{Heap before GC invocations=26 (full 1):
 par new generation   total 109248K, used 92199K [0x00000000e0000000, 0x00000000e8000000, 0x00000000e8000000)
  eden space 87424K, 100% used [0x00000000e0000000, 0x00000000e5560000, 0x00000000e5560000)
  from space 21824K,  21% used [0x00000000e5560000, 0x00000000e5a09f70, 0x00000000e6ab0000)
  to   space 21824K,   0% used [0x00000000e6ab0000, 0x00000000e6ab0000, 0x00000000e8000000)
 concurrent mark-sweep generation total 393216K, used 14463K [0x00000000e8000000, 0x0000000100000000, 0x0000000100000000)
 Metaspace       used 34824K, capacity 35526K, committed 35608K, reserved 1081344K
  class space    used 3872K, capacity 4089K, committed 4120K, reserved 1048576K
2017-12-14T02:24:54.961+0100: 11252,763: [GC (Allocation Failure) 2017-12-14T02:24:54.961+0100: 11252,763: [ParNew
Desired survivor size 20112992 bytes, new threshold 8 (max 8)
- age   1:    4493632 bytes,    4493632 total
- age   2:     336920 bytes,    4830552 total
- age   3:      38984 bytes,    4869536 total
- age   4:      10952 bytes,    4880488 total
- age   5:     147032 bytes,    5027520 total
- age   6:       4096 bytes,    5031616 total
- age   7:      20488 bytes,    5052104 total
- age   8:      15480 bytes,    5067584 total
: 92199K->6440K(109248K), 0,0077021 secs] 106663K->20907K(502464K), 0,0079051 secs] [Times: user=0,03 sys=0,00, real=0,01 secs] 
Heap after GC invocations=27 (full 1):
 par new generation   total 109248K, used 6440K [0x00000000e0000000, 0x00000000e8000000, 0x00000000e8000000)
  eden space 87424K,   0% used [0x00000000e0000000, 0x00000000e0000000, 0x00000000e5560000)
  from space 21824K,  29% used [0x00000000e6ab0000, 0x00000000e70fa390, 0x00000000e8000000)
  to   space 21824K,   0% used [0x00000000e5560000, 0x00000000e5560000, 0x00000000e6ab0000)
 concurrent mark-sweep generation total 393216K, used 14466K [0x00000000e8000000, 0x0000000100000000, 0x0000000100000000)
 Metaspace       used 34824K, capacity 35526K, committed 35608K, reserved 1081344K
  class space    used 3872K, capacity 4089K, committed 4120K, reserved 1048576K
}
2017-12-14T02:24:54.969+0100: 11252,771: Total time for which application threads were stopped: 0,0081017 seconds, Stopping threads took: 0,0000230 seconds
2017-12-14T02:25:14.971+0100: 11272,773: Total time for which application threads were stopped: 0,0000853 seconds, Stopping threads took: 0,0000254 seconds
2017-12-14T02:25:19.972+0100: 11277,774: Total time for which application threads were stopped: 0,0000918 seconds, Stopping threads took: 0,0000217 seconds
2017-12-14T02:26:21.743+0100: 11339,545: Total time for which application threads were stopped: 0,0002445 seconds, Stopping threads took: 0,0000825 seconds
2017-12-14T02:26:21.860+0100: 11339,662: Total time for which application threads were stopped: 0,0000925 seconds, Stopping threads took: 0,0000227 seconds
2017-12-14T02:26:22.860+0100: 11340,662: Total time for which application threads were stopped: 0,0000994 seconds, Stopping threads took: 0,0000257 seconds
{Heap before GC invocations=27 (full 1):
 par new generation   total 109248K, used 93408K [0x00000000e0000000, 0x00000000e8000000, 0x00000000e8000000)
  eden space 87424K,  99% used [0x00000000e0000000, 0x00000000e54edde8, 0x00000000e5560000)
  from space 21824K,  29% used [0x00000000e6ab0000, 0x00000000e70fa390, 0x00000000e8000000)
  to   space 21824K,   0% used [0x00000000e5560000, 0x00000000e5560000, 0x00000000e6ab0000)
 concurrent mark-sweep generation total 393216K, used 14466K [0x00000000e8000000, 0x0000000100000000, 0x0000000100000000)
 Metaspace       used 34844K, capacity 35526K, committed 35608K, reserved 1081344K
  class space    used 3872K, capacity 4089K, committed 4120K, reserved 1048576K
2017-12-14T02:26:44.807+0100: 11362,609: [GC (Allocation Failure) 2017-12-14T02:26:44.807+0100: 11362,609: [ParNew
Desired survivor size 20112992 bytes, new threshold 8 (max 8)
- age   1:    5602176 bytes,    5602176 total
- age   2:     704184 bytes,    6306360 total
- age   3:     323256 bytes,    6629616 total
- age   4:      38536 bytes,    6668152 total
- age   5:       9360 bytes,    6677512 total
- age   6:     147032 bytes,    6824544 total
- age   7:       4096 bytes,    6828640 total
- age   8:      20488 bytes,    6849128 total
: 93408K->8146K(109248K), 0,0072349 secs] 107874K->22627K(502464K), 0,0075051 secs] [Times: user=0,02 sys=0,00, real=0,01 secs] 
Heap after GC invocations=28 (full 1):
 par new generation   total 109248K, used 8146K [0x00000000e0000000, 0x00000000e8000000, 0x00000000e8000000)
  eden space 87424K,   0% used [0x00000000e0000000, 0x00000000e0000000, 0x00000000e5560000)
  from space 21824K,  37% used [0x00000000e5560000, 0x00000000e5d54828, 0x00000000e6ab0000)
  to   space 21824K,   0% used [0x00000000e6ab0000, 0x00000000e6ab0000, 0x00000000e8000000)
 concurrent mark-sweep generation total 393216K, used 14481K [0x00000000e8000000, 0x0000000100000000, 0x0000000100000000)
 Metaspace       used 34844K, capacity 35526K, committed 35608K, reserved 1081344K
  class space    used 3872K, capacity 4089K, committed 4120K, reserved 1048576K
}
2017-12-14T02:26:44.815+0100: 11362,617: Total time for which application threads were stopped: 0,0077432 seconds, Stopping threads took: 0,0000230 seconds
2017-12-14T02:27:12.819+0100: 11390,621: Total time for which application threads were stopped: 0,0002959 seconds, Stopping threads took: 0,0000673 seconds
2017-12-14T02:27:47.824+0100: 11425,626: Total time for which application threads were stopped: 0,0000791 seconds, Stopping threads took: 0,0000214 seconds
2017-12-14T02:28:12.826+0100: 11450,628: Total time for which application threads were stopped: 0,0000913 seconds, Stopping threads took: 0,0000346 seconds
2017-12-14T02:28:34.829+0100: 11472,631: Total time for which application threads were stopped: 0,0000803 seconds, Stopping threads took: 0,0000220 seconds
{Heap before GC invocations=28 (full 1):
 par new generation   total 109248K, used 95570K [0x00000000e0000000, 0x00000000e8000000, 0x00000000e8000000)
  eden space 87424K, 100% used [0x00000000e0000000, 0x00000000e5560000, 0x00000000e5560000)
  from space 21824K,  37% used [0x00000000e5560000, 0x00000000e5d54828, 0x00000000e6ab0000)
  to   space 21824K,   0% used [0x00000000e6ab0000, 0x00000000e6ab0000, 0x00000000e8000000)
 concurrent mark-sweep generation total 393216K, used 14481K [0x00000000e8000000, 0x0000000100000000, 0x0000000100000000)
 Metaspace       used 34857K, capacity 35526K, committed 35608K, reserved 1081344K
  class space    used 3872K, capacity 4089K, committed 4120K, reserved 1048576K
2017-12-14T02:28:50.971+0100: 11488,773: [GC (Allocation Failure) 2017-12-14T02:28:50.971+0100: 11488,773: [ParNew
Desired survivor size 20112992 bytes, new threshold 8 (max 8)
- age   1:    4810768 bytes,    4810768 total
- age   2:      16240 bytes,    4827008 total
- age   3:     703520 bytes,    5530528 total
- age   4:     323256 bytes,    5853784 total
- age   5:      36472 bytes,    5890256 total
- age   6:       7832 bytes,    5898088 total
- age   7:     147032 bytes,    6045120 total
- age   8:       4096 bytes,    6049216 total
: 95570K->7005K(109248K), 0,0202457 secs] 110051K->21506K(502464K), 0,0204556 secs] [Times: user=0,04 sys=0,00, real=0,02 secs] 
Heap after GC invocations=29 (full 1):
 par new generation   total 109248K, used 7005K [0x00000000e0000000, 0x00000000e8000000, 0x00000000e8000000)
  eden space 87424K,   0% used [0x00000000e0000000, 0x00000000e0000000, 0x00000000e5560000)
  from space 21824K,  32% used [0x00000000e6ab0000, 0x00000000e7187460, 0x00000000e8000000)
  to   space 21824K,   0% used [0x00000000e5560000, 0x00000000e5560000, 0x00000000e6ab0000)
 concurrent mark-sweep generation total 393216K, used 14501K [0x00000000e8000000, 0x0000000100000000, 0x0000000100000000)
 Metaspace       used 34857K, capacity 35526K, committed 35608K, reserved 1081344K
  class space    used 3872K, capacity 4089K, committed 4120K, reserved 1048576K
}
2017-12-14T02:28:50.991+0100: 11488,793: Total time for which application threads were stopped: 0,0206805 seconds, Stopping threads took: 0,0000220 seconds
2017-12-14T02:29:07.993+0100: 11505,795: Total time for which application threads were stopped: 0,0000793 seconds, Stopping threads took: 0,0000219 seconds
2017-12-14T02:31:56.598+0100: 11674,400: Total time for which application threads were stopped: 0,0002533 seconds, Stopping threads took: 0,0000723 seconds
2017-12-14T02:31:56.621+0100: 11674,423: Total time for which application threads were stopped: 0,0001997 seconds, Stopping threads took: 0,0000473 seconds
{Heap before GC invocations=29 (full 1):
 par new generation   total 109248K, used 92772K [0x00000000e0000000, 0x00000000e8000000, 0x00000000e8000000)
  eden space 87424K,  98% used [0x00000000e0000000, 0x00000000e53c1e28, 0x00000000e5560000)
  from space 21824K,  32% used [0x00000000e6ab0000, 0x00000000e7187460, 0x00000000e8000000)
  to   space 21824K,   0% used [0x00000000e5560000, 0x00000000e5560000, 0x00000000e6ab0000)
 concurrent mark-sweep generation total 393216K, used 14501K [0x00000000e8000000, 0x0000000100000000, 0x0000000100000000)
 Metaspace       used 34883K, capacity 35526K, committed 35608K, reserved 1081344K
  class space    used 3873K, capacity 4089K, committed 4120K, reserved 1048576K
2017-12-14T02:31:56.667+0100: 11674,469: [GC (Allocation Failure) 2017-12-14T02:31:56.667+0100: 11674,469: [ParNew
Desired survivor size 20112992 bytes, new threshold 8 (max 8)
- age   1:    5782760 bytes,    5782760 total
- age   2:      70128 bytes,    5852888 total
- age   3:       3552 bytes,    5856440 total
- age   4:     690208 bytes,    6546648 total
- age   5:     323224 bytes,    6869872 total
- age   6:      35096 bytes,    6904968 total
- age   7:       7832 bytes,    6912800 total
- age   8:     147032 bytes,    7059832 total
: 92772K->8626K(109248K), 0,0077892 secs] 107274K->23131K(502464K), 0,0080700 secs] [Times: user=0,03 sys=0,00, real=0,01 secs] 
Heap after GC invocations=30 (full 1):
 par new generation   total 109248K, used 8626K [0x00000000e0000000, 0x00000000e8000000, 0x00000000e8000000)
  eden space 87424K,   0% used [0x00000000e0000000, 0x00000000e0000000, 0x00000000e5560000)
  from space 21824K,  39% used [0x00000000e5560000, 0x00000000e5dcc898, 0x00000000e6ab0000)
  to   space 21824K,   0% used [0x00000000e6ab0000, 0x00000000e6ab0000, 0x00000000e8000000)
 concurrent mark-sweep generation total 393216K, used 14505K [0x00000000e8000000, 0x0000000100000000, 0x0000000100000000)
 Metaspace       used 34883K, capacity 35526K, committed 35608K, reserved 1081344K
  class space    used 3873K, capacity 4089K, committed 4120K, reserved 1048576K
}
2017-12-14T02:31:56.675+0100: 11674,477: Total time for which application threads were stopped: 0,0083329 seconds, Stopping threads took: 0,0000346 seconds
2017-12-14T02:31:56.675+0100: 11674,477: Total time for which application threads were stopped: 0,0002587 seconds, Stopping threads took: 0,0001763 seconds
2017-12-14T02:31:56.704+0100: 11674,506: Total time for which application threads were stopped: 0,0004255 seconds, Stopping threads took: 0,0003458 seconds
2017-12-14T02:33:02.627+0100: 11740,429: Total time for which application threads were stopped: 0,0002746 seconds, Stopping threads took: 0,0000792 seconds
2017-12-14T02:33:02.650+0100: 11740,452: Total time for which application threads were stopped: 0,0001729 seconds, Stopping threads took: 0,0000515 seconds
2017-12-14T02:33:02.754+0100: 11740,556: Total time for which application threads were stopped: 0,0001007 seconds, Stopping threads took: 0,0000263 seconds
2017-12-14T02:33:05.482+0100: 11743,284: Total time for which application threads were stopped: 0,0001651 seconds, Stopping threads took: 0,0000338 seconds
2017-12-14T02:34:29.385+0100: 11827,187: Total time for which application threads were stopped: 0,0002772 seconds, Stopping threads took: 0,0000737 seconds
2017-12-14T02:34:29.481+0100: 11827,283: Total time for which application threads were stopped: 0,0001153 seconds, Stopping threads took: 0,0000279 seconds
2017-12-14T02:34:36.403+0100: 11834,205: Total time for which application threads were stopped: 0,0001267 seconds, Stopping threads took: 0,0000266 seconds
{Heap before GC invocations=30 (full 1):
 par new generation   total 109248K, used 96050K [0x00000000e0000000, 0x00000000e8000000, 0x00000000e8000000)
  eden space 87424K, 100% used [0x00000000e0000000, 0x00000000e5560000, 0x00000000e5560000)
  from space 21824K,  39% used [0x00000000e5560000, 0x00000000e5dcc898, 0x00000000e6ab0000)
  to   space 21824K,   0% used [0x00000000e6ab0000, 0x00000000e6ab0000, 0x00000000e8000000)
 concurrent mark-sweep generation total 393216K, used 14505K [0x00000000e8000000, 0x0000000100000000, 0x0000000100000000)
 Metaspace       used 34898K, capacity 35590K, committed 35864K, reserved 1081344K
  class space    used 3873K, capacity 4089K, committed 4120K, reserved 1048576K
2017-12-14T02:35:03.215+0100: 11861,017: [GC (Allocation Failure) 2017-12-14T02:35:03.216+0100: 11861,018: [ParNew
Desired survivor size 20112992 bytes, new threshold 8 (max 8)
- age   1:    2977088 bytes,    2977088 total
- age   2:      21744 bytes,    2998832 total
- age   3:      70128 bytes,    3068960 total
- age   4:       3520 bytes,    3072480 total
- age   5:     690208 bytes,    3762688 total
- age   6:     322536 bytes,    4085224 total
- age   7:      34408 bytes,    4119632 total
- age   8:       7832 bytes,    4127464 total
: 96050K->7003K(109248K), 0,0068827 secs] 110555K->21654K(502464K), 0,0071425 secs] [Times: user=0,02 sys=0,00, real=0,00 secs] 
Heap after GC invocations=31 (full 1):
 par new generation   total 109248K, used 7003K [0x00000000e0000000, 0x00000000e8000000, 0x00000000e8000000)
  eden space 87424K,   0% used [0x00000000e0000000, 0x00000000e0000000, 0x00000000e5560000)
  from space 21824K,  32% used [0x00000000e6ab0000, 0x00000000e7186e88, 0x00000000e8000000)
  to   space 21824K,   0% used [0x00000000e5560000, 0x00000000e5560000, 0x00000000e6ab0000)
 concurrent mark-sweep generation total 393216K, used 14650K [0x00000000e8000000, 0x0000000100000000, 0x0000000100000000)
 Metaspace       used 34898K, capacity 35590K, committed 35864K, reserved 1081344K
  class space    used 3873K, capacity 4089K, committed 4120K, reserved 1048576K
}
2017-12-14T02:35:03.223+0100: 11861,025: Total time for which application threads were stopped: 0,0073741 seconds, Stopping threads took: 0,0000242 seconds
2017-12-14T02:35:07.223+0100: 11865,025: Total time for which application threads were stopped: 0,0000820 seconds, Stopping threads took: 0,0000229 seconds
2017-12-14T02:35:15.224+0100: 11873,026: Total time for which application threads were stopped: 0,0000994 seconds, Stopping threads took: 0,0000250 seconds
2017-12-14T02:36:49.591+0100: 11967,393: Total time for which application threads were stopped: 0,0001270 seconds, Stopping threads took: 0,0000387 seconds
2017-12-14T02:36:49.602+0100: 11967,404: Total time for which application threads were stopped: 0,0001070 seconds, Stopping threads took: 0,0000220 seconds
{Heap before GC invocations=31 (full 1):
 par new generation   total 109248K, used 94427K [0x00000000e0000000, 0x00000000e8000000, 0x00000000e8000000)
  eden space 87424K, 100% used [0x00000000e0000000, 0x00000000e5560000, 0x00000000e5560000)
  from space 21824K,  32% used [0x00000000e6ab0000, 0x00000000e7186e88, 0x00000000e8000000)
  to   space 21824K,   0% used [0x00000000e5560000, 0x00000000e5560000, 0x00000000e6ab0000)
 concurrent mark-sweep generation total 393216K, used 14650K [0x00000000e8000000, 0x0000000100000000, 0x0000000100000000)
 Metaspace       used 34909K, capacity 35590K, committed 35864K, reserved 1081344K
  class space    used 3873K, capacity 4089K, committed 4120K, reserved 1048576K
2017-12-14T02:36:49.604+0100: 11967,406: [GC (Allocation Failure) 2017-12-14T02:36:49.604+0100: 11967,406: [ParNew
Desired survivor size 20112992 bytes, new threshold 8 (max 8)
- age   1:    2684256 bytes,    2684256 total
- age   2:      18336 bytes,    2702592 total
- age   3:      21712 bytes,    2724304 total
- age   4:      70128 bytes,    2794432 total
- age   5:       3520 bytes,    2797952 total
- age   6:     687880 bytes,    3485832 total
- age   7:     320816 bytes,    3806648 total
- age   8:      34408 bytes,    3841056 total
: 94427K->5418K(109248K), 0,0066235 secs] 109078K->20077K(502464K), 0,0068545 secs] [Times: user=0,02 sys=0,00, real=0,01 secs] 
Heap after GC invocations=32 (full 1):
 par new generation   total 109248K, used 5418K [0x00000000e0000000, 0x00000000e8000000, 0x00000000e8000000)
  eden space 87424K,   0% used [0x00000000e0000000, 0x00000000e0000000, 0x00000000e5560000)
  from space 21824K,  24% used [0x00000000e5560000, 0x00000000e5aaaba8, 0x00000000e6ab0000)
  to   space 21824K,   0% used [0x00000000e6ab0000, 0x00000000e6ab0000, 0x00000000e8000000)
 concurrent mark-sweep generation total 393216K, used 14658K [0x00000000e8000000, 0x0000000100000000, 0x0000000100000000)
 Metaspace       used 34909K, capacity 35590K, committed 35864K, reserved 1081344K
  class space    used 3873K, capacity 4089K, committed 4120K, reserved 1048576K
}
2017-12-14T02:36:49.611+0100: 11967,413: Total time for which application threads were stopped: 0,0070397 seconds, Stopping threads took: 0,0000183 seconds
2017-12-14T02:36:49.685+0100: 11967,487: Total time for which application threads were stopped: 0,0001113 seconds, Stopping threads took: 0,0000272 seconds
2017-12-14T02:37:59.676+0100: 12037,478: Total time for which application threads were stopped: 0,0001423 seconds, Stopping threads took: 0,0000222 seconds
2017-12-14T02:38:00.676+0100: 12038,478: Total time for which application threads were stopped: 0,0000849 seconds, Stopping threads took: 0,0000233 seconds
2017-12-14T02:38:19.679+0100: 12057,481: Total time for which application threads were stopped: 0,0000996 seconds, Stopping threads took: 0,0000429 seconds
2017-12-14T02:39:29.347+0100: 12127,149: Total time for which application threads were stopped: 0,0001098 seconds, Stopping threads took: 0,0000390 seconds
{Heap before GC invocations=32 (full 1):
 par new generation   total 109248K, used 91923K [0x00000000e0000000, 0x00000000e8000000, 0x00000000e8000000)
  eden space 87424K,  98% used [0x00000000e0000000, 0x00000000e547a178, 0x00000000e5560000)
  from space 21824K,  24% used [0x00000000e5560000, 0x00000000e5aaaba8, 0x00000000e6ab0000)
  to   space 21824K,   0% used [0x00000000e6ab0000, 0x00000000e6ab0000, 0x00000000e8000000)
 concurrent mark-sweep generation total 393216K, used 14658K [0x00000000e8000000, 0x0000000100000000, 0x0000000100000000)
 Metaspace       used 34935K, capacity 35590K, committed 35864K, reserved 1081344K
  class space    used 3873K, capacity 4089K, committed 4120K, reserved 1048576K
2017-12-14T02:39:29.395+0100: 12127,197: [GC (Allocation Failure) 2017-12-14T02:39:29.395+0100: 12127,197: [ParNew
Desired survivor size 20112992 bytes, new threshold 8 (max 8)
- age   1:    4689984 bytes,    4689984 total
- age   2:     168376 bytes,    4858360 total
- age   3:       5488 bytes,    4863848 total
- age   4:      21712 bytes,    4885560 total
- age   5:      70128 bytes,    4955688 total
- age   6:       3520 bytes,    4959208 total
- age   7:     671592 bytes,    5630800 total
- age   8:     320472 bytes,    5951272 total
: 91923K->6866K(109248K), 0,0121324 secs] 106581K->21558K(502464K), 0,0123350 secs] [Times: user=0,03 sys=0,00, real=0,01 secs] 
Heap after GC invocations=33 (full 1):
 par new generation   total 109248K, used 6866K [0x00000000e0000000, 0x00000000e8000000, 0x00000000e8000000)
  eden space 87424K,   0% used [0x00000000e0000000, 0x00000000e0000000, 0x00000000e5560000)
  from space 21824K,  31% used [0x00000000e6ab0000, 0x00000000e71648b0, 0x00000000e8000000)
  to   space 21824K,   0% used [0x00000000e5560000, 0x00000000e5560000, 0x00000000e6ab0000)
 concurrent mark-sweep generation total 393216K, used 14692K [0x00000000e8000000, 0x0000000100000000, 0x0000000100000000)
 Metaspace       used 34935K, capacity 35590K, committed 35864K, reserved 1081344K
  class space    used 3873K, capacity 4089K, committed 4120K, reserved 1048576K
}
2017-12-14T02:39:29.407+0100: 12127,209: Total time for which application threads were stopped: 0,0126078 seconds, Stopping threads took: 0,0000225 seconds
2017-12-14T02:39:29.437+0100: 12127,239: Total time for which application threads were stopped: 0,0001912 seconds, Stopping threads took: 0,0000257 seconds
2017-12-14T02:39:29.526+0100: 12127,328: Total time for which application threads were stopped: 0,0001055 seconds, Stopping threads took: 0,0000262 seconds
2017-12-14T02:40:05.530+0100: 12163,332: Total time for which application threads were stopped: 0,0001023 seconds, Stopping threads took: 0,0000253 seconds
2017-12-14T02:40:07.531+0100: 12165,333: Total time for which application threads were stopped: 0,0000985 seconds, Stopping threads took: 0,0000255 seconds
{Heap before GC invocations=33 (full 1):
 par new generation   total 109248K, used 94290K [0x00000000e0000000, 0x00000000e8000000, 0x00000000e8000000)
  eden space 87424K, 100% used [0x00000000e0000000, 0x00000000e5560000, 0x00000000e5560000)
  from space 21824K,  31% used [0x00000000e6ab0000, 0x00000000e71648b0, 0x00000000e8000000)
  to   space 21824K,   0% used [0x00000000e5560000, 0x00000000e5560000, 0x00000000e6ab0000)
 concurrent mark-sweep generation total 393216K, used 14692K [0x00000000e8000000, 0x0000000100000000, 0x0000000100000000)
 Metaspace       used 34941K, capacity 35590K, committed 35864K, reserved 1081344K
  class space    used 3873K, capacity 4089K, committed 4120K, reserved 1048576K
2017-12-14T02:40:52.995+0100: 12210,797: [GC (Allocation Failure) 2017-12-14T02:40:52.995+0100: 12210,797: [ParNew
Desired survivor size 20112992 bytes, new threshold 8 (max 8)
- age   1:    4666896 bytes,    4666896 total
- age   2:      15944 bytes,    4682840 total
- age   3:     168376 bytes,    4851216 total
- age   4:       5488 bytes,    4856704 total
- age   5:      21712 bytes,    4878416 total
- age   6:      70128 bytes,    4948544 total
- age   7:       2856 bytes,    4951400 total
- age   8:     542216 bytes,    5493616 total
: 94290K->7404K(109248K), 0,0109951 secs] 108982K->22411K(502464K), 0,0112190 secs] [Times: user=0,03 sys=0,00, real=0,00 secs] 
Heap after GC invocations=34 (full 1):
 par new generation   total 109248K, used 7404K [0x00000000e0000000, 0x00000000e8000000, 0x00000000e8000000)
  eden space 87424K,   0% used [0x00000000e0000000, 0x00000000e0000000, 0x00000000e5560000)
  from space 21824K,  33% used [0x00000000e5560000, 0x00000000e5c9b138, 0x00000000e6ab0000)
  to   space 21824K,   0% used [0x00000000e6ab0000, 0x00000000e6ab0000, 0x00000000e8000000)
 concurrent mark-sweep generation total 393216K, used 15007K [0x00000000e8000000, 0x0000000100000000, 0x0000000100000000)
 Metaspace       used 34941K, capacity 35590K, committed 35864K, reserved 1081344K
  class space    used 3873K, capacity 4089K, committed 4120K, reserved 1048576K
}
2017-12-14T02:40:53.006+0100: 12210,808: Total time for which application threads were stopped: 0,0114437 seconds, Stopping threads took: 0,0000228 seconds
2017-12-14T02:41:01.007+0100: 12218,809: Total time for which application threads were stopped: 0,0001015 seconds, Stopping threads took: 0,0000254 seconds
2017-12-14T02:41:20.009+0100: 12237,811: Total time for which application threads were stopped: 0,0000951 seconds, Stopping threads took: 0,0000227 seconds
{Heap before GC invocations=34 (full 1):
 par new generation   total 109248K, used 94828K [0x00000000e0000000, 0x00000000e8000000, 0x00000000e8000000)
  eden space 87424K, 100% used [0x00000000e0000000, 0x00000000e5560000, 0x00000000e5560000)
  from space 21824K,  33% used [0x00000000e5560000, 0x00000000e5c9b138, 0x00000000e6ab0000)
  to   space 21824K,   0% used [0x00000000e6ab0000, 0x00000000e6ab0000, 0x00000000e8000000)
 concurrent mark-sweep generation total 393216K, used 15007K [0x00000000e8000000, 0x0000000100000000, 0x0000000100000000)
 Metaspace       used 34949K, capacity 35590K, committed 35864K, reserved 1081344K
  class space    used 3873K, capacity 4089K, committed 4120K, reserved 1048576K
2017-12-14T02:41:26.193+0100: 12243,995: [GC (Allocation Failure) 2017-12-14T02:41:26.194+0100: 12243,996: [ParNew
Desired survivor size 20112992 bytes, new threshold 8 (max 8)
- age   1:    4631000 bytes,    4631000 total
- age   2:      28984 bytes,    4659984 total
- age   3:      15640 bytes,    4675624 total
- age   4:     155760 bytes,    4831384 total
- age   5:       5456 bytes,    4836840 total
- age   6:       9848 bytes,    4846688 total
- age   7:      69680 bytes,    4916368 total
- age   8:       2640 bytes,    4919008 total
: 94828K->6979K(109248K), 0,0082171 secs] 109835K->22469K(502464K), 0,0086107 secs] [Times: user=0,03 sys=0,00, real=0,01 secs] 
Heap after GC invocations=35 (full 1):
 par new generation   total 109248K, used 6979K [0x00000000e0000000, 0x00000000e8000000, 0x00000000e8000000)
  eden space 87424K,   0% used [0x00000000e0000000, 0x00000000e0000000, 0x00000000e5560000)
  from space 21824K,  31% used [0x00000000e6ab0000, 0x00000000e7180c90, 0x00000000e8000000)
  to   space 21824K,   0% used [0x00000000e5560000, 0x00000000e5560000, 0x00000000e6ab0000)
 concurrent mark-sweep generation total 393216K, used 15490K [0x00000000e8000000, 0x0000000100000000, 0x0000000100000000)
 Metaspace       used 34949K, capacity 35590K, committed 35864K, reserved 1081344K
  class space    used 3873K, capacity 4089K, committed 4120K, reserved 1048576K
}
2017-12-14T02:41:26.202+0100: 12244,004: Total time for which application threads were stopped: 0,0088723 seconds, Stopping threads took: 0,0000303 seconds
2017-12-14T02:41:47.205+0100: 12265,007: Total time for which application threads were stopped: 0,0000888 seconds, Stopping threads took: 0,0000250 seconds
2017-12-14T02:41:58.206+0100: 12276,008: Total time for which application threads were stopped: 0,0000790 seconds, Stopping threads took: 0,0000211 seconds
2017-12-14T02:42:54.375+0100: 12332,177: Total time for which application threads were stopped: 0,0003017 seconds, Stopping threads took: 0,0000774 seconds
2017-12-14T02:42:54.450+0100: 12332,252: Total time for which application threads were stopped: 0,0001667 seconds, Stopping threads took: 0,0000369 seconds
2017-12-14T02:42:59.451+0100: 12337,253: Total time for which application threads were stopped: 0,0001150 seconds, Stopping threads took: 0,0000313 seconds
{Heap before GC invocations=35 (full 1):
 par new generation   total 109248K, used 94184K [0x00000000e0000000, 0x00000000e8000000, 0x00000000e8000000)
  eden space 87424K,  99% used [0x00000000e0000000, 0x00000000e55294b8, 0x00000000e5560000)
  from space 21824K,  31% used [0x00000000e6ab0000, 0x00000000e7180c90, 0x00000000e8000000)
  to   space 21824K,   0% used [0x00000000e5560000, 0x00000000e5560000, 0x00000000e6ab0000)
 concurrent mark-sweep generation total 393216K, used 15490K [0x00000000e8000000, 0x0000000100000000, 0x0000000100000000)
 Metaspace       used 34974K, capacity 35590K, committed 35864K, reserved 1081344K
  class space    used 3873K, capacity 4089K, committed 4120K, reserved 1048576K
2017-12-14T02:43:01.104+0100: 12338,906: [GC (Allocation Failure) 2017-12-14T02:43:01.104+0100: 12338,906: [ParNew
Desired survivor size 20112992 bytes, new threshold 8 (max 8)
- age   1:    3202840 bytes,    3202840 total
- age   2:       4296 bytes,    3207136 total
- age   3:      28920 bytes,    3236056 total
- age   4:       2296 bytes,    3238352 total
- age   5:     155728 bytes,    3394080 total
- age   6:       5456 bytes,    3399536 total
- age   7:       9848 bytes,    3409384 total
- age   8:      54344 bytes,    3463728 total
: 94184K->4395K(109248K), 0,0234498 secs] 109675K->19887K(502464K), 0,0237943 secs] [Times: user=0,05 sys=0,01, real=0,03 secs] 
Heap after GC invocations=36 (full 1):
 par new generation   total 109248K, used 4395K [0x00000000e0000000, 0x00000000e8000000, 0x00000000e8000000)
  eden space 87424K,   0% used [0x00000000e0000000, 0x00000000e0000000, 0x00000000e5560000)
  from space 21824K,  20% used [0x00000000e5560000, 0x00000000e59aaf20, 0x00000000e6ab0000)
  to   space 21824K,   0% used [0x00000000e6ab0000, 0x00000000e6ab0000, 0x00000000e8000000)
 concurrent mark-sweep generation total 393216K, used 15491K [0x00000000e8000000, 0x0000000100000000, 0x0000000100000000)
 Metaspace       used 34974K, capacity 35590K, committed 35864K, reserved 1081344K
  class space    used 3873K, capacity 4089K, committed 4120K, reserved 1048576K
}
2017-12-14T02:43:01.128+0100: 12338,930: Total time for which application threads were stopped: 0,0242202 seconds, Stopping threads took: 0,0000424 seconds
2017-12-14T02:43:29.131+0100: 12366,933: Total time for which application threads were stopped: 0,0000893 seconds, Stopping threads took: 0,0000225 seconds
2017-12-14T02:43:33.132+0100: 12370,934: Total time for which application threads were stopped: 0,0001094 seconds, Stopping threads took: 0,0000252 seconds
2017-12-14T02:44:35.886+0100: 12433,688: Total time for which application threads were stopped: 0,0001912 seconds, Stopping threads took: 0,0000646 seconds
2017-12-14T02:44:35.961+0100: 12433,763: Total time for which application threads were stopped: 0,0001050 seconds, Stopping threads took: 0,0000228 seconds
{Heap before GC invocations=36 (full 1):
 par new generation   total 109248K, used 90422K [0x00000000e0000000, 0x00000000e8000000, 0x00000000e8000000)
  eden space 87424K,  98% used [0x00000000e0000000, 0x00000000e5402988, 0x00000000e5560000)
  from space 21824K,  20% used [0x00000000e5560000, 0x00000000e59aaf20, 0x00000000e6ab0000)
  to   space 21824K,   0% used [0x00000000e6ab0000, 0x00000000e6ab0000, 0x00000000e8000000)
 concurrent mark-sweep generation total 393216K, used 15491K [0x00000000e8000000, 0x0000000100000000, 0x0000000100000000)
 Metaspace       used 34977K, capacity 35590K, committed 35864K, reserved 1081344K
  class space    used 3873K, capacity 4089K, committed 4120K, reserved 1048576K
2017-12-14T02:44:57.133+0100: 12454,935: [GC (Allocation Failure) 2017-12-14T02:44:57.133+0100: 12454,935: [ParNew
Desired survivor size 20112992 bytes, new threshold 8 (max 8)
- age   1:    5608192 bytes,    5608192 total
- age   2:       7656 bytes,    5615848 total
- age   3:       4264 bytes,    5620112 total
- age   4:      28920 bytes,    5649032 total
- age   5:       2296 bytes,    5651328 total
- age   6:     155728 bytes,    5807056 total
- age   7:       5456 bytes,    5812512 total
- age   8:       9848 bytes,    5822360 total
: 90422K->6829K(109248K), 0,0068052 secs] 105914K->22326K(502464K), 0,0070472 secs] [Times: user=0,03 sys=0,00, real=0,01 secs] 
Heap after GC invocations=37 (full 1):
 par new generation   total 109248K, used 6829K [0x00000000e0000000, 0x00000000e8000000, 0x00000000e8000000)
  eden space 87424K,   0% used [0x00000000e0000000, 0x00000000e0000000, 0x00000000e5560000)
  from space 21824K,  31% used [0x00000000e6ab0000, 0x00000000e715b740, 0x00000000e8000000)
  to   space 21824K,   0% used [0x00000000e5560000, 0x00000000e5560000, 0x00000000e6ab0000)
 concurrent mark-sweep generation total 393216K, used 15496K [0x00000000e8000000, 0x0000000100000000, 0x0000000100000000)
 Metaspace       used 34977K, capacity 35590K, committed 35864K, reserved 1081344K
  class space    used 3873K, capacity 4089K, committed 4120K, reserved 1048576K
}
2017-12-14T02:44:57.140+0100: 12454,942: Total time for which application threads were stopped: 0,0072615 seconds, Stopping threads took: 0,0000241 seconds
2017-12-14T02:46:13.149+0100: 12530,951: Total time for which application threads were stopped: 0,0000786 seconds, Stopping threads took: 0,0000221 seconds
{Heap before GC invocations=37 (full 1):
 par new generation   total 109248K, used 94253K [0x00000000e0000000, 0x00000000e8000000, 0x00000000e8000000)
  eden space 87424K, 100% used [0x00000000e0000000, 0x00000000e5560000, 0x00000000e5560000)
  from space 21824K,  31% used [0x00000000e6ab0000, 0x00000000e715b740, 0x00000000e8000000)
  to   space 21824K,   0% used [0x00000000e5560000, 0x00000000e5560000, 0x00000000e6ab0000)
 concurrent mark-sweep generation total 393216K, used 15496K [0x00000000e8000000, 0x0000000100000000, 0x0000000100000000)
 Metaspace       used 34987K, capacity 35654K, committed 35864K, reserved 1081344K
  class space    used 3873K, capacity 4089K, committed 4120K, reserved 1048576K
2017-12-14T02:47:21.221+0100: 12599,023: [GC (Allocation Failure) 2017-12-14T02:47:21.221+0100: 12599,023: [ParNew
Desired survivor size 20112992 bytes, new threshold 8 (max 8)
- age   1:    4448136 bytes,    4448136 total
- age   2:      16152 bytes,    4464288 total
- age   3:       7208 bytes,    4471496 total
- age   4:       2720 bytes,    4474216 total
- age   5:      28920 bytes,    4503136 total
- age   6:       2296 bytes,    4505432 total
- age   7:     155536 bytes,    4660968 total
- age   8:       5456 bytes,    4666424 total
: 94253K->5958K(109248K), 0,0066230 secs] 109750K->21464K(502464K), 0,0068664 secs] [Times: user=0,02 sys=0,00, real=0,01 secs] 
Heap after GC invocations=38 (full 1):
 par new generation   total 109248K, used 5958K [0x00000000e0000000, 0x00000000e8000000, 0x00000000e8000000)
  eden space 87424K,   0% used [0x00000000e0000000, 0x00000000e0000000, 0x00000000e5560000)
  from space 21824K,  27% used [0x00000000e5560000, 0x00000000e5b31900, 0x00000000e6ab0000)
  to   space 21824K,   0% used [0x00000000e6ab0000, 0x00000000e6ab0000, 0x00000000e8000000)
 concurrent mark-sweep generation total 393216K, used 15506K [0x00000000e8000000, 0x0000000100000000, 0x0000000100000000)
 Metaspace       used 34987K, capacity 35654K, committed 35864K, reserved 1081344K
  class space    used 3873K, capacity 4089K, committed 4120K, reserved 1048576K
}
2017-12-14T02:47:21.228+0100: 12599,030: Total time for which application threads were stopped: 0,0070840 seconds, Stopping threads took: 0,0000224 seconds
2017-12-14T02:47:31.229+0100: 12609,031: Total time for which application threads were stopped: 0,0000890 seconds, Stopping threads took: 0,0000206 seconds
2017-12-14T02:47:40.230+0100: 12618,032: Total time for which application threads were stopped: 0,0000988 seconds, Stopping threads took: 0,0000252 seconds
2017-12-14T02:55:03.835+0100: 13061,637: Total time for which application threads were stopped: 0,0001600 seconds, Stopping threads took: 0,0000451 seconds
2017-12-14T02:55:03.888+0100: 13061,690: Total time for which application threads were stopped: 0,0000852 seconds, Stopping threads took: 0,0000226 seconds
2017-12-14T02:56:48.565+0100: 13166,367: Total time for which application threads were stopped: 0,0002112 seconds, Stopping threads took: 0,0000284 seconds
2017-12-14T02:56:48.688+0100: 13166,490: Total time for which application threads were stopped: 0,0001098 seconds, Stopping threads took: 0,0000242 seconds
2017-12-14T02:56:48.688+0100: 13166,490: Total time for which application threads were stopped: 0,0000467 seconds, Stopping threads took: 0,0000143 seconds
2017-12-14T02:56:49.688+0100: 13167,490: Total time for which application threads were stopped: 0,0000771 seconds, Stopping threads took: 0,0000209 seconds
2017-12-14T02:57:52.640+0100: 13230,441: Total time for which application threads were stopped: 0,0002176 seconds, Stopping threads took: 0,0000632 seconds
{Heap before GC invocations=38 (full 1):
 par new generation   total 109248K, used 93320K [0x00000000e0000000, 0x00000000e8000000, 0x00000000e8000000)
  eden space 87424K,  99% used [0x00000000e0000000, 0x00000000e5550808, 0x00000000e5560000)
  from space 21824K,  27% used [0x00000000e5560000, 0x00000000e5b31900, 0x00000000e6ab0000)
  to   space 21824K,   0% used [0x00000000e6ab0000, 0x00000000e6ab0000, 0x00000000e8000000)
 concurrent mark-sweep generation total 393216K, used 15506K [0x00000000e8000000, 0x0000000100000000, 0x0000000100000000)
 Metaspace       used 34996K, capacity 35660K, committed 35864K, reserved 1081344K
  class space    used 3874K, capacity 4090K, committed 4120K, reserved 1048576K
2017-12-14T02:57:52.703+0100: 13230,505: [GC (Allocation Failure) 2017-12-14T02:57:52.703+0100: 13230,505: [ParNew
Desired survivor size 20112992 bytes, new threshold 8 (max 8)
- age   1:     818408 bytes,     818408 total
- age   2:     205336 bytes,    1023744 total
- age   3:       3232 bytes,    1026976 total
- age   4:       4072 bytes,    1031048 total
- age   5:       2720 bytes,    1033768 total
- age   6:      28256 bytes,    1062024 total
- age   7:       2296 bytes,    1064320 total
- age   8:     155536 bytes,    1219856 total
: 93320K->2803K(109248K), 0,0082426 secs] 108826K->18314K(502464K), 0,0085453 secs] [Times: user=0,02 sys=0,01, real=0,01 secs] 
Heap after GC invocations=39 (full 1):
 par new generation   total 109248K, used 2803K [0x00000000e0000000, 0x00000000e8000000, 0x00000000e8000000)
  eden space 87424K,   0% used [0x00000000e0000000, 0x00000000e0000000, 0x00000000e5560000)
  from space 21824K,  12% used [0x00000000e6ab0000, 0x00000000e6d6cca0, 0x00000000e8000000)
  to   space 21824K,   0% used [0x00000000e5560000, 0x00000000e5560000, 0x00000000e6ab0000)
 concurrent mark-sweep generation total 393216K, used 15510K [0x00000000e8000000, 0x0000000100000000, 0x0000000100000000)
 Metaspace       used 34996K, capacity 35660K, committed 35864K, reserved 1081344K
  class space    used 3874K, capacity 4090K, committed 4120K, reserved 1048576K
}
2017-12-14T02:57:52.712+0100: 13230,514: Total time for which application threads were stopped: 0,0088504 seconds, Stopping threads took: 0,0000270 seconds
2017-12-14T02:57:52.776+0100: 13230,578: Total time for which application threads were stopped: 0,0000952 seconds, Stopping threads took: 0,0000229 seconds
2017-12-14T02:58:51.782+0100: 13289,584: Total time for which application threads were stopped: 0,0000984 seconds, Stopping threads took: 0,0000238 seconds
2017-12-14T02:58:58.783+0100: 13296,585: Total time for which application threads were stopped: 0,0000784 seconds, Stopping threads took: 0,0000207 seconds
2017-12-14T02:59:36.787+0100: 13334,589: Total time for which application threads were stopped: 0,0000983 seconds, Stopping threads took: 0,0000243 seconds
2017-12-14T02:59:49.789+0100: 13347,591: Total time for which application threads were stopped: 0,0001171 seconds, Stopping threads took: 0,0000342 seconds
{Heap before GC invocations=39 (full 1):
 par new generation   total 109248K, used 90074K [0x00000000e0000000, 0x00000000e8000000, 0x00000000e8000000)
  eden space 87424K,  99% used [0x00000000e0000000, 0x00000000e5539e48, 0x00000000e5560000)
  from space 21824K,  12% used [0x00000000e6ab0000, 0x00000000e6d6cca0, 0x00000000e8000000)
  to   space 21824K,   0% used [0x00000000e5560000, 0x00000000e5560000, 0x00000000e6ab0000)
 concurrent mark-sweep generation total 393216K, used 15510K [0x00000000e8000000, 0x0000000100000000, 0x0000000100000000)
 Metaspace       used 35007K, capacity 35660K, committed 35864K, reserved 1081344K
  class space    used 3874K, capacity 4090K, committed 4120K, reserved 1048576K
2017-12-14T03:00:19.098+0100: 13376,900: [GC (Allocation Failure) 2017-12-14T03:00:19.098+0100: 13376,900: [ParNew
Desired survivor size 20112992 bytes, new threshold 8 (max 8)
- age   1:    3203840 bytes,    3203840 total
- age   2:      59216 bytes,    3263056 total
- age   3:     204008 bytes,    3467064 total
- age   4:       2568 bytes,    3469632 total
- age   5:       4072 bytes,    3473704 total
- age   6:       2720 bytes,    3476424 total
- age   7:      25760 bytes,    3502184 total
- age   8:       2296 bytes,    3504480 total
: 90074K->3686K(109248K), 0,0147866 secs] 105585K->19348K(502464K), 0,0150919 secs] [Times: user=0,03 sys=0,00, real=0,01 secs] 
Heap after GC invocations=40 (full 1):
 par new generation   total 109248K, used 3686K [0x00000000e0000000, 0x00000000e8000000, 0x00000000e8000000)
  eden space 87424K,   0% used [0x00000000e0000000, 0x00000000e0000000, 0x00000000e5560000)
  from space 21824K,  16% used [0x00000000e5560000, 0x00000000e58f9928, 0x00000000e6ab0000)
  to   space 21824K,   0% used [0x00000000e6ab0000, 0x00000000e6ab0000, 0x00000000e8000000)
 concurrent mark-sweep generation total 393216K, used 15661K [0x00000000e8000000, 0x0000000100000000, 0x0000000100000000)
 Metaspace       used 35007K, capacity 35660K, committed 35864K, reserved 1081344K
  class space    used 3874K, capacity 4090K, committed 4120K, reserved 1048576K
}
2017-12-14T03:00:19.113+0100: 13376,915: Total time for which application threads were stopped: 0,0154456 seconds, Stopping threads took: 0,0000365 seconds
2017-12-14T03:00:39.116+0100: 13396,918: Total time for which application threads were stopped: 0,0000918 seconds, Stopping threads took: 0,0000229 seconds
2017-12-14T03:03:36.404+0100: 13574,206: Total time for which application threads were stopped: 0,0002262 seconds, Stopping threads took: 0,0000616 seconds
2017-12-14T03:03:36.595+0100: 13574,397: Total time for which application threads were stopped: 0,0001198 seconds, Stopping threads took: 0,0000232 seconds
2017-12-14T03:04:34.566+0100: 13632,368: Total time for which application threads were stopped: 0,0001206 seconds, Stopping threads took: 0,0000398 seconds
2017-12-14T03:04:34.670+0100: 13632,472: Total time for which application threads were stopped: 0,0001454 seconds, Stopping threads took: 0,0000375 seconds
2017-12-14T03:06:10.841+0100: 13728,643: Total time for which application threads were stopped: 0,0001643 seconds, Stopping threads took: 0,0000454 seconds
2017-12-14T03:06:10.969+0100: 13728,771: Total time for which application threads were stopped: 0,0001015 seconds, Stopping threads took: 0,0000216 seconds
2017-12-14T03:08:18.919+0100: 13856,721: Total time for which application threads were stopped: 0,0000967 seconds, Stopping threads took: 0,0000331 seconds
{Heap before GC invocations=40 (full 1):
 par new generation   total 109248K, used 90359K [0x00000000e0000000, 0x00000000e8000000, 0x00000000e8000000)
  eden space 87424K,  99% used [0x00000000e0000000, 0x00000000e54a4658, 0x00000000e5560000)
  from space 21824K,  16% used [0x00000000e5560000, 0x00000000e58f9928, 0x00000000e6ab0000)
  to   space 21824K,   0% used [0x00000000e6ab0000, 0x00000000e6ab0000, 0x00000000e8000000)
 concurrent mark-sweep generation total 393216K, used 15661K [0x00000000e8000000, 0x0000000100000000, 0x0000000100000000)
 Metaspace       used 35027K, capacity 35660K, committed 35864K, reserved 1081344K
  class space    used 3874K, capacity 4090K, committed 4120K, reserved 1048576K
2017-12-14T03:08:18.959+0100: 13856,761: [GC (Allocation Failure) 2017-12-14T03:08:18.959+0100: 13856,761: [ParNew
Desired survivor size 20112992 bytes, new threshold 8 (max 8)
- age   1:    3866912 bytes,    3866912 total
- age   2:       5616 bytes,    3872528 total
- age   3:      33152 bytes,    3905680 total
- age   4:     204008 bytes,    4109688 total
- age   5:       2568 bytes,    4112256 total
- age   6:       4072 bytes,    4116328 total
- age   7:       2720 bytes,    4119048 total
- age   8:      25416 bytes,    4144464 total
: 90359K->6135K(109248K), 0,0104070 secs] 106021K->21798K(502464K), 0,0106482 secs] [Times: user=0,02 sys=0,00, real=0,01 secs] 
Heap after GC invocations=41 (full 1):
 par new generation   total 109248K, used 6135K [0x00000000e0000000, 0x00000000e8000000, 0x00000000e8000000)
  eden space 87424K,   0% used [0x00000000e0000000, 0x00000000e0000000, 0x00000000e5560000)
  from space 21824K,  28% used [0x00000000e6ab0000, 0x00000000e70adf90, 0x00000000e8000000)
  to   space 21824K,   0% used [0x00000000e5560000, 0x00000000e5560000, 0x00000000e6ab0000)
 concurrent mark-sweep generation total 393216K, used 15662K [0x00000000e8000000, 0x0000000100000000, 0x0000000100000000)
 Metaspace       used 35027K, capacity 35660K, committed 35864K, reserved 1081344K
  class space    used 3874K, capacity 4090K, committed 4120K, reserved 1048576K
}
2017-12-14T03:08:18.969+0100: 13856,771: Total time for which application threads were stopped: 0,0108599 seconds, Stopping threads took: 0,0000217 seconds
2017-12-14T03:08:19.054+0100: 13856,856: Total time for which application threads were stopped: 0,0001081 seconds, Stopping threads took: 0,0000296 seconds
2017-12-14T03:08:20.054+0100: 13857,856: Total time for which application threads were stopped: 0,0000987 seconds, Stopping threads took: 0,0000256 seconds
2017-12-14T03:08:31.055+0100: 13868,857: Total time for which application threads were stopped: 0,0000801 seconds, Stopping threads took: 0,0000214 seconds
2017-12-14T03:12:25.069+0100: 14102,871: Total time for which application threads were stopped: 0,0002009 seconds, Stopping threads took: 0,0000585 seconds
2017-12-14T03:12:25.211+0100: 14103,013: Total time for which application threads were stopped: 0,0000848 seconds, Stopping threads took: 0,0000180 seconds
2017-12-14T03:13:23.383+0100: 14161,185: Total time for which application threads were stopped: 0,0007138 seconds, Stopping threads took: 0,0005680 seconds
2017-12-14T03:13:23.501+0100: 14161,303: Total time for which application threads were stopped: 0,0001115 seconds, Stopping threads took: 0,0000232 seconds
2017-12-14T03:13:24.501+0100: 14162,303: Total time for which application threads were stopped: 0,0001020 seconds, Stopping threads took: 0,0000235 seconds
2017-12-14T03:15:25.097+0100: 14282,899: Total time for which application threads were stopped: 0,0001857 seconds, Stopping threads took: 0,0000468 seconds
2017-12-14T03:15:25.242+0100: 14283,044: Total time for which application threads were stopped: 0,0001112 seconds, Stopping threads took: 0,0000255 seconds
{Heap before GC invocations=41 (full 1):
 par new generation   total 109248K, used 93452K [0x00000000e0000000, 0x00000000e8000000, 0x00000000e8000000)
  eden space 87424K,  99% used [0x00000000e0000000, 0x00000000e5545120, 0x00000000e5560000)
  from space 21824K,  28% used [0x00000000e6ab0000, 0x00000000e70adf90, 0x00000000e8000000)
  to   space 21824K,   0% used [0x00000000e5560000, 0x00000000e5560000, 0x00000000e6ab0000)
 concurrent mark-sweep generation total 393216K, used 15662K [0x00000000e8000000, 0x0000000100000000, 0x0000000100000000)
 Metaspace       used 35044K, capacity 35660K, committed 35864K, reserved 1081344K
  class space    used 3875K, capacity 4090K, committed 4120K, reserved 1048576K
2017-12-14T03:16:08.554+0100: 14326,356: [GC (Allocation Failure) 2017-12-14T03:16:08.554+0100: 14326,356: [ParNew
Desired survivor size 20112992 bytes, new threshold 8 (max 8)
- age   1:    4655120 bytes,    4655120 total
- age   2:       7016 bytes,    4662136 total
- age   3:       5616 bytes,    4667752 total
- age   4:      33152 bytes,    4700904 total
- age   5:     204008 bytes,    4904912 total
- age   6:       2568 bytes,    4907480 total
- age   7:       4072 bytes,    4911552 total
- age   8:       2720 bytes,    4914272 total
: 93452K->5759K(109248K), 0,0151033 secs] 109114K->21430K(502464K), 0,0153812 secs] [Times: user=0,04 sys=0,00, real=0,02 secs] 
Heap after GC invocations=42 (full 1):
 par new generation   total 109248K, used 5759K [0x00000000e0000000, 0x00000000e8000000, 0x00000000e8000000)
  eden space 87424K,   0% used [0x00000000e0000000, 0x00000000e0000000, 0x00000000e5560000)
  from space 21824K,  26% used [0x00000000e5560000, 0x00000000e5affce8, 0x00000000e6ab0000)
  to   space 21824K,   0% used [0x00000000e6ab0000, 0x00000000e6ab0000, 0x00000000e8000000)
 concurrent mark-sweep generation total 393216K, used 15670K [0x00000000e8000000, 0x0000000100000000, 0x0000000100000000)
 Metaspace       used 35044K, capacity 35660K, committed 35864K, reserved 1081344K
  class space    used 3875K, capacity 4090K, committed 4120K, reserved 1048576K
}
2017-12-14T03:16:08.569+0100: 14326,371: Total time for which application threads were stopped: 0,0156540 seconds, Stopping threads took: 0,0000252 seconds
2017-12-14T03:17:07.105+0100: 14384,907: Total time for which application threads were stopped: 0,0001273 seconds, Stopping threads took: 0,0000496 seconds
2017-12-14T03:17:07.198+0100: 14385,000: Total time for which application threads were stopped: 0,0001025 seconds, Stopping threads took: 0,0000227 seconds
2017-12-14T03:23:34.585+0100: 14772,387: Total time for which application threads were stopped: 0,0001701 seconds, Stopping threads took: 0,0000760 seconds
2017-12-14T03:23:34.693+0100: 14772,495: Total time for which application threads were stopped: 0,0001024 seconds, Stopping threads took: 0,0000223 seconds
2017-12-14T03:23:35.694+0100: 14773,495: Total time for which application threads were stopped: 0,0000963 seconds, Stopping threads took: 0,0000268 seconds
2017-12-14T03:24:21.699+0100: 14819,501: Total time for which application threads were stopped: 0,0000805 seconds, Stopping threads took: 0,0000204 seconds
{Heap before GC invocations=42 (full 1):
 par new generation   total 109248K, used 93183K [0x00000000e0000000, 0x00000000e8000000, 0x00000000e8000000)
  eden space 87424K, 100% used [0x00000000e0000000, 0x00000000e5560000, 0x00000000e5560000)
  from space 21824K,  26% used [0x00000000e5560000, 0x00000000e5affce8, 0x00000000e6ab0000)
  to   space 21824K,   0% used [0x00000000e6ab0000, 0x00000000e6ab0000, 0x00000000e8000000)
 concurrent mark-sweep generation total 393216K, used 15670K [0x00000000e8000000, 0x0000000100000000, 0x0000000100000000)
 Metaspace       used 35051K, capacity 35660K, committed 35864K, reserved 1081344K
  class space    used 3875K, capacity 4090K, committed 4120K, reserved 1048576K
2017-12-14T03:25:02.166+0100: 14859,968: [GC (Allocation Failure) 2017-12-14T03:25:02.166+0100: 14859,968: [ParNew
Desired survivor size 20112992 bytes, new threshold 8 (max 8)
- age   1:    1472912 bytes,    1472912 total
- age   2:      21472 bytes,    1494384 total
- age   3:       7016 bytes,    1501400 total
- age   4:       4952 bytes,    1506352 total
- age   5:      33152 bytes,    1539504 total
- age   6:     204008 bytes,    1743512 total
- age   7:       2568 bytes,    1746080 total
- age   8:       4072 bytes,    1750152 total
: 93183K->4794K(109248K), 0,0194800 secs] 108854K->20467K(502464K), 0,0198539 secs] [Times: user=0,04 sys=0,00, real=0,02 secs] 
Heap after GC invocations=43 (full 1):
 par new generation   total 109248K, used 4794K [0x00000000e0000000, 0x00000000e8000000, 0x00000000e8000000)
  eden space 87424K,   0% used [0x00000000e0000000, 0x00000000e0000000, 0x00000000e5560000)
  from space 21824K,  21% used [0x00000000e6ab0000, 0x00000000e6f5ea40, 0x00000000e8000000)
  to   space 21824K,   0% used [0x00000000e5560000, 0x00000000e5560000, 0x00000000e6ab0000)
 concurrent mark-sweep generation total 393216K, used 15673K [0x00000000e8000000, 0x0000000100000000, 0x0000000100000000)
 Metaspace       used 35051K, capacity 35660K, committed 35864K, reserved 1081344K
  class space    used 3875K, capacity 4090K, committed 4120K, reserved 1048576K
}
2017-12-14T03:25:02.186+0100: 14859,988: Total time for which application threads were stopped: 0,0201792 seconds, Stopping threads took: 0,0000357 seconds
2017-12-14T03:26:16.888+0100: 14934,690: Total time for which application threads were stopped: 0,0001735 seconds, Stopping threads took: 0,0000477 seconds
2017-12-14T03:26:17.000+0100: 14934,801: Total time for which application threads were stopped: 0,0000996 seconds, Stopping threads took: 0,0000215 seconds
2017-12-14T03:27:22.961+0100: 15000,763: Total time for which application threads were stopped: 0,0002316 seconds, Stopping threads took: 0,0000624 seconds
2017-12-14T03:27:23.129+0100: 15000,931: Total time for which application threads were stopped: 0,0001102 seconds, Stopping threads took: 0,0000239 seconds
{Heap before GC invocations=43 (full 1):
 par new generation   total 109248K, used 92218K [0x00000000e0000000, 0x00000000e8000000, 0x00000000e8000000)
  eden space 87424K, 100% used [0x00000000e0000000, 0x00000000e5560000, 0x00000000e5560000)
  from space 21824K,  21% used [0x00000000e6ab0000, 0x00000000e6f5ea40, 0x00000000e8000000)
  to   space 21824K,   0% used [0x00000000e5560000, 0x00000000e5560000, 0x00000000e6ab0000)
 concurrent mark-sweep generation total 393216K, used 15673K [0x00000000e8000000, 0x0000000100000000, 0x0000000100000000)
 Metaspace       used 35055K, capacity 35660K, committed 35864K, reserved 1081344K
  class space    used 3875K, capacity 4090K, committed 4120K, reserved 1048576K
2017-12-14T03:28:35.330+0100: 15073,132: [GC (Allocation Failure) 2017-12-14T03:28:35.331+0100: 15073,133: [ParNew
Desired survivor size 20112992 bytes, new threshold 8 (max 8)
- age   1:    3397864 bytes,    3397864 total
- age   2:       3312 bytes,    3401176 total
- age   3:       9576 bytes,    3410752 total
- age   4:       7016 bytes,    3417768 total
- age   5:       3624 bytes,    3421392 total
- age   6:      33152 bytes,    3454544 total
- age   7:     204008 bytes,    3658552 total
- age   8:       2568 bytes,    3661120 total
: 92218K->4181K(109248K), 0,0094470 secs] 107891K->19858K(502464K), 0,0097526 secs] [Times: user=0,02 sys=0,00, real=0,01 secs] 
Heap after GC invocations=44 (full 1):
 par new generation   total 109248K, used 4181K [0x00000000e0000000, 0x00000000e8000000, 0x00000000e8000000)
  eden space 87424K,   0% used [0x00000000e0000000, 0x00000000e0000000, 0x00000000e5560000)
  from space 21824K,  19% used [0x00000000e5560000, 0x00000000e59757a0, 0x00000000e6ab0000)
  to   space 21824K,   0% used [0x00000000e6ab0000, 0x00000000e6ab0000, 0x00000000e8000000)
 concurrent mark-sweep generation total 393216K, used 15676K [0x00000000e8000000, 0x0000000100000000, 0x0000000100000000)
 Metaspace       used 35055K, capacity 35660K, committed 35864K, reserved 1081344K
  class space    used 3875K, capacity 4090K, committed 4120K, reserved 1048576K
}
2017-12-14T03:28:35.340+0100: 15073,142: Total time for which application threads were stopped: 0,0100515 seconds, Stopping threads took: 0,0000276 seconds
2017-12-14T03:28:36.341+0100: 15074,143: Total time for which application threads were stopped: 0,0000798 seconds, Stopping threads took: 0,0000207 seconds
2017-12-14T03:29:58.350+0100: 15156,152: Total time for which application threads were stopped: 0,0000936 seconds, Stopping threads took: 0,0000234 seconds
2017-12-14T03:30:38.355+0100: 15196,157: Total time for which application threads were stopped: 0,0000993 seconds, Stopping threads took: 0,0000261 seconds
{Heap before GC invocations=44 (full 1):
 par new generation   total 109248K, used 91308K [0x00000000e0000000, 0x00000000e8000000, 0x00000000e8000000)
  eden space 87424K,  99% used [0x00000000e0000000, 0x00000000e5515b80, 0x00000000e5560000)
  from space 21824K,  19% used [0x00000000e5560000, 0x00000000e59757a0, 0x00000000e6ab0000)
  to   space 21824K,   0% used [0x00000000e6ab0000, 0x00000000e6ab0000, 0x00000000e8000000)
 concurrent mark-sweep generation total 393216K, used 15676K [0x00000000e8000000, 0x0000000100000000, 0x0000000100000000)
 Metaspace       used 35065K, capacity 35660K, committed 35864K, reserved 1081344K
  class space    used 3875K, capacity 4090K, committed 4120K, reserved 1048576K
2017-12-14T03:30:47.175+0100: 15204,977: [GC (Allocation Failure) 2017-12-14T03:30:47.175+0100: 15204,977: [ParNew
Desired survivor size 20112992 bytes, new threshold 8 (max 8)
- age   1:    4045768 bytes,    4045768 total
- age   2:      29952 bytes,    4075720 total
- age   3:       3312 bytes,    4079032 total
- age   4:       9576 bytes,    4088608 total
- age   5:       7016 bytes,    4095624 total
- age   6:       3624 bytes,    4099248 total
- age   7:      33152 bytes,    4132400 total
- age   8:     204008 bytes,    4336408 total
: 91308K->6249K(109248K), 0,0083241 secs] 106985K->21926K(502464K), 0,0085855 secs] [Times: user=0,02 sys=0,00, real=0,00 secs] 
Heap after GC invocations=45 (full 1):
 par new generation   total 109248K, used 6249K [0x00000000e0000000, 0x00000000e8000000, 0x00000000e8000000)
  eden space 87424K,   0% used [0x00000000e0000000, 0x00000000e0000000, 0x00000000e5560000)
  from space 21824K,  28% used [0x00000000e6ab0000, 0x00000000e70ca418, 0x00000000e8000000)
  to   space 21824K,   0% used [0x00000000e5560000, 0x00000000e5560000, 0x00000000e6ab0000)
 concurrent mark-sweep generation total 393216K, used 15677K [0x00000000e8000000, 0x0000000100000000, 0x0000000100000000)
 Metaspace       used 35065K, capacity 35660K, committed 35864K, reserved 1081344K
  class space    used 3875K, capacity 4090K, committed 4120K, reserved 1048576K
}
2017-12-14T03:30:47.184+0100: 15204,986: Total time for which application threads were stopped: 0,0088379 seconds, Stopping threads took: 0,0000260 seconds
2017-12-14T03:31:40.796+0100: 15258,598: Total time for which application threads were stopped: 0,0002557 seconds, Stopping threads took: 0,0000743 seconds
2017-12-14T03:31:40.947+0100: 15258,749: Total time for which application threads were stopped: 0,0000966 seconds, Stopping threads took: 0,0000218 seconds
2017-12-14T03:33:53.056+0100: 15390,858: Total time for which application threads were stopped: 0,0001412 seconds, Stopping threads took: 0,0000465 seconds
2017-12-14T03:33:53.175+0100: 15390,977: Total time for which application threads were stopped: 0,0000977 seconds, Stopping threads took: 0,0000206 seconds
2017-12-14T03:35:01.824+0100: 15459,626: Total time for which application threads were stopped: 0,0001698 seconds, Stopping threads took: 0,0000400 seconds
2017-12-14T03:35:01.959+0100: 15459,761: Total time for which application threads were stopped: 0,0001014 seconds, Stopping threads took: 0,0000215 seconds
2017-12-14T03:36:42.340+0100: 15560,142: Total time for which application threads were stopped: 0,0001307 seconds, Stopping threads took: 0,0000403 seconds
{Heap before GC invocations=45 (full 1):
 par new generation   total 109248K, used 93673K [0x00000000e0000000, 0x00000000e8000000, 0x00000000e8000000)
  eden space 87424K, 100% used [0x00000000e0000000, 0x00000000e5560000, 0x00000000e5560000)
  from space 21824K,  28% used [0x00000000e6ab0000, 0x00000000e70ca418, 0x00000000e8000000)
  to   space 21824K,   0% used [0x00000000e5560000, 0x00000000e5560000, 0x00000000e6ab0000)
 concurrent mark-sweep generation total 393216K, used 15677K [0x00000000e8000000, 0x0000000100000000, 0x0000000100000000)
 Metaspace       used 35070K, capacity 35660K, committed 35864K, reserved 1081344K
  class space    used 3875K, capacity 4090K, committed 4120K, reserved 1048576K
2017-12-14T03:36:42.347+0100: 15560,149: [GC (Allocation Failure) 2017-12-14T03:36:42.347+0100: 15560,149: [ParNew
Desired survivor size 20112992 bytes, new threshold 8 (max 8)
- age   1:    1112816 bytes,    1112816 total
- age   2:       3064 bytes,    1115880 total
- age   3:       4568 bytes,    1120448 total
- age   4:       3280 bytes,    1123728 total
- age   5:       9576 bytes,    1133304 total
- age   6:       7016 bytes,    1140320 total
- age   7:       3624 bytes,    1143944 total
- age   8:      33152 bytes,    1177096 total
: 93673K->2852K(109248K), 0,0178321 secs] 109350K->18729K(502464K), 0,0181396 secs] [Times: user=0,03 sys=0,00, real=0,02 secs] 
Heap after GC invocations=46 (full 1):
 par new generation   total 109248K, used 2852K [0x00000000e0000000, 0x00000000e8000000, 0x00000000e8000000)
  eden space 87424K,   0% used [0x00000000e0000000, 0x00000000e0000000, 0x00000000e5560000)
  from space 21824K,  13% used [0x00000000e5560000, 0x00000000e58293e0, 0x00000000e6ab0000)
  to   space 21824K,   0% used [0x00000000e6ab0000, 0x00000000e6ab0000, 0x00000000e8000000)
 concurrent mark-sweep generation total 393216K, used 15876K [0x00000000e8000000, 0x0000000100000000, 0x0000000100000000)
 Metaspace       used 35070K, capacity 35660K, committed 35864K, reserved 1081344K
  class space    used 3875K, capacity 4090K, committed 4120K, reserved 1048576K
}
2017-12-14T03:36:42.365+0100: 15560,167: Total time for which application threads were stopped: 0,0184277 seconds, Stopping threads took: 0,0000367 seconds
2017-12-14T03:36:42.470+0100: 15560,272: Total time for which application threads were stopped: 0,0001394 seconds, Stopping threads took: 0,0000219 seconds
2017-12-14T03:36:42.579+0100: 15560,381: Total time for which application threads were stopped: 0,0000851 seconds, Stopping threads took: 0,0000231 seconds
2017-12-14T03:38:41.110+0100: 15678,912: Total time for which application threads were stopped: 0,0001888 seconds, Stopping threads took: 0,0000536 seconds
2017-12-14T03:38:41.226+0100: 15679,028: Total time for which application threads were stopped: 0,0000956 seconds, Stopping threads took: 0,0000216 seconds
2017-12-14T03:39:55.234+0100: 15753,036: Total time for which application threads were stopped: 0,0000779 seconds, Stopping threads took: 0,0000207 seconds
{Heap before GC invocations=46 (full 1):
 par new generation   total 109248K, used 90252K [0x00000000e0000000, 0x00000000e8000000, 0x00000000e8000000)
  eden space 87424K,  99% used [0x00000000e0000000, 0x00000000e5559df8, 0x00000000e5560000)
  from space 21824K,  13% used [0x00000000e5560000, 0x00000000e58293e0, 0x00000000e6ab0000)
  to   space 21824K,   0% used [0x00000000e6ab0000, 0x00000000e6ab0000, 0x00000000e8000000)
 concurrent mark-sweep generation total 393216K, used 15876K [0x00000000e8000000, 0x0000000100000000, 0x0000000100000000)
 Metaspace       used 35083K, capacity 35730K, committed 35864K, reserved 1081344K
  class space    used 3875K, capacity 4091K, committed 4120K, reserved 1048576K
2017-12-14T03:39:56.737+0100: 15754,539: [GC (Allocation Failure) 2017-12-14T03:39:56.738+0100: 15754,540: [ParNew
Desired survivor size 20112992 bytes, new threshold 8 (max 8)
- age   1:     412448 bytes,     412448 total
- age   2:      16232 bytes,     428680 total
- age   3:       2616 bytes,     431296 total
- age   4:       3240 bytes,     434536 total
- age   5:       3280 bytes,     437816 total
- age   6:       9576 bytes,     447392 total
- age   7:       7016 bytes,     454408 total
- age   8:       3624 bytes,     458032 total
: 90252K->932K(109248K), 0,0100737 secs] 106129K->16840K(502464K), 0,0104353 secs] [Times: user=0,02 sys=0,00, real=0,01 secs] 
Heap after GC invocations=47 (full 1):
 par new generation   total 109248K, used 932K [0x00000000e0000000, 0x00000000e8000000, 0x00000000e8000000)
  eden space 87424K,   0% used [0x00000000e0000000, 0x00000000e0000000, 0x00000000e5560000)
  from space 21824K,   4% used [0x00000000e6ab0000, 0x00000000e6b99150, 0x00000000e8000000)
  to   space 21824K,   0% used [0x00000000e5560000, 0x00000000e5560000, 0x00000000e6ab0000)
 concurrent mark-sweep generation total 393216K, used 15907K [0x00000000e8000000, 0x0000000100000000, 0x0000000100000000)
 Metaspace       used 35083K, capacity 35730K, committed 35864K, reserved 1081344K
  class space    used 3875K, capacity 4091K, committed 4120K, reserved 1048576K
}
2017-12-14T03:39:56.748+0100: 15754,550: Total time for which application threads were stopped: 0,0107854 seconds, Stopping threads took: 0,0000335 seconds
2017-12-14T03:40:07.749+0100: 15765,551: Total time for which application threads were stopped: 0,0000788 seconds, Stopping threads took: 0,0000214 seconds
2017-12-14T03:41:13.669+0100: 15831,471: Total time for which application threads were stopped: 0,0002793 seconds, Stopping threads took: 0,0000836 seconds
2017-12-14T03:41:13.843+0100: 15831,645: Total time for which application threads were stopped: 0,0001160 seconds, Stopping threads took: 0,0000273 seconds
2017-12-14T03:42:09.812+0100: 15887,614: Total time for which application threads were stopped: 0,0001348 seconds, Stopping threads took: 0,0000424 seconds
2017-12-14T03:42:09.812+0100: 15887,614: Total time for which application threads were stopped: 0,0000911 seconds, Stopping threads took: 0,0000361 seconds
2017-12-14T03:42:09.812+0100: 15887,614: Total time for which application threads were stopped: 0,0001183 seconds, Stopping threads took: 0,0000507 seconds
2017-12-14T03:42:09.815+0100: 15887,617: Total time for which application threads were stopped: 0,0001408 seconds, Stopping threads took: 0,0000326 seconds
2017-12-14T03:42:09.815+0100: 15887,617: Total time for which application threads were stopped: 0,0001043 seconds, Stopping threads took: 0,0000437 seconds
2017-12-14T03:42:09.816+0100: 15887,618: Total time for which application threads were stopped: 0,0001144 seconds, Stopping threads took: 0,0000598 seconds
2017-12-14T03:42:09.816+0100: 15887,618: Total time for which application threads were stopped: 0,0000892 seconds, Stopping threads took: 0,0000360 seconds
2017-12-14T03:42:09.945+0100: 15887,747: Total time for which application threads were stopped: 0,0001007 seconds, Stopping threads took: 0,0000349 seconds
2017-12-14T03:42:09.946+0100: 15887,748: Total time for which application threads were stopped: 0,0000836 seconds, Stopping threads took: 0,0000435 seconds
2017-12-14T03:42:09.947+0100: 15887,749: Total time for which application threads were stopped: 0,0006619 seconds, Stopping threads took: 0,0000256 seconds
2017-12-14T03:42:09.948+0100: 15887,750: Total time for which application threads were stopped: 0,0000709 seconds, Stopping threads took: 0,0000226 seconds
2017-12-14T03:42:09.948+0100: 15887,750: Total time for which application threads were stopped: 0,0000478 seconds, Stopping threads took: 0,0000145 seconds
2017-12-14T03:42:09.948+0100: 15887,750: Total time for which application threads were stopped: 0,0000444 seconds, Stopping threads took: 0,0000139 seconds
2017-12-14T03:42:09.948+0100: 15887,750: Total time for which application threads were stopped: 0,0000491 seconds, Stopping threads took: 0,0000156 seconds
2017-12-14T03:42:09.948+0100: 15887,750: Total time for which application threads were stopped: 0,0000432 seconds, Stopping threads took: 0,0000132 seconds
2017-12-14T03:42:09.948+0100: 15887,750: Total time for which application threads were stopped: 0,0000433 seconds, Stopping threads took: 0,0000136 seconds
2017-12-14T03:42:09.948+0100: 15887,750: Total time for which application threads were stopped: 0,0000436 seconds, Stopping threads took: 0,0000133 seconds
2017-12-14T03:42:09.948+0100: 15887,750: Total time for which application threads were stopped: 0,0000431 seconds, Stopping threads took: 0,0000132 seconds
2017-12-14T03:42:09.959+0100: 15887,761: Total time for which application threads were stopped: 0,0000941 seconds, Stopping threads took: 0,0000275 seconds
2017-12-14T03:42:09.959+0100: 15887,761: Total time for which application threads were stopped: 0,0000547 seconds, Stopping threads took: 0,0000188 seconds
2017-12-14T03:42:09.961+0100: 15887,763: Total time for which application threads were stopped: 0,0001335 seconds, Stopping threads took: 0,0000308 seconds
2017-12-14T03:42:09.961+0100: 15887,763: Total time for which application threads were stopped: 0,0000857 seconds, Stopping threads took: 0,0000505 seconds
2017-12-14T03:42:09.961+0100: 15887,763: Total time for which application threads were stopped: 0,0000600 seconds, Stopping threads took: 0,0000243 seconds
2017-12-14T03:42:09.962+0100: 15887,764: Total time for which application threads were stopped: 0,0000919 seconds, Stopping threads took: 0,0000235 seconds
2017-12-14T03:42:09.963+0100: 15887,765: Total time for which application threads were stopped: 0,0000545 seconds, Stopping threads took: 0,0000166 seconds
2017-12-14T03:42:09.963+0100: 15887,765: Total time for which application threads were stopped: 0,0000716 seconds, Stopping threads took: 0,0000339 seconds
2017-12-14T03:42:09.963+0100: 15887,765: Total time for which application threads were stopped: 0,0000497 seconds, Stopping threads took: 0,0000176 seconds
2017-12-14T03:42:09.963+0100: 15887,765: Total time for which application threads were stopped: 0,0000465 seconds, Stopping threads took: 0,0000151 seconds
2017-12-14T03:42:09.963+0100: 15887,765: Total time for which application threads were stopped: 0,0000457 seconds, Stopping threads took: 0,0000149 seconds
2017-12-14T03:42:09.963+0100: 15887,765: Total time for which application threads were stopped: 0,0001196 seconds, Stopping threads took: 0,0000671 seconds
2017-12-14T03:42:09.965+0100: 15887,767: Total time for which application threads were stopped: 0,0000798 seconds, Stopping threads took: 0,0000137 seconds
2017-12-14T03:42:09.965+0100: 15887,767: Total time for which application threads were stopped: 0,0000512 seconds, Stopping threads took: 0,0000248 seconds
2017-12-14T03:42:09.965+0100: 15887,767: Total time for which application threads were stopped: 0,0000376 seconds, Stopping threads took: 0,0000135 seconds
2017-12-14T03:42:09.966+0100: 15887,767: Total time for which application threads were stopped: 0,0000258 seconds, Stopping threads took: 0,0000056 seconds
2017-12-14T03:42:09.966+0100: 15887,768: Total time for which application threads were stopped: 0,0000890 seconds, Stopping threads took: 0,0000400 seconds
Heap
 par new generation   total 109248K, used 59404K [0x00000000e0000000, 0x00000000e8000000, 0x00000000e8000000)
  eden space 87424K,  66% used [0x00000000e0000000, 0x00000000e391a020, 0x00000000e5560000)
  from space 21824K,   4% used [0x00000000e6ab0000, 0x00000000e6b99150, 0x00000000e8000000)
  to   space 21824K,   0% used [0x00000000e5560000, 0x00000000e5560000, 0x00000000e6ab0000)
 concurrent mark-sweep generation total 393216K, used 15907K [0x00000000e8000000, 0x0000000100000000, 0x0000000100000000)
 Metaspace       used 35177K, capacity 35794K, committed 35864K, reserved 1081344K
  class space    used 3889K, capacity 4091K, committed 4120K, reserved 1048576K
